Archive member included to satisfy reference by file (symbol)

d:/aboutstm32/truestudio/truestudio for stm32 9.3.0/armtools/bin/../lib/gcc/arm-atollic-eabi/6.3.1/../../../../arm-atollic-eabi/lib/armv7-m\libc.a(lib_a-atoi.o)
                              App\module_4G\usart_4G.o (atoi)
d:/aboutstm32/truestudio/truestudio for stm32 9.3.0/armtools/bin/../lib/gcc/arm-atollic-eabi/6.3.1/../../../../arm-atollic-eabi/lib/armv7-m\libc.a(lib_a-init.o)
                              src\startup_stm32f10x_hd.o (__libc_init_array)
d:/aboutstm32/truestudio/truestudio for stm32 9.3.0/armtools/bin/../lib/gcc/arm-atollic-eabi/6.3.1/../../../../arm-atollic-eabi/lib/armv7-m\libc.a(lib_a-itoa.o)
                              App\powerBank\bat_usart.o (itoa)
d:/aboutstm32/truestudio/truestudio for stm32 9.3.0/armtools/bin/../lib/gcc/arm-atollic-eabi/6.3.1/../../../../arm-atollic-eabi/lib/armv7-m\libc.a(lib_a-memcmp.o)
                              App\module_4G\usart_4G.o (memcmp)
d:/aboutstm32/truestudio/truestudio for stm32 9.3.0/armtools/bin/../lib/gcc/arm-atollic-eabi/6.3.1/../../../../arm-atollic-eabi/lib/armv7-m\libc.a(lib_a-memcpy-stub.o)
                              App\module_4G\usart_4G.o (memcpy)
d:/aboutstm32/truestudio/truestudio for stm32 9.3.0/armtools/bin/../lib/gcc/arm-atollic-eabi/6.3.1/../../../../arm-atollic-eabi/lib/armv7-m\libc.a(lib_a-memset.o)
                              App\module_4G\usart_4G.o (memset)
d:/aboutstm32/truestudio/truestudio for stm32 9.3.0/armtools/bin/../lib/gcc/arm-atollic-eabi/6.3.1/../../../../arm-atollic-eabi/lib/armv7-m\libc.a(lib_a-printf.o)
                              App\Loyer_74HC165\L74hc165.o (printf)
d:/aboutstm32/truestudio/truestudio for stm32 9.3.0/armtools/bin/../lib/gcc/arm-atollic-eabi/6.3.1/../../../../arm-atollic-eabi/lib/armv7-m\libc.a(lib_a-puts.o)
                              App\Tim\tim4.o (puts)
d:/aboutstm32/truestudio/truestudio for stm32 9.3.0/armtools/bin/../lib/gcc/arm-atollic-eabi/6.3.1/../../../../arm-atollic-eabi/lib/armv7-m\libc.a(lib_a-reent.o)
                              src\syscalls.o (errno)
d:/aboutstm32/truestudio/truestudio for stm32 9.3.0/armtools/bin/../lib/gcc/arm-atollic-eabi/6.3.1/../../../../arm-atollic-eabi/lib/armv7-m\libc.a(lib_a-snprintf.o)
                              App\module_4G\usart_4G.o (snprintf)
d:/aboutstm32/truestudio/truestudio for stm32 9.3.0/armtools/bin/../lib/gcc/arm-atollic-eabi/6.3.1/../../../../arm-atollic-eabi/lib/armv7-m\libc.a(lib_a-sprintf.o)
                              App\module_4G\usart_4G.o (sprintf)
d:/aboutstm32/truestudio/truestudio for stm32 9.3.0/armtools/bin/../lib/gcc/arm-atollic-eabi/6.3.1/../../../../arm-atollic-eabi/lib/armv7-m\libc.a(lib_a-strcat.o)
                              App\powerBank\bat_usart.o (strcat)
d:/aboutstm32/truestudio/truestudio for stm32 9.3.0/armtools/bin/../lib/gcc/arm-atollic-eabi/6.3.1/../../../../arm-atollic-eabi/lib/armv7-m\libc.a(lib_a-strchr.o)
                              App\module_4G\usart_4G.o (strchr)
d:/aboutstm32/truestudio/truestudio for stm32 9.3.0/armtools/bin/../lib/gcc/arm-atollic-eabi/6.3.1/../../../../arm-atollic-eabi/lib/armv7-m\libc.a(lib_a-strcmp.o)
                              Public\usart.o (strcmp)
d:/aboutstm32/truestudio/truestudio for stm32 9.3.0/armtools/bin/../lib/gcc/arm-atollic-eabi/6.3.1/../../../../arm-atollic-eabi/lib/armv7-m\libc.a(lib_a-strcpy.o)
                              App\powerBank\bat_usart.o (strcpy)
d:/aboutstm32/truestudio/truestudio for stm32 9.3.0/armtools/bin/../lib/gcc/arm-atollic-eabi/6.3.1/../../../../arm-atollic-eabi/lib/armv7-m\libc.a(lib_a-strlen.o)
                              App\powerBank\bat_usart.o (strlen)
d:/aboutstm32/truestudio/truestudio for stm32 9.3.0/armtools/bin/../lib/gcc/arm-atollic-eabi/6.3.1/../../../../arm-atollic-eabi/lib/armv7-m\libc.a(lib_a-strncat.o)
                              App\powerBank\bat_usart.o (strncat)
d:/aboutstm32/truestudio/truestudio for stm32 9.3.0/armtools/bin/../lib/gcc/arm-atollic-eabi/6.3.1/../../../../arm-atollic-eabi/lib/armv7-m\libc.a(lib_a-strncmp.o)
                              Public\usart.o (strncmp)
d:/aboutstm32/truestudio/truestudio for stm32 9.3.0/armtools/bin/../lib/gcc/arm-atollic-eabi/6.3.1/../../../../arm-atollic-eabi/lib/armv7-m\libc.a(lib_a-strncpy.o)
                              Public\usart.o (strncpy)
d:/aboutstm32/truestudio/truestudio for stm32 9.3.0/armtools/bin/../lib/gcc/arm-atollic-eabi/6.3.1/../../../../arm-atollic-eabi/lib/armv7-m\libc.a(lib_a-strstr.o)
                              App\module_4G\usart_4G.o (strstr)
d:/aboutstm32/truestudio/truestudio for stm32 9.3.0/armtools/bin/../lib/gcc/arm-atollic-eabi/6.3.1/../../../../arm-atollic-eabi/lib/armv7-m\libc.a(lib_a-strtok.o)
                              App\module_4G\usart_4G.o (strtok)
d:/aboutstm32/truestudio/truestudio for stm32 9.3.0/armtools/bin/../lib/gcc/arm-atollic-eabi/6.3.1/../../../../arm-atollic-eabi/lib/armv7-m\libc.a(lib_a-strtok_r.o)
[...]
Memory Configuration

Name             Origin             Length             Attributes
FLASH            0x08010000         0x00030000         xr
RAM              0x20000000         0x0000c000         xrw
MEMORY_B1        0x60000000         0x00000000         xr
*default*        0x00000000         0xffffffff

Linker script and memory map

LOAD d:/aboutstm32/truestudio/truestudio for stm32 9.3.0/armtools/bin/../lib/gcc/arm-atollic-eabi/6.3.1/armv7-m/crti.o
LOAD d:/aboutstm32/truestudio/truestudio for stm32 9.3.0/armtools/bin/../lib/gcc/arm-atollic-eabi/6.3.1/armv7-m/crtbegin.o
LOAD App\Loyer_74HC165\L74hc165.o
LOAD App\Loyer_74HC595\L74HC595.o
LOAD App\Tim\tim4.o
LOAD App\audio\audio.o
LOAD App\flash\STMFlash.o
LOAD App\led\led.o
LOAD App\module_4G\usart_4G.o
LOAD App\motor\motor.o
LOAD App\powerBank\bat_usart.o
LOAD App\powerBank\charge.o
LOAD App\tcp\public\tcp_public.o
LOAD App\tcp\tcp_process.o
LOAD App\util\base64.o
LOAD App\wifi\wifi.o
LOAD Libraries\STM32F10x_StdPeriph_Driver\src\misc.o
LOAD Libraries\STM32F10x_StdPeriph_Driver\src\stm32f10x_adc.o
LOAD Libraries\STM32F10x_StdPeriph_Driver\src\stm32f10x_bkp.o
LOAD Libraries\STM32F10x_StdPeriph_Driver\src\stm32f10x_can.o
LOAD Libraries\STM32F10x_StdPeriph_Driver\src\stm32f10x_cec.o
LOAD Libraries\STM32F10x_StdPeriph_Driver\src\stm32f10x_crc.o
LOAD Libraries\STM32F10x_StdPeriph_Driver\src\stm32f10x_dac.o
LOAD Libraries\STM32F10x_StdPeriph_Driver\src\stm32f10x_dbgmcu.o
LOAD Libraries\STM32F10x_StdPeriph_Driver\src\stm32f10x_dma.o
LOAD Libraries\STM32F10x_StdPeriph_Driver\src\stm32f10x_exti.o
LOAD Libraries\STM32F10x_StdPeriph_Driver\src\stm32f10x_flash.o
LOAD Libraries\STM32F10x_StdPeriph_Driver\src\stm32f10x_fsmc.o
LOAD Libraries\STM32F10x_StdPeriph_Driver\src\stm32f10x_gpio.o
LOAD Libraries\STM32F10x_StdPeriph_Driver\src\stm32f10x_i2c.o
LOAD Libraries\STM32F10x_StdPeriph_Driver\src\stm32f10x_iwdg.o
LOAD Libraries\STM32F10x_StdPeriph_Driver\src\stm32f10x_pwr.o
LOAD Libraries\STM32F10x_StdPeriph_Driver\src\stm32f10x_rcc.o
LOAD Libraries\STM32F10x_StdPeriph_Driver\src\stm32f10x_rtc.o
LOAD Libraries\STM32F10x_StdPeriph_Driver\src\stm32f10x_sdio.o
LOAD Libraries\STM32F10x_StdPeriph_Driver\src\stm32f10x_spi.o
LOAD Libraries\STM32F10x_StdPeriph_Driver\src\stm32f10x_tim.o
LOAD Libraries\STM32F10x_StdPeriph_Driver\src\stm32f10x_usart.o
LOAD Libraries\STM32F10x_StdPeriph_Driver\src\stm32f10x_wwdg.o
LOAD MALLOC\malloc.o
LOAD Public\bit_band.o
LOAD Public\systick.o
LOAD Public\usart.o
LOAD src\app.o
LOAD src\main.o
LOAD src\startup_stm32f10x_hd.o
LOAD src\stm32f1xx_it.o
LOAD src\syscalls.o
LOAD src\system_stm32f10x.o
                0x00000080                malloc_getpagesize_P = 0x80
START GROUP
LOAD d:/aboutstm32/truestudio/truestudio for stm32 9.3.0/armtools/bin/../lib/gcc/arm-atollic-eabi/6.3.1/../../../../arm-atollic-eabi/lib/armv7-m\libc.a
LOAD d:/aboutstm32/truestudio/truestudio for stm32 9.3.0/armtools/bin/../lib/gcc/arm-atollic-eabi/6.3.1/../../../../arm-atollic-eabi/lib/armv7-m\libm.a
END GROUP
START GROUP
LOAD d:/aboutstm32/truestudio/truestudio for stm32 9.3.0/armtools/bin/../lib/gcc/arm-atollic-eabi/6.3.1/armv7-m\libgcc.a
LOAD d:/aboutstm32/truestudio/truestudio for stm32 9.3.0/armtools/bin/../lib/gcc/arm-atollic-eabi/6.3.1/../../../../arm-atollic-eabi/lib/armv7-m\libc.a
END GROUP
START GROUP
LOAD d:/aboutstm32/truestudio/truestudio for stm32 9.3.0/armtools/bin/../lib/gcc/arm-atollic-eabi/6.3.1/armv7-m\libgcc.a
LOAD d:/aboutstm32/truestudio/truestudio for stm32 9.3.0/armtools/bin/../lib/gcc/arm-atollic-eabi/6.3.1/../../../../arm-atollic-eabi/lib/armv7-m\libc.a
LOAD d:/aboutstm32/truestudio/truestudio for stm32 9.3.0/armtools/bin/../lib/gcc/arm-atollic-eabi/6.3.1/../../../../arm-atollic-eabi/lib/armv7-m\libnosys.a
END GROUP
LOAD d:/aboutstm32/truestudio/truestudio for stm32 9.3.0/armtools/bin/../lib/gcc/arm-atollic-eabi/6.3.1/armv7-m/crtend.o
LOAD d:/aboutstm32/truestudio/truestudio for stm32 9.3.0/armtools/bin/../lib/gcc/arm-atollic-eabi/6.3.1/armv7-m/crtn.o
                0x2000c000                _estack = 0x2000c000
                0x00000000                _Min_Heap_Size = 0x0
                0x00000200                _Min_Stack_Size = 0x200

.isr_vector     0x08010000      0x1e4
                0x08010000                . = ALIGN (0x4)
 *(.isr_vector)
 .isr_vector    0x08010000      0x1e4 src\startup_stm32f10x_hd.o
                0x08010000                g_pfnVectors
                0x080101e4                . = ALIGN (0x4)

.text           0x080101e8     0xb77c
                0x080101e8                . = ALIGN (0x4)
 *(.text)
 .text          0x080101e8       0x40 d:/aboutstm32/truestudio/truestudio for stm32 9.3.0/armtools/bin/../lib/gcc/arm-atollic-eabi/6.3.1/armv7-m/crtbegin.o
 .text          0x08010228       0x14 d:/aboutstm32/truestudio/truestudio for stm32 9.3.0/armtools/bin/../lib/gcc/arm-atollic-eabi/6.3.1/../../../../arm-atollic-eabi/lib/armv7-m\libc.a(lib_a-strcmp.o)
                0x08010228                strcmp
 .text          0x0801023c       0x10 d:/aboutstm32/truestudio/truestudio for stm32 9.3.0/armtools/bin/../lib/gcc/arm-atollic-eabi/6.3.1/../../../../arm-atollic-eabi/lib/armv7-m\libc.a(lib_a-strlen.o)
                0x0801023c                strlen
 .text          0x0801024c      0x370 d:/aboutstm32/truestudio/truestudio for stm32 9.3.0/armtools/bin/../lib/gcc/arm-atollic-eabi/6.3.1/armv7-m\libgcc.a(_arm_addsubdf3.o)
                0x0801024c                __aeabi_drsub
                0x08010254                __aeabi_dsub
                0x08010254                __subdf3
                0x08010258                __aeabi_dadd
                0x08010258                __adddf3
                0x080104d0                __floatunsidf
                0x080104d0                __aeabi_ui2d
                0x080104f0                __floatsidf
                0x080104f0                __aeabi_i2d
                0x08010514                __aeabi_f2d
                0x08010514                __extendsfdf2
                0x08010550                __floatundidf
                0x08010550                __aeabi_ul2d
                0x08010560                __floatdidf
                0x08010560                __aeabi_l2d
 .text          0x080105bc      0x424 d:/aboutstm32/truestudio/truestudio for stm32 9.3.0/armtools/bin/../lib/gcc/arm-atollic-eabi/6.3.1/armv7-m\libgcc.a(_arm_muldivdf3.o)
                0x080105bc                __aeabi_dmul
                0x080105bc                __muldf3
                0x08010810                __divdf3
                0x08010810                __aeabi_ddiv
 .text          0x080109e0      0x110 d:/aboutstm32/truestudio/truestudio for stm32 9.3.0/armtools/bin/../lib/gcc/arm-atollic-eabi/6.3.1/armv7-m\libgcc.a(_arm_cmpdf2.o)
                0x080109e0                __gtdf2
                0x080109e0                __gedf2
                0x080109e8                __ltdf2
                0x080109e8                __ledf2
                0x080109f0                __nedf2
                0x080109f0                __eqdf2
                0x080109f0                __cmpdf2
                0x08010a6c                __aeabi_cdrcmple
                0x08010a7c                __aeabi_cdcmpeq
                0x08010a7c                __aeabi_cdcmple
                0x08010a8c                __aeabi_dcmpeq
                0x08010aa0                __aeabi_dcmplt
                0x08010ab4                __aeabi_dcmple
                0x08010ac8                __aeabi_dcmpge
                0x08010adc                __aeabi_dcmpgt
 .text          0x08010af0       0x2c d:/aboutstm32/truestudio/truestudio for stm32 9.3.0/armtools/bin/../lib/gcc/arm-atollic-eabi/6.3.1/armv7-m\libgcc.a(_arm_unorddf2.o)
                0x08010af0                __unorddf2
                0x08010af0                __aeabi_dcmpun
 .text          0x08010b1c       0x50 d:/aboutstm32/truestudio/truestudio for stm32 9.3.0/armtools/bin/../lib/gcc/arm-atollic-eabi/6.3.1/armv7-m\libgcc.a(_arm_fixdfsi.o)
                0x08010b1c                __aeabi_d2iz
                0x08010b1c                __fixdfsi
 .text          0x08010b6c       0x30 d:/aboutstm32/truestudio/truestudio for stm32 9.3.0/armtools/bin/../lib/gcc/arm-atollic-eabi/6.3.1/armv7-m\libgcc.a(_aeabi_uldivmod.o)
                0x08010b6c                __aeabi_uldivmod
 .text          0x08010b9c      0x2dc d:/aboutstm32/truestudio/truestudio for stm32 9.3.0/armtools/bin/../lib/gcc/arm-atollic-eabi/6.3.1/armv7-m\libgcc.a(_udivmoddi4.o)
                0x08010b9c                __udivmoddi4
 .text          0x08010e78        0x4 d:/aboutstm32/truestudio/truestudio for stm32 9.3.0/armtools/bin/../lib/gcc/arm-atollic-eabi/6.3.1/armv7-m\libgcc.a(_dvmd_tls.o)
                0x08010e78                __aeabi_idiv0
                0x08010e78                __aeabi_ldiv0
 *(.text*)
 .text.Init_74HC165
                0x08010e7c       0x64 App\Loyer_74HC165\L74hc165.o
                0x08010e7c                Init_74HC165
 .text.read_74HC165
                0x08010ee0       0xe8 App\Loyer_74HC165\L74hc165.o
                0x08010ee0                read_74HC165
 .text.Init_74HC595
                0x08010fc8       0x74 App\Loyer_74HC595\L74HC595.o
                0x08010fc8                Init_74HC595
 .text.HC595_Send_Byte
                0x0801103c       0x7c App\Loyer_74HC595\L74HC595.o
                0x0801103c                HC595_Send_Byte
 .text.ledON    0x080110b8       0x4c App\Loyer_74HC595\L74HC595.o
                0x080110b8                ledON
 .text.ledOFF   0x08011104       0x48 App\Loyer_74HC595\L74HC595.o
                0x08011104                ledOFF
 .text.ledBLINK
                0x0801114c       0x48 App\Loyer_74HC595\L74HC595.o
                0x0801114c                ledBLINK
 .text.TIM4_Init
                0x08011194       0x7c App\Tim\tim4.o
                0x08011194                TIM4_Init
 .text.TIM4_IRQHandler
                0x08011210      0x3f0 App\Tim\tim4.o
                0x08011210                TIM4_IRQHandler
 .text.Init_Audio
                0x08011600       0x38 App\audio\audio.o
                0x08011600                Init_Audio
 .text.play_audio
                0x08011638       0x58 App\audio\audio.o
                0x08011638                play_audio
 .text.STMFLASH_ReadHalfWord
                0x08011690       0x18 App\flash\STMFlash.o
                0x08011690                STMFLASH_ReadHalfWord
 .text.STMFLASH_Write_NoCheck
                0x080116a8       0x42 App\flash\STMFlash.o
                0x080116a8                STMFLASH_Write_NoCheck
 *fill*         0x080116ea        0x2 
 .text.STMFLASH_Write
                0x080116ec      0x150 App\flash\STMFlash.o
                0x080116ec                STMFLASH_Write
 .text.STMFLASH_Read
                0x0801183c       0x42 App\flash\STMFlash.o
                0x0801183c                STMFLASH_Read
 *fill*         0x0801187e        0x2 
 .text.ReadDeviceID
                0x08011880       0x1c App\flash\STMFlash.o
                0x08011880                ReadDeviceID
 .text.ReadVersion
                0x0801189c       0x1c App\flash\STMFlash.o
                0x0801189c                ReadVersion
 .text.ReadAPPServer
                0x080118b8       0x1c App\flash\STMFlash.o
                0x080118b8                ReadAPPServer
 .text.WriteIgnoreLock
                0x080118d4       0x34 App\flash\STMFlash.o
                0x080118d4                WriteIgnoreLock
 .text.ReadIgnoreLock
                0x08011908       0x2c App\flash\STMFlash.o
                0x08011908                ReadIgnoreLock
 .text.Init_led
                0x08011934       0x50 App\led\led.o
                0x08011934                Init_led
 .text.NVIC_SystemReset
                0x08011984       0x28 App\module_4G\usart_4G.o
 .text.USART2_Init
                0x080119ac       0xbc App\module_4G\usart_4G.o
                0x080119ac                USART2_Init
 .text.F4G_Init
                0x08011a68      0x1e4 App\module_4G\usart_4G.o
                0x08011a68                F4G_Init
 .text.USART2_IRQHandler
                0x08011c4c      0x194 App\module_4G\usart_4G.o
                0x08011c4c                USART2_IRQHandler
 .text.split    0x08011de0       0x78 App\module_4G\usart_4G.o
                0x08011de0                split
 .text.ConnectToServerBy4G
                0x08011e58      0x1f8 App\module_4G\usart_4G.o
                0x08011e58                ConnectToServerBy4G
 .text.F4G_sendStr
                0x08012050       0x90 App\module_4G\usart_4G.o
                0x08012050                F4G_sendStr
 .text.F4G_ExitUnvarnishSend
                0x080120e0       0x28 App\module_4G\usart_4G.o
                0x080120e0                F4G_ExitUnvarnishSend
 .text.getModuleMes
                0x08012108      0x1e0 App\module_4G\usart_4G.o
                0x08012108                getModuleMes
 .text.communicateWithHost
                0x080122e8       0x50 App\module_4G\usart_4G.o
                0x080122e8                communicateWithHost
 .text.catRequestStr
                0x08012338       0x54 App\module_4G\usart_4G.o
                0x08012338                catRequestStr
 .text.request  0x0801238c       0x34 App\module_4G\usart_4G.o
                0x0801238c                request
 .text.common_heart
                0x080123c0       0x7c App\module_4G\usart_4G.o
                0x080123c0                common_heart
 .text.currentPortStatuChanged
                0x0801243c       0x7c App\module_4G\usart_4G.o
                0x0801243c                currentPortStatuChanged
 .text.request2Server
                0x080124b8       0x30 App\module_4G\usart_4G.o
                0x080124b8                request2Server
 .text.Init_Motor
                0x080124e8       0x98 App\motor\motor.o
                0x080124e8                Init_Motor
 .text.motor_run
                0x08012580      0x104 App\motor\motor.o
                0x08012580                motor_run
 .text.popUP_powerBank
                0x08012684      0x29c App\motor\motor.o
                0x08012684                popUP_powerBank
 .text.popUP_All
                0x08012920       0x98 App\motor\motor.o
                0x08012920                popUP_All
 .text.motor_stop
                0x080129b8       0xc0 App\motor\motor.o
                0x080129b8                motor_stop
 .text.USART3_Init
                0x08012a78       0xbc App\powerBank\bat_usart.o
                0x08012a78                USART3_Init
 .text.Init_Bat_Usart
                0x08012b34       0x5c App\powerBank\bat_usart.o
                0x08012b34                Init_Bat_Usart
 .text.communicateWithPort
                0x08012b90       0xec App\powerBank\bat_usart.o
                0x08012b90                communicateWithPort
 .text.communicationTest
                0x08012c7c       0x88 App\powerBank\bat_usart.o
                0x08012c7c                communicationTest
 .text.checkPowerbankStatus
                0x08012d04      0x1ec App\powerBank\bat_usart.o
                0x08012d04                checkPowerbankStatus
 .text.setBATInstruction
                0x08012ef0       0xe0 App\powerBank\bat_usart.o
                0x08012ef0                setBATInstruction
 .text.BSP_UART_SendOneByte
                0x08012fd0       0x34 App\powerBank\bat_usart.o
                0x08012fd0                BSP_UART_SendOneByte
 .text.get_crc  0x08013004       0x78 App\powerBank\bat_usart.o
                0x08013004                get_crc
 .text.get_crc_2
                0x0801307c       0x7a App\powerBank\bat_usart.o
                0x0801307c                get_crc_2
 *fill*         0x080130f6        0x2 
 .text.BSP_UART_SendMultipleBytes
                0x080130f8       0x40 App\powerBank\bat_usart.o
                0x080130f8                BSP_UART_SendMultipleBytes
 .text.app_frame_anasys
                0x08013138       0x94 App\powerBank\bat_usart.o
                0x08013138                app_frame_anasys
 .text.app_cmd_anasys
                0x080131cc      0x164 App\powerBank\bat_usart.o
                0x080131cc                app_cmd_anasys
 .text.controlPowerbank
                0x08013330       0x52 App\powerBank\bat_usart.o
                0x08013330                controlPowerbank
 *fill*         0x08013382        0x2 
 .text.USART3_IRQHandler
                0x08013384       0xe0 App\powerBank\bat_usart.o
                0x08013384                USART3_IRQHandler
 .text.Init_BAT_Charge
                0x08013464       0x88 App\powerBank\charge.o
                0x08013464                Init_BAT_Charge
 .text.controlPowerBankCharge
                0x080134ec       0x8c App\powerBank\charge.o
                0x080134ec                controlPowerBankCharge
 .text.itoa     0x08013578       0xc0 App\tcp\public\tcp_public.o
 .text._USART_printf
                0x08013638      0x148 App\tcp\public\tcp_public.o
                0x08013638                _USART_printf
 .text.Send_AT_Cmd
                0x08013780      0x110 App\tcp\public\tcp_public.o
                0x08013780                Send_AT_Cmd
 .text.AT_Test  0x08013890       0xb8 App\tcp\public\tcp_public.o
                0x08013890                AT_Test
 .text.NVIC_SystemReset
                0x08013948       0x28 App\tcp\tcp_process.o
 .text.TCP_sendStr
                0x08013970       0xb0 App\tcp\tcp_process.o
                0x08013970                TCP_sendStr
 .text.getRequestStrWithoutParam
                0x08013a20       0x38 App\tcp\tcp_process.o
                0x08013a20                getRequestStrWithoutParam
 .text.getPowerbankSTAStr
                0x08013a58       0xc4 App\tcp\tcp_process.o
                0x08013a58                getPowerbankSTAStr
 .text.getPowerbankSTAStrWithoutRSSI
                0x08013b1c       0x80 App\tcp\tcp_process.o
                0x08013b1c                getPowerbankSTAStrWithoutRSSI
 .text.ProcessServerCmd
                0x08013b9c      0x1fc App\tcp\tcp_process.o
                0x08013b9c                ProcessServerCmd
 .text.systemPopup
                0x08013d98      0x120 App\tcp\tcp_process.o
                0x08013d98                systemPopup
 .text.orderPopup
                0x08013eb8      0x13c App\tcp\tcp_process.o
                0x08013eb8                orderPopup
 .text.modifyLockSTA
                0x08013ff4       0x50 App\tcp\tcp_process.o
                0x08013ff4                modifyLockSTA
 .text.forceHeart
                0x08014044       0x88 App\tcp\tcp_process.o
                0x08014044                forceHeart
 .text.responseReset
                0x080140cc       0x2a App\tcp\tcp_process.o
                0x080140cc                responseReset
 *fill*         0x080140f6        0x2 
 .text.base64_encode
                0x080140f8      0x19c App\util\base64.o
                0x080140f8                base64_encode
 .text.num_strchr
                0x08014294       0x32 App\util\base64.o
                0x08014294                num_strchr
 *fill*         0x080142c6        0x2 
 .text.base64_decode
                0x080142c8      0x140 App\util\base64.o
                0x080142c8                base64_decode
 .text.UART4_IRQHandler
                0x08014408      0x180 App\wifi\wifi.o
                0x08014408                UART4_IRQHandler
 .text.NVIC_PriorityGroupConfig
                0x08014588       0x24 Libraries\STM32F10x_StdPeriph_Driver\src\misc.o
                0x08014588                NVIC_PriorityGroupConfig
 .text.NVIC_Init
                0x080145ac       0xc4 Libraries\STM32F10x_StdPeriph_Driver\src\misc.o
                0x080145ac                NVIC_Init
 .text.NVIC_SetVectorTable
                0x08014670       0x2c Libraries\STM32F10x_StdPeriph_Driver\src\misc.o
                0x08014670                NVIC_SetVectorTable
 .text.SysTick_CLKSourceConfig
                0x0801469c       0x38 Libraries\STM32F10x_StdPeriph_Driver\src\misc.o
                0x0801469c                SysTick_CLKSourceConfig
 .text.FLASH_SetLatency
                0x080146d4       0x38 Libraries\STM32F10x_StdPeriph_Driver\src\stm32f10x_flash.o
                0x080146d4                FLASH_SetLatency
 .text.FLASH_PrefetchBufferCmd
                0x0801470c       0x30 Libraries\STM32F10x_StdPeriph_Driver\src\stm32f10x_flash.o
                0x0801470c                FLASH_PrefetchBufferCmd
 .text.FLASH_Unlock
                0x0801473c       0x24 Libraries\STM32F10x_StdPeriph_Driver\src\stm32f10x_flash.o
                0x0801473c                FLASH_Unlock
 .text.FLASH_Lock
                0x08014760       0x1c Libraries\STM32F10x_StdPeriph_Driver\src\stm32f10x_flash.o
                0x08014760                FLASH_Lock
 .text.FLASH_ErasePage
                0x0801477c       0x64 Libraries\STM32F10x_StdPeriph_Driver\src\stm32f10x_flash.o
                0x0801477c                FLASH_ErasePage
 .text.FLASH_ProgramHalfWord
                0x080147e0       0x5c Libraries\STM32F10x_StdPeriph_Driver\src\stm32f10x_flash.o
                0x080147e0                FLASH_ProgramHalfWord
 .text.FLASH_GetBank1Status
                0x0801483c       0x54 Libraries\STM32F10x_StdPeriph_Driver\src\stm32f10x_flash.o
                0x0801483c                FLASH_GetBank1Status
 .text.FLASH_WaitForLastOperation
                0x08014890       0x44 Libraries\STM32F10x_StdPeriph_Driver\src\stm32f10x_flash.o
                0x08014890                FLASH_WaitForLastOperation
 .text.GPIO_Init
                0x080148d4      0x178 Libraries\STM32F10x_StdPeriph_Driver\src\stm32f10x_gpio.o
                0x080148d4                GPIO_Init
 .text.GPIO_ReadInputDataBit
                0x08014a4c       0x32 Libraries\STM32F10x_StdPeriph_Driver\src\stm32f10x_gpio.o
                0x08014a4c                GPIO_ReadInputDataBit
 .text.GPIO_SetBits
                0x08014a7e       0x1c Libraries\STM32F10x_StdPeriph_Driver\src\stm32f10x_gpio.o
                0x08014a7e                GPIO_SetBits
 .text.GPIO_ResetBits
                0x08014a9a       0x1c Libraries\STM32F10x_StdPeriph_Driver\src\stm32f10x_gpio.o
                0x08014a9a                GPIO_ResetBits
 *fill*         0x08014ab6        0x2 
 .text.GPIO_PinRemapConfig
                0x08014ab8       0xe0 Libraries\STM32F10x_StdPeriph_Driver\src\stm32f10x_gpio.o
                0x08014ab8                GPIO_PinRemapConfig
 .text.RCC_DeInit
                0x08014b98       0x5c Libraries\STM32F10x_StdPeriph_Driver\src\stm32f10x_rcc.o
                0x08014b98                RCC_DeInit
 .text.RCC_HSICmd
                0x08014bf4       0x20 Libraries\STM32F10x_StdPeriph_Driver\src\stm32f10x_rcc.o
                0x08014bf4                RCC_HSICmd
 .text.RCC_PLLConfig
                0x08014c14       0x3c Libraries\STM32F10x_StdPeriph_Driver\src\stm32f10x_rcc.o
                0x08014c14                RCC_PLLConfig
 .text.RCC_PLLCmd
                0x08014c50       0x20 Libraries\STM32F10x_StdPeriph_Driver\src\stm32f10x_rcc.o
                0x08014c50                RCC_PLLCmd
 .text.RCC_SYSCLKConfig
                0x08014c70       0x38 Libraries\STM32F10x_StdPeriph_Driver\src\stm32f10x_rcc.o
                0x08014c70                RCC_SYSCLKConfig
 .text.RCC_GetSYSCLKSource
                0x08014ca8       0x1c Libraries\STM32F10x_StdPeriph_Driver\src\stm32f10x_rcc.o
                0x08014ca8                RCC_GetSYSCLKSource
 .text.RCC_HCLKConfig
                0x08014cc4       0x38 Libraries\STM32F10x_StdPeriph_Driver\src\stm32f10x_rcc.o
                0x08014cc4                RCC_HCLKConfig
 .text.RCC_PCLK1Config
                0x08014cfc       0x38 Libraries\STM32F10x_StdPeriph_Driver\src\stm32f10x_rcc.o
                0x08014cfc                RCC_PCLK1Config
 .text.RCC_PCLK2Config
                0x08014d34       0x38 Libraries\STM32F10x_StdPeriph_Driver\src\stm32f10x_rcc.o
                0x08014d34                RCC_PCLK2Config
 .text.RCC_GetClocksFreq
                0x08014d6c      0x160 Libraries\STM32F10x_StdPeriph_Driver\src\stm32f10x_rcc.o
                0x08014d6c                RCC_GetClocksFreq
 .text.RCC_APB2PeriphClockCmd
                0x08014ecc       0x3c Libraries\STM32F10x_StdPeriph_Driver\src\stm32f10x_rcc.o
                0x08014ecc                RCC_APB2PeriphClockCmd
 .text.RCC_APB1PeriphClockCmd
                0x08014f08       0x3c Libraries\STM32F10x_StdPeriph_Driver\src\stm32f10x_rcc.o
                0x08014f08                RCC_APB1PeriphClockCmd
 .text.RCC_APB2PeriphResetCmd
                0x08014f44       0x3c Libraries\STM32F10x_StdPeriph_Driver\src\stm32f10x_rcc.o
                0x08014f44                RCC_APB2PeriphResetCmd
 .text.RCC_APB1PeriphResetCmd
                0x08014f80       0x3c Libraries\STM32F10x_StdPeriph_Driver\src\stm32f10x_rcc.o
                0x08014f80                RCC_APB1PeriphResetCmd
 .text.RCC_GetFlagStatus
                0x08014fbc       0x74 Libraries\STM32F10x_StdPeriph_Driver\src\stm32f10x_rcc.o
                0x08014fbc                RCC_GetFlagStatus
 .text.TIM_DeInit
                0x08015030      0x22c Libraries\STM32F10x_StdPeriph_Driver\src\stm32f10x_tim.o
                0x08015030                TIM_DeInit
 .text.TIM_TimeBaseInit
                0x0801525c       0xf8 Libraries\STM32F10x_StdPeriph_Driver\src\stm32f10x_tim.o
                0x0801525c                TIM_TimeBaseInit
 .text.TIM_Cmd  0x08015354       0x3e Libraries\STM32F10x_StdPeriph_Driver\src\stm32f10x_tim.o
                0x08015354                TIM_Cmd
 .text.TIM_ITConfig
                0x08015392       0x46 Libraries\STM32F10x_StdPeriph_Driver\src\stm32f10x_tim.o
                0x08015392                TIM_ITConfig
 .text.TIM_GetITStatus
                0x080153d8       0x52 Libraries\STM32F10x_StdPeriph_Driver\src\stm32f10x_tim.o
                0x080153d8                TIM_GetITStatus
 .text.TIM_ClearITPendingBit
                0x0801542a       0x20 Libraries\STM32F10x_StdPeriph_Driver\src\stm32f10x_tim.o
                0x0801542a                TIM_ClearITPendingBit
 *fill*         0x0801544a        0x2 
 .text.USART_DeInit
                0x0801544c       0xb8 Libraries\STM32F10x_StdPeriph_Driver\src\stm32f10x_usart.o
                0x0801544c                USART_DeInit
 .text.USART_Init
                0x08015504      0x174 Libraries\STM32F10x_StdPeriph_Driver\src\stm32f10x_usart.o
                0x08015504                USART_Init
 .text.USART_Cmd
                0x08015678       0x3e Libraries\STM32F10x_StdPeriph_Driver\src\stm32f10x_usart.o
                0x08015678                USART_Cmd
 .text.USART_ITConfig
                0x080156b6       0x8e Libraries\STM32F10x_StdPeriph_Driver\src\stm32f10x_usart.o
                0x080156b6                USART_ITConfig
 .text.USART_SendData
                0x08015744       0x22 Libraries\STM32F10x_StdPeriph_Driver\src\stm32f10x_usart.o
                0x08015744                USART_SendData
 .text.USART_ReceiveData
                0x08015766       0x1e Libraries\STM32F10x_StdPeriph_Driver\src\stm32f10x_usart.o
                0x08015766                USART_ReceiveData
 .text.USART_GetFlagStatus
                0x08015784       0x36 Libraries\STM32F10x_StdPeriph_Driver\src\stm32f10x_usart.o
                0x08015784                USART_GetFlagStatus
 .text.USART_ClearFlag
                0x080157ba       0x20 Libraries\STM32F10x_StdPeriph_Driver\src\stm32f10x_usart.o
                0x080157ba                USART_ClearFlag
 .text.USART_GetITStatus
                0x080157da       0xb4 Libraries\STM32F10x_StdPeriph_Driver\src\stm32f10x_usart.o
                0x080157da                USART_GetITStatus
 .text.USART_ClearITPendingBit
                0x0801588e       0x38 Libraries\STM32F10x_StdPeriph_Driver\src\stm32f10x_usart.o
                0x0801588e                USART_ClearITPendingBit
 .text.my_mem_set
                0x080158c6       0x32 MALLOC\malloc.o
                0x080158c6                my_mem_set
 .text.my_mem_init
                0x080158f8       0x34 MALLOC\malloc.o
                0x080158f8                my_mem_init
 .text.my_mem_perused
                0x0801592c       0x58 MALLOC\malloc.o
                0x0801592c                my_mem_perused
 .text.my_mem_malloc
                0x08015984       0xc8 MALLOC\malloc.o
                0x08015984                my_mem_malloc
 .text.my_mem_free
                0x08015a4c       0x74 MALLOC\malloc.o
                0x08015a4c                my_mem_free
 .text.myfree   0x08015ac0       0x2c MALLOC\malloc.o
                0x08015ac0                myfree
 .text.mymalloc
                0x08015aec       0x34 MALLOC\malloc.o
                0x08015aec                mymalloc
 .text.SysTick_Init
                0x08015b20       0x44 Public\systick.o
                0x08015b20                SysTick_Init
 .text.delay_us
                0x08015b64       0x68 Public\systick.o
                0x08015b64                delay_us
 .text.delay_ms
                0x08015bcc       0x68 Public\systick.o
                0x08015bcc                delay_ms
 .text.USART1_Init
                0x08015c34      0x20c Public\usart.o
                0x08015c34                USART1_Init
 .text.USART1_IRQHandler
                0x08015e40      0x468 Public\usart.o
                0x08015e40                USART1_IRQHandler
 .text.hexStr2Byte
                0x080162a8       0x58 Public\usart.o
                0x080162a8                hexStr2Byte
 .text.HSI_SetSysClock
                0x08016300       0x84 src\main.o
                0x08016300                HSI_SetSysClock
 .text.main     0x08016384      0x19c src\main.o
                0x08016384                main
 .text.Reset_Handler
                0x08016520       0x50 src\startup_stm32f10x_hd.o
                0x08016520                Reset_Handler
 .text.Default_Handler
                0x08016570        0x2 src\startup_stm32f10x_hd.o
                0x08016570                EXTI2_IRQHandler
                0x08016570                TIM8_TRG_COM_IRQHandler
                0x08016570                TIM8_CC_IRQHandler
                0x08016570                TIM1_CC_IRQHandler
                0x08016570                TIM6_IRQHandler
                0x08016570                PVD_IRQHandler
                0x08016570                SDIO_IRQHandler
                0x08016570                EXTI3_IRQHandler
                0x08016570                EXTI0_IRQHandler
                0x08016570                I2C2_EV_IRQHandler
                0x08016570                ADC1_2_IRQHandler
                0x08016570                SPI1_IRQHandler
                0x08016570                TAMPER_IRQHandler
                0x08016570                TIM8_UP_IRQHandler
                0x08016570                DMA2_Channel2_IRQHandler
                0x08016570                DMA1_Channel4_IRQHandler
                0x08016570                RTC_IRQHandler
                0x08016570                DMA1_Channel7_IRQHandler
                0x08016570                CAN1_RX1_IRQHandler
                0x08016570                UART5_IRQHandler
                0x08016570                ADC3_IRQHandler
                0x08016570                DMA2_Channel1_IRQHandler
                0x08016570                I2C1_EV_IRQHandler
                0x08016570                DMA1_Channel6_IRQHandler
                0x08016570                TIM3_IRQHandler
                0x08016570                RCC_IRQHandler
                0x08016570                TIM1_TRG_COM_IRQHandler
                0x08016570                DMA1_Channel1_IRQHandler
                0x08016570                Default_Handler
                0x08016570                EXTI15_10_IRQHandler
                0x08016570                TIM7_IRQHandler
                0x08016570                TIM5_IRQHandler
                0x08016570                EXTI9_5_IRQHandler
                0x08016570                SPI2_IRQHandler
                0x08016570                DMA1_Channel5_IRQHandler
                0x08016570                EXTI4_IRQHandler
                0x08016570                USB_LP_CAN1_RX0_IRQHandler
                0x08016570                USB_HP_CAN1_TX_IRQHandler
                0x08016570                DMA1_Channel3_IRQHandler
                0x08016570                FSMC_IRQHandler
                0x08016570                TIM1_UP_IRQHandler
                0x08016570                WWDG_IRQHandler
                0x08016570                TIM2_IRQHandler
                0x08016570                TIM1_BRK_IRQHandler
                0x08016570                EXTI1_IRQHandler
                0x08016570                RTCAlarm_IRQHandler
                0x08016570                DMA2_Channel4_5_IRQHandler
                0x08016570                I2C2_ER_IRQHandler
                0x08016570                DMA1_Channel2_IRQHandler
                0x08016570                TIM8_BRK_IRQHandler
                0x08016570                CAN1_SCE_IRQHandler
                0x08016570                FLASH_IRQHandler
                0x08016570                SPI3_IRQHandler
                0x08016570                I2C1_ER_IRQHandler
                0x08016570                USBWakeUp_IRQHandler
                0x08016570                DMA2_Channel3_IRQHandler
 .text.NMI_Handler
                0x08016572        0xc src\stm32f1xx_it.o
                0x08016572                NMI_Handler
 .text.HardFault_Handler
                0x0801657e        0x6 src\stm32f1xx_it.o
                0x0801657e                HardFault_Handler
 .text.MemManage_Handler
                0x08016584        0x6 src\stm32f1xx_it.o
                0x08016584                MemManage_Handler
 .text.BusFault_Handler
                0x0801658a        0x6 src\stm32f1xx_it.o
                0x0801658a                BusFault_Handler
 .text.UsageFault_Handler
                0x08016590        0x6 src\stm32f1xx_it.o
                0x08016590                UsageFault_Handler
 .text.SVC_Handler
                0x08016596        0xc src\stm32f1xx_it.o
                0x08016596                SVC_Handler
 .text.DebugMon_Handler
                0x080165a2        0xc src\stm32f1xx_it.o
                0x080165a2                DebugMon_Handler
 .text.PendSV_Handler
                0x080165ae        0xc src\stm32f1xx_it.o
                0x080165ae                PendSV_Handler
 .text.SysTick_Handler
                0x080165ba        0xc src\stm32f1xx_it.o
                0x080165ba                SysTick_Handler
 *fill*         0x080165c6        0x2 
 .text.__io_putchar
                0x080165c8       0x34 src\syscalls.o
                0x080165c8                __io_putchar
 .text._write   0x080165fc       0x38 src\syscalls.o
                0x080165fc                _write
 .text._sbrk    0x08016634       0x3c src\syscalls.o
                0x08016634                _sbrk
 .text._close   0x08016670       0x20 src\syscalls.o
                0x08016670                _close
 .text._fstat   0x08016690       0x24 src\syscalls.o
                0x08016690                _fstat
 .text._isatty  0x080166b4       0x20 src\syscalls.o
                0x080166b4                _isatty
 .text._lseek   0x080166d4       0x24 src\syscalls.o
                0x080166d4                _lseek
 .text._read    0x080166f8       0x24 src\syscalls.o
                0x080166f8                _read
 .text.SystemInit
                0x0801671c       0x68 src\system_stm32f10x.o
                0x0801671c                SystemInit
 .text.SetSysClock
                0x08016784        0xc src\system_stm32f10x.o
 .text.SetSysClockTo72
                0x08016790      0x100 src\system_stm32f10x.o
 .text.atoi     0x08016890        0x8 d:/aboutstm32/truestudio/truestudio for stm32 9.3.0/armtools/bin/../lib/gcc/arm-atollic-eabi/6.3.1/../../../../arm-atollic-eabi/lib/armv7-m\libc.a(lib_a-atoi.o)
                0x08016890                atoi
 .text.__libc_init_array
                0x08016898       0x48 d:/aboutstm32/truestudio/truestudio for stm32 9.3.0/armtools/bin/../lib/gcc/arm-atollic-eabi/6.3.1/../../../../arm-atollic-eabi/lib/armv7-m\libc.a(lib_a-init.o)
                0x08016898                __libc_init_array
 .text.__itoa   0x080168e0       0x30 d:/aboutstm32/truestudio/truestudio for stm32 9.3.0/armtools/bin/../lib/gcc/arm-atollic-eabi/6.3.1/../../../../arm-atollic-eabi/lib/armv7-m\libc.a(lib_a-itoa.o)
                0x080168e0                __itoa
 .text.itoa     0x08016910        0x4 d:/aboutstm32/truestudio/truestudio for stm32 9.3.0/armtools/bin/../lib/gcc/arm-atollic-eabi/6.3.1/../../../../arm-atollic-eabi/lib/armv7-m\libc.a(lib_a-itoa.o)
                0x08016910                itoa
 .text.memcmp   0x08016914       0x1e d:/aboutstm32/truestudio/truestudio for stm32 9.3.0/armtools/bin/../lib/gcc/arm-atollic-eabi/6.3.1/../../../../arm-atollic-eabi/lib/armv7-m\libc.a(lib_a-memcmp.o)
                0x08016914                memcmp
 .text.memcpy   0x08016932       0x16 d:/aboutstm32/truestudio/truestudio for stm32 9.3.0/armtools/bin/../lib/gcc/arm-atollic-eabi/6.3.1/../../../../arm-atollic-eabi/lib/armv7-m\libc.a(lib_a-memcpy-stub.o)
                0x08016932                memcpy
 .text.memset   0x08016948       0x10 d:/aboutstm32/truestudio/truestudio for stm32 9.3.0/armtools/bin/../lib/gcc/arm-atollic-eabi/6.3.1/../../../../arm-atollic-eabi/lib/armv7-m\libc.a(lib_a-memset.o)
                0x08016948                memset
 .text.printf   0x08016958       0x30 d:/aboutstm32/truestudio/truestudio for stm32 9.3.0/armtools/bin/../lib/gcc/arm-atollic-eabi/6.3.1/../../../../arm-atollic-eabi/lib/armv7-m\libc.a(lib_a-printf.o)
                0x08016958                printf
 .text._puts_r  0x08016988       0xc0 d:/aboutstm32/truestudio/truestudio for stm32 9.3.0/armtools/bin/../lib/gcc/arm-atollic-eabi/6.3.1/../../../../arm-atollic-eabi/lib/armv7-m\libc.a(lib_a-puts.o)
                0x08016988                _puts_r
 .text.puts     0x08016a48       0x10 d:/aboutstm32/truestudio/truestudio for stm32 9.3.0/armtools/bin/../lib/gcc/arm-atollic-eabi/6.3.1/../../../../arm-atollic-eabi/lib/armv7-m\libc.a(lib_a-puts.o)
                0x08016a48                puts
 .text.snprintf
                0x08016a58       0x68 d:/aboutstm32/truestudio/truestudio for stm32 9.3.0/armtools/bin/../lib/gcc/arm-atollic-eabi/6.3.1/../../../../arm-atollic-eabi/lib/armv7-m\libc.a(lib_a-snprintf.o)
                0x08016a58                snprintf
 .text.sprintf  0x08016ac0       0x48 d:/aboutstm32/truestudio/truestudio for stm32 9.3.0/armtools/bin/../lib/gcc/arm-atollic-eabi/6.3.1/../../../../arm-atollic-eabi/lib/armv7-m\libc.a(lib_a-sprintf.o)
                0x08016ac0                sprintf
 .text.strcat   0x08016b08       0x1e d:/aboutstm32/truestudio/truestudio for stm32 9.3.0/armtools/bin/../lib/gcc/arm-atollic-eabi/6.3.1/../../../../arm-atollic-eabi/lib/armv7-m\libc.a(lib_a-strcat.o)
                0x08016b08                strcat
 .text.strchr   0x08016b26       0x1c d:/aboutstm32/truestudio/truestudio for stm32 9.3.0/armtools/bin/../lib/gcc/arm-atollic-eabi/6.3.1/../../../../arm-atollic-eabi/lib/armv7-m\libc.a(lib_a-strchr.o)
                0x08016b26                strchr
 .text.strcpy   0x08016b42       0x10 d:/aboutstm32/truestudio/truestudio for stm32 9.3.0/armtools/bin/../lib/gcc/arm-atollic-eabi/6.3.1/../../../../arm-atollic-eabi/lib/armv7-m\libc.a(lib_a-strcpy.o)
                0x08016b42                strcpy
 .text.strncat  0x08016b52       0x28 d:/aboutstm32/truestudio/truestudio for stm32 9.3.0/armtools/bin/../lib/gcc/arm-atollic-eabi/6.3.1/../../../../arm-atollic-eabi/lib/armv7-m\libc.a(lib_a-strncat.o)
                0x08016b52                strncat
 .text.strncmp  0x08016b7a       0x24 d:/aboutstm32/truestudio/truestudio for stm32 9.3.0/armtools/bin/../lib/gcc/arm-atollic-eabi/6.3.1/../../../../arm-atollic-eabi/lib/armv7-m\libc.a(lib_a-strncmp.o)
                0x08016b7a                strncmp
 .text.strncpy  0x08016b9e       0x2a d:/aboutstm32/truestudio/truestudio for stm32 9.3.0/armtools/bin/../lib/gcc/arm-atollic-eabi/6.3.1/../../../../arm-atollic-eabi/lib/armv7-m\libc.a(lib_a-strncpy.o)
                0x08016b9e                strncpy
 .text.strstr   0x08016bc8       0x36 d:/aboutstm32/truestudio/truestudio for stm32 9.3.0/armtools/bin/../lib/gcc/arm-atollic-eabi/6.3.1/../../../../arm-atollic-eabi/lib/armv7-m\libc.a(lib_a-strstr.o)
                0x08016bc8                strstr
 *fill*         0x08016bfe        0x2 
 .text.strtok   0x08016c00       0x58 d:/aboutstm32/truestudio/truestudio for stm32 9.3.0/armtools/bin/../lib/gcc/arm-atollic-eabi/6.3.1/../../../../arm-atollic-eabi/lib/armv7-m\libc.a(lib_a-strtok.o)
                0x08016c00                strtok
 .text.__strtok_r
                0x08016c58       0x52 d:/aboutstm32/truestudio/truestudio for stm32 9.3.0/armtools/bin/../lib/gcc/arm-atollic-eabi/6.3.1/../../../../arm-atollic-eabi/lib/armv7-m\libc.a(lib_a-strtok_r.o)
                0x08016c58                __strtok_r
 .text._strtol_l.isra.0
                0x08016caa      0x100 d:/aboutstm32/truestudio/truestudio for stm32 9.3.0/armtools/bin/../lib/gcc/arm-atollic-eabi/6.3.1/../../../../arm-atollic-eabi/lib/armv7-m\libc.a(lib_a-strtol.o)
 *fill*         0x08016daa        0x2 
 .text.strtol   0x08016dac       0x2c d:/aboutstm32/truestudio/truestudio for stm32 9.3.0/armtools/bin/../lib/gcc/arm-atollic-eabi/6.3.1/../../../../arm-atollic-eabi/lib/armv7-m\libc.a(lib_a-strtol.o)
                0x08016dac                strtol
 .text._svfprintf_r
                0x08016dd8      0xfa0 d:/aboutstm32/truestudio/truestudio for stm32 9.3.0/armtools/bin/../lib/gcc/arm-atollic-eabi/6.3.1/../../../../arm-atollic-eabi/lib/armv7-m\libc.a(lib_a-svfprintf.o)
                0x08016dd8                _svfprintf_r
 .text.__utoa   0x08017d78       0x80 d:/aboutstm32/truestudio/truestudio for stm32 9.3.0/armtools/bin/../lib/gcc/arm-atollic-eabi/6.3.1/../../../../arm-atollic-eabi/lib/armv7-m\libc.a(lib_a-utoa.o)
                0x08017d78                __utoa
 .text._vfprintf_r
                0x08017df8     0x106c d:/aboutstm32/truestudio/truestudio for stm32 9.3.0/armtools/bin/../lib/gcc/arm-atollic-eabi/6.3.1/../../../../arm-atollic-eabi/lib/armv7-m\libc.a(lib_a-vfprintf.o)
                0x08017df8                _vfprintf_r
 .text.__sbprintf
                0x08018e64       0x80 d:/aboutstm32/truestudio/truestudio for stm32 9.3.0/armtools/bin/../lib/gcc/arm-atollic-eabi/6.3.1/../../../../arm-atollic-eabi/lib/armv7-m\libc.a(lib_a-vfprintf.o)
 .text.__swsetup_r
                0x08018ee4       0xdc d:/aboutstm32/truestudio/truestudio for stm32 9.3.0/armtools/bin/../lib/gcc/arm-atollic-eabi/6.3.1/../../../../arm-atollic-eabi/lib/armv7-m\libc.a(lib_a-wsetup.o)
                0x08018ee4                __swsetup_r
 .text.quorem   0x08018fc0      0x118 d:/aboutstm32/truestudio/truestudio for stm32 9.3.0/armtools/bin/../lib/gcc/arm-atollic-eabi/6.3.1/../../../../arm-atollic-eabi/lib/armv7-m\libc.a(lib_a-dtoa.o)
 .text._dtoa_r  0x080190d8      0xba8 d:/aboutstm32/truestudio/truestudio for stm32 9.3.0/armtools/bin/../lib/gcc/arm-atollic-eabi/6.3.1/../../../../arm-atollic-eabi/lib/armv7-m\libc.a(lib_a-dtoa.o)
                0x080190d8                _dtoa_r
 .text.__sflush_r
                0x08019c80      0x124 d:/aboutstm32/truestudio/truestudio for stm32 9.3.0/armtools/bin/../lib/gcc/arm-atollic-eabi/6.3.1/../../../../arm-atollic-eabi/lib/armv7-m\libc.a(lib_a-fflush.o)
                0x08019c80                __sflush_r
 .text._fflush_r
                0x08019da4       0x78 d:/aboutstm32/truestudio/truestudio for stm32 9.3.0/armtools/bin/../lib/gcc/arm-atollic-eabi/6.3.1/../../../../arm-atollic-eabi/lib/armv7-m\libc.a(lib_a-fflush.o)
                0x08019da4                _fflush_r
 .text._cleanup_r
                0x08019e1c        0xc d:/aboutstm32/truestudio/truestudio for stm32 9.3.0/armtools/bin/../lib/gcc/arm-atollic-eabi/6.3.1/../../../../arm-atollic-eabi/lib/armv7-m\libc.a(lib_a-findfp.o)
                0x08019e1c                _cleanup_r
 .text.std.isra.0
                0x08019e28       0x48 d:/aboutstm32/truestudio/truestudio for stm32 9.3.0/armtools/bin/../lib/gcc/arm-atollic-eabi/6.3.1/../../../../arm-atollic-eabi/lib/armv7-m\libc.a(lib_a-findfp.o)
 .text.__sfmoreglue
                0x08019e70       0x2c d:/aboutstm32/truestudio/truestudio for stm32 9.3.0/armtools/bin/../lib/gcc/arm-atollic-eabi/6.3.1/../../../../arm-atollic-eabi/lib/armv7-m\libc.a(lib_a-findfp.o)
                0x08019e70                __sfmoreglue
 .text.__sfp_lock_acquire
                0x08019e9c        0xc d:/aboutstm32/truestudio/truestudio for stm32 9.3.0/armtools/bin/../lib/gcc/arm-atollic-eabi/6.3.1/../../../../arm-atollic-eabi/lib/armv7-m\libc.a(lib_a-findfp.o)
                0x08019e9c                __sfp_lock_acquire
 .text.__sfp_lock_release
                0x08019ea8        0xc d:/aboutstm32/truestudio/truestudio for stm32 9.3.0/armtools/bin/../lib/gcc/arm-atollic-eabi/6.3.1/../../../../arm-atollic-eabi/lib/armv7-m\libc.a(lib_a-findfp.o)
                0x08019ea8                __sfp_lock_release
 .text.__sinit_lock_acquire
                0x08019eb4        0xc d:/aboutstm32/truestudio/truestudio for stm32 9.3.0/armtools/bin/../lib/gcc/arm-atollic-eabi/6.3.1/../../../../arm-atollic-eabi/lib/armv7-m\libc.a(lib_a-findfp.o)
                0x08019eb4                __sinit_lock_acquire
 .text.__sinit_lock_release
                0x08019ec0        0xc d:/aboutstm32/truestudio/truestudio for stm32 9.3.0/armtools/bin/../lib/gcc/arm-atollic-eabi/6.3.1/../../../../arm-atollic-eabi/lib/armv7-m\libc.a(lib_a-findfp.o)
                0x08019ec0                __sinit_lock_release
 .text.__sinit  0x08019ecc       0x78 d:/aboutstm32/truestudio/truestudio for stm32 9.3.0/armtools/bin/../lib/gcc/arm-atollic-eabi/6.3.1/../../../../arm-atollic-eabi/lib/armv7-m\libc.a(lib_a-findfp.o)
                0x08019ecc                __sinit
 .text.__sfp    0x08019f44       0x8c d:/aboutstm32/truestudio/truestudio for stm32 9.3.0/armtools/bin/../lib/gcc/arm-atollic-eabi/6.3.1/../../../../arm-atollic-eabi/lib/armv7-m\libc.a(lib_a-findfp.o)
                0x08019f44                __sfp
 .text._malloc_trim_r
                0x08019fd0       0xac d:/aboutstm32/truestudio/truestudio for stm32 9.3.0/armtools/bin/../lib/gcc/arm-atollic-eabi/6.3.1/../../../../arm-atollic-eabi/lib/armv7-m\libc.a(lib_a-freer.o)
                0x08019fd0                _malloc_trim_r
 .text._free_r  0x0801a07c      0x178 d:/aboutstm32/truestudio/truestudio for stm32 9.3.0/armtools/bin/../lib/gcc/arm-atollic-eabi/6.3.1/../../../../arm-atollic-eabi/lib/armv7-m\libc.a(lib_a-freer.o)
                0x0801a07c                _free_r
 .text.__sfvwrite_r
                0x0801a1f4      0x29c d:/aboutstm32/truestudio/truestudio for stm32 9.3.0/armtools/bin/../lib/gcc/arm-atollic-eabi/6.3.1/../../../../arm-atollic-eabi/lib/armv7-m\libc.a(lib_a-fvwrite.o)
                0x0801a1f4                __sfvwrite_r
 .text._fwalk_reent
                0x0801a490       0x3c d:/aboutstm32/truestudio/truestudio for stm32 9.3.0/armtools/bin/../lib/gcc/arm-atollic-eabi/6.3.1/../../../../arm-atollic-eabi/lib/armv7-m\libc.a(lib_a-fwalk.o)
                0x0801a490                _fwalk_reent
 .text.__locale_mb_cur_max
                0x0801a4cc       0x1c d:/aboutstm32/truestudio/truestudio for stm32 9.3.0/armtools/bin/../lib/gcc/arm-atollic-eabi/6.3.1/../../../../arm-atollic-eabi/lib/armv7-m\libc.a(lib_a-locale.o)
                0x0801a4cc                __locale_mb_cur_max
 .text.__locale_ctype_ptr_l
                0x0801a4e8        0x6 d:/aboutstm32/truestudio/truestudio for stm32 9.3.0/armtools/bin/../lib/gcc/arm-atollic-eabi/6.3.1/../../../../arm-atollic-eabi/lib/armv7-m\libc.a(lib_a-locale.o)
                0x0801a4e8                __locale_ctype_ptr_l
 *fill*         0x0801a4ee        0x2 
 .text._localeconv_r
                0x0801a4f0       0x1c d:/aboutstm32/truestudio/truestudio for stm32 9.3.0/armtools/bin/../lib/gcc/arm-atollic-eabi/6.3.1/../../../../arm-atollic-eabi/lib/armv7-m\libc.a(lib_a-localeconv.o)
                0x0801a4f0                _localeconv_r
 .text.__retarget_lock_init_recursive
                0x0801a50c        0x2 d:/aboutstm32/truestudio/truestudio for stm32 9.3.0/armtools/bin/../lib/gcc/arm-atollic-eabi/6.3.1/../../../../arm-atollic-eabi/lib/armv7-m\libc.a(lib_a-lock.o)
                0x0801a50c                __retarget_lock_init_recursive
 .text.__retarget_lock_close_recursive
                0x0801a50e        0x2 d:/aboutstm32/truestudio/truestudio for stm32 9.3.0/armtools/bin/../lib/gcc/arm-atollic-eabi/6.3.1/../../../../arm-atollic-eabi/lib/armv7-m\libc.a(lib_a-lock.o)
                0x0801a50e                __retarget_lock_close_recursive
 .text.__retarget_lock_acquire_recursive
                0x0801a510        0x2 d:/aboutstm32/truestudio/truestudio for stm32 9.3.0/armtools/bin/../lib/gcc/arm-atollic-eabi/6.3.1/../../../../arm-atollic-eabi/lib/armv7-m\libc.a(lib_a-lock.o)
                0x0801a510                __retarget_lock_acquire_recursive
 .text.__retarget_lock_release_recursive
                0x0801a512        0x2 d:/aboutstm32/truestudio/truestudio for stm32 9.3.0/armtools/bin/../lib/gcc/arm-atollic-eabi/6.3.1/../../../../arm-atollic-eabi/lib/armv7-m\libc.a(lib_a-lock.o)
                0x0801a512                __retarget_lock_release_recursive
 .text.__swhatbuf_r
                0x0801a514       0x56 d:/aboutstm32/truestudio/truestudio for stm32 9.3.0/armtools/bin/../lib/gcc/arm-atollic-eabi/6.3.1/../../../../arm-atollic-eabi/lib/armv7-m\libc.a(lib_a-makebuf.o)
                0x0801a514                __swhatbuf_r
 *fill*         0x0801a56a        0x2 
 .text.__smakebuf_r
                0x0801a56c       0x80 d:/aboutstm32/truestudio/truestudio for stm32 9.3.0/armtools/bin/../lib/gcc/arm-atollic-eabi/6.3.1/../../../../arm-atollic-eabi/lib/armv7-m\libc.a(lib_a-makebuf.o)
                0x0801a56c                __smakebuf_r
 .text.malloc   0x0801a5ec       0x10 d:/aboutstm32/truestudio/truestudio for stm32 9.3.0/armtools/bin/../lib/gcc/arm-atollic-eabi/6.3.1/../../../../arm-atollic-eabi/lib/armv7-m\libc.a(lib_a-malloc.o)
                0x0801a5ec                malloc
 .text._malloc_r
                0x0801a5fc      0x418 d:/aboutstm32/truestudio/truestudio for stm32 9.3.0/armtools/bin/../lib/gcc/arm-atollic-eabi/6.3.1/../../../../arm-atollic-eabi/lib/armv7-m\libc.a(lib_a-mallocr.o)
                0x0801a5fc                _malloc_r
 .text.__ascii_mbtowc
                0x0801aa14       0x24 d:/aboutstm32/truestudio/truestudio for stm32 9.3.0/armtools/bin/../lib/gcc/arm-atollic-eabi/6.3.1/../../../../arm-atollic-eabi/lib/armv7-m\libc.a(lib_a-mbtowc_r.o)
                0x0801aa14                __ascii_mbtowc
 .text.memchr   0x0801aa38       0x1c d:/aboutstm32/truestudio/truestudio for stm32 9.3.0/armtools/bin/../lib/gcc/arm-atollic-eabi/6.3.1/../../../../arm-atollic-eabi/lib/armv7-m\libc.a(lib_a-memchr-stub.o)
                0x0801aa38                memchr
 .text.memmove  0x0801aa54       0x34 d:/aboutstm32/truestudio/truestudio for stm32 9.3.0/armtools/bin/../lib/gcc/arm-atollic-eabi/6.3.1/../../../../arm-atollic-eabi/lib/armv7-m\libc.a(lib_a-memmove.o)
                0x0801aa54                memmove
 .text.__malloc_lock
                0x0801aa88        0xc d:/aboutstm32/truestudio/truestudio for stm32 9.3.0/armtools/bin/../lib/gcc/arm-atollic-eabi/6.3.1/../../../../arm-atollic-eabi/lib/armv7-m\libc.a(lib_a-mlock.o)
                0x0801aa88                __malloc_lock
 .text.__malloc_unlock
                0x0801aa94        0xc d:/aboutstm32/truestudio/truestudio for stm32 9.3.0/armtools/bin/../lib/gcc/arm-atollic-eabi/6.3.1/../../../../arm-atollic-eabi/lib/armv7-m\libc.a(lib_a-mlock.o)
                0x0801aa94                __malloc_unlock
 .text._Balloc  0x0801aaa0       0x68 d:/aboutstm32/truestudio/truestudio for stm32 9.3.0/armtools/bin/../lib/gcc/arm-atollic-eabi/6.3.1/../../../../arm-atollic-eabi/lib/armv7-m\libc.a(lib_a-mprec.o)
                0x0801aaa0                _Balloc
 .text._Bfree   0x0801ab08       0x2e d:/aboutstm32/truestudio/truestudio for stm32 9.3.0/armtools/bin/../lib/gcc/arm-atollic-eabi/6.3.1/../../../../arm-atollic-eabi/lib/armv7-m\libc.a(lib_a-mprec.o)
                0x0801ab08                _Bfree
 .text.__multadd
                0x0801ab36       0x76 d:/aboutstm32/truestudio/truestudio for stm32 9.3.0/armtools/bin/../lib/gcc/arm-atollic-eabi/6.3.1/../../../../arm-atollic-eabi/lib/armv7-m\libc.a(lib_a-mprec.o)
                0x0801ab36                __multadd
 .text.__hi0bits
                0x0801abac       0x3e d:/aboutstm32/truestudio/truestudio for stm32 9.3.0/armtools/bin/../lib/gcc/arm-atollic-eabi/6.3.1/../../../../arm-atollic-eabi/lib/armv7-m\libc.a(lib_a-mprec.o)
                0x0801abac                __hi0bits
 .text.__lo0bits
                0x0801abea       0x5e d:/aboutstm32/truestudio/truestudio for stm32 9.3.0/armtools/bin/../lib/gcc/arm-atollic-eabi/6.3.1/../../../../arm-atollic-eabi/lib/armv7-m\libc.a(lib_a-mprec.o)
                0x0801abea                __lo0bits
 .text.__i2b    0x0801ac48       0x12 d:/aboutstm32/truestudio/truestudio for stm32 9.3.0/armtools/bin/../lib/gcc/arm-atollic-eabi/6.3.1/../../../../arm-atollic-eabi/lib/armv7-m\libc.a(lib_a-mprec.o)
                0x0801ac48                __i2b
 .text.__multiply
                0x0801ac5a      0x118 d:/aboutstm32/truestudio/truestudio for stm32 9.3.0/armtools/bin/../lib/gcc/arm-atollic-eabi/6.3.1/../../../../arm-atollic-eabi/lib/armv7-m\libc.a(lib_a-mprec.o)
                0x0801ac5a                __multiply
 *fill*         0x0801ad72        0x2 
 .text.__pow5mult
                0x0801ad74       0x9c d:/aboutstm32/truestudio/truestudio for stm32 9.3.0/armtools/bin/../lib/gcc/arm-atollic-eabi/6.3.1/../../../../arm-atollic-eabi/lib/armv7-m\libc.a(lib_a-mprec.o)
                0x0801ad74                __pow5mult
 .text.__lshift
                0x0801ae10       0xa2 d:/aboutstm32/truestudio/truestudio for stm32 9.3.0/armtools/bin/../lib/gcc/arm-atollic-eabi/6.3.1/../../../../arm-atollic-eabi/lib/armv7-m\libc.a(lib_a-mprec.o)
                0x0801ae10                __lshift
 .text.__mcmp   0x0801aeb2       0x34 d:/aboutstm32/truestudio/truestudio for stm32 9.3.0/armtools/bin/../lib/gcc/arm-atollic-eabi/6.3.1/../../../../arm-atollic-eabi/lib/armv7-m\libc.a(lib_a-mprec.o)
                0x0801aeb2                __mcmp
 .text.__mdiff  0x0801aee6       0xbe d:/aboutstm32/truestudio/truestudio for stm32 9.3.0/armtools/bin/../lib/gcc/arm-atollic-eabi/6.3.1/../../../../arm-atollic-eabi/lib/armv7-m\libc.a(lib_a-mprec.o)
                0x0801aee6                __mdiff
 .text.__d2b    0x0801afa4       0x9e d:/aboutstm32/truestudio/truestudio for stm32 9.3.0/armtools/bin/../lib/gcc/arm-atollic-eabi/6.3.1/../../../../arm-atollic-eabi/lib/armv7-m\libc.a(lib_a-mprec.o)
                0x0801afa4                __d2b
 *fill*         0x0801b042        0x2 
 .text._realloc_r
                0x0801b044      0x304 d:/aboutstm32/truestudio/truestudio for stm32 9.3.0/armtools/bin/../lib/gcc/arm-atollic-eabi/6.3.1/../../../../arm-atollic-eabi/lib/armv7-m\libc.a(lib_a-reallocr.o)
                0x0801b044                _realloc_r
 .text._sbrk_r  0x0801b348       0x20 d:/aboutstm32/truestudio/truestudio for stm32 9.3.0/armtools/bin/../lib/gcc/arm-atollic-eabi/6.3.1/../../../../arm-atollic-eabi/lib/armv7-m\libc.a(lib_a-sbrkr.o)
                0x0801b348                _sbrk_r
 .text.__sread  0x0801b368       0x22 d:/aboutstm32/truestudio/truestudio for stm32 9.3.0/armtools/bin/../lib/gcc/arm-atollic-eabi/6.3.1/../../../../arm-atollic-eabi/lib/armv7-m\libc.a(lib_a-stdio.o)
                0x0801b368                __sread
 .text.__swrite
                0x0801b38a       0x38 d:/aboutstm32/truestudio/truestudio for stm32 9.3.0/armtools/bin/../lib/gcc/arm-atollic-eabi/6.3.1/../../../../arm-atollic-eabi/lib/armv7-m\libc.a(lib_a-stdio.o)
                0x0801b38a                __swrite
 .text.__sseek  0x0801b3c2       0x24 d:/aboutstm32/truestudio/truestudio for stm32 9.3.0/armtools/bin/../lib/gcc/arm-atollic-eabi/6.3.1/../../../../arm-atollic-eabi/lib/armv7-m\libc.a(lib_a-stdio.o)
                0x0801b3c2                __sseek
 .text.__sclose
                0x0801b3e6        0x8 d:/aboutstm32/truestudio/truestudio for stm32 9.3.0/armtools/bin/../lib/gcc/arm-atollic-eabi/6.3.1/../../../../arm-atollic-eabi/lib/armv7-m\libc.a(lib_a-stdio.o)
                0x0801b3e6                __sclose
 .text.__ssprint_r
                0x0801b3ee       0xf4 d:/aboutstm32/truestudio/truestudio for stm32 9.3.0/armtools/bin/../lib/gcc/arm-atollic-eabi/6.3.1/../../../../arm-atollic-eabi/lib/armv7-m\libc.a(lib_a-svfiprintf.o)
                0x0801b3ee                __ssprint_r
 .text.__sprint_r
                0x0801b4e2       0x6a d:/aboutstm32/truestudio/truestudio for stm32 9.3.0/armtools/bin/../lib/gcc/arm-atollic-eabi/6.3.1/../../../../arm-atollic-eabi/lib/armv7-m\libc.a(lib_a-vfiprintf.o)
                0x0801b4e2                __sprint_r
 .text.__ascii_wctomb
                0x0801b54c       0x1a d:/aboutstm32/truestudio/truestudio for stm32 9.3.0/armtools/bin/../lib/gcc/arm-atollic-eabi/6.3.1/../../../../arm-atollic-eabi/lib/armv7-m\libc.a(lib_a-wctomb_r.o)
                0x0801b54c                __ascii_wctomb
 *fill*         0x0801b566        0x2 
 .text._write_r
                0x0801b568       0x24 d:/aboutstm32/truestudio/truestudio for stm32 9.3.0/armtools/bin/../lib/gcc/arm-atollic-eabi/6.3.1/../../../../arm-atollic-eabi/lib/armv7-m\libc.a(lib_a-writer.o)
                0x0801b568                _write_r
 .text._calloc_r
                0x0801b58c       0x5a d:/aboutstm32/truestudio/truestudio for stm32 9.3.0/armtools/bin/../lib/gcc/arm-atollic-eabi/6.3.1/../../../../arm-atollic-eabi/lib/armv7-m\libc.a(lib_a-callocr.o)
                0x0801b58c                _calloc_r
 *fill*         0x0801b5e6        0x2 
 .text._close_r
                0x0801b5e8       0x20 d:/aboutstm32/truestudio/truestudio for stm32 9.3.0/armtools/bin/../lib/gcc/arm-atollic-eabi/6.3.1/../../../../arm-atollic-eabi/lib/armv7-m\libc.a(lib_a-closer.o)
                0x0801b5e8                _close_r
 .text._fclose_r
                0x0801b608       0xd8 d:/aboutstm32/truestudio/truestudio for stm32 9.3.0/armtools/bin/../lib/gcc/arm-atollic-eabi/6.3.1/../../../../arm-atollic-eabi/lib/armv7-m\libc.a(lib_a-fclose.o)
                0x0801b608                _fclose_r
 .text.__fputwc
                0x0801b6e0       0x82 d:/aboutstm32/truestudio/truestudio for stm32 9.3.0/armtools/bin/../lib/gcc/arm-atollic-eabi/6.3.1/../../../../arm-atollic-eabi/lib/armv7-m\libc.a(lib_a-fputwc.o)
                0x0801b6e0                __fputwc
 .text._fputwc_r
                0x0801b762       0x52 d:/aboutstm32/truestudio/truestudio for stm32 9.3.0/armtools/bin/../lib/gcc/arm-atollic-eabi/6.3.1/../../../../arm-atollic-eabi/lib/armv7-m\libc.a(lib_a-fputwc.o)
                0x0801b762                _fputwc_r
 .text._fstat_r
                0x0801b7b4       0x24 d:/aboutstm32/truestudio/truestudio for stm32 9.3.0/armtools/bin/../lib/gcc/arm-atollic-eabi/6.3.1/../../../../arm-atollic-eabi/lib/armv7-m\libc.a(lib_a-fstatr.o)
                0x0801b7b4                _fstat_r
 .text._isatty_r
                0x0801b7d8       0x20 d:/aboutstm32/truestudio/truestudio for stm32 9.3.0/armtools/bin/../lib/gcc/arm-atollic-eabi/6.3.1/../../../../arm-atollic-eabi/lib/armv7-m\libc.a(lib_a-isattyr.o)
                0x0801b7d8                _isatty_r
 .text._lseek_r
                0x0801b7f8       0x24 d:/aboutstm32/truestudio/truestudio for stm32 9.3.0/armtools/bin/../lib/gcc/arm-atollic-eabi/6.3.1/../../../../arm-atollic-eabi/lib/armv7-m\libc.a(lib_a-lseekr.o)
                0x0801b7f8                _lseek_r
 .text._read_r  0x0801b81c       0x24 d:/aboutstm32/truestudio/truestudio for stm32 9.3.0/armtools/bin/../lib/gcc/arm-atollic-eabi/6.3.1/../../../../arm-atollic-eabi/lib/armv7-m\libc.a(lib_a-readr.o)
                0x0801b81c                _read_r
 .text.__swbuf_r
                0x0801b840       0xbc d:/aboutstm32/truestudio/truestudio for stm32 9.3.0/armtools/bin/../lib/gcc/arm-atollic-eabi/6.3.1/../../../../arm-atollic-eabi/lib/armv7-m\libc.a(lib_a-wbuf.o)
                0x0801b840                __swbuf_r
 .text._wcrtomb_r
                0x0801b8fc       0x50 d:/aboutstm32/truestudio/truestudio for stm32 9.3.0/armtools/bin/../lib/gcc/arm-atollic-eabi/6.3.1/../../../../arm-atollic-eabi/lib/armv7-m\libc.a(lib_a-wcrtomb.o)
                0x0801b8fc                _wcrtomb_r
 *(.glue_7)
 .glue_7        0x0801b94c        0x0 linker stubs
 *(.glue_7t)
 .glue_7t       0x0801b94c        0x0 linker stubs
 *(.eh_frame)
 .eh_frame      0x0801b94c        0x0 d:/aboutstm32/truestudio/truestudio for stm32 9.3.0/armtools/bin/../lib/gcc/arm-atollic-eabi/6.3.1/armv7-m/crtbegin.o
 *(.init)
 .init          0x0801b94c        0x4 d:/aboutstm32/truestudio/truestudio for stm32 9.3.0/armtools/bin/../lib/gcc/arm-atollic-eabi/6.3.1/armv7-m/crti.o
                0x0801b94c                _init
 .init          0x0801b950        0x8 d:/aboutstm32/truestudio/truestudio for stm32 9.3.0/armtools/bin/../lib/gcc/arm-atollic-eabi/6.3.1/armv7-m/crtn.o
 *(.fini)
 .fini          0x0801b958        0x4 d:/aboutstm32/truestudio/truestudio for stm32 9.3.0/armtools/bin/../lib/gcc/arm-atollic-eabi/6.3.1/armv7-m/crti.o
                0x0801b958                _fini
 .fini          0x0801b95c        0x8 d:/aboutstm32/truestudio/truestudio for stm32 9.3.0/armtools/bin/../lib/gcc/arm-atollic-eabi/6.3.1/armv7-m/crtn.o
                0x0801b964                . = ALIGN (0x4)
                0x0801b964                _etext = .

.vfp11_veneer   0x0801b964        0x0
 .vfp11_veneer  0x0801b964        0x0 linker stubs

.v4_bx          0x0801b964        0x0
 .v4_bx         0x0801b964        0x0 linker stubs

.iplt           0x0801b964        0x0
 .iplt          0x0801b964        0x0 d:/aboutstm32/truestudio/truestudio for stm32 9.3.0/armtools/bin/../lib/gcc/arm-atollic-eabi/6.3.1/armv7-m/crtbegin.o

.rodata         0x0801b968      0x9f0
                0x0801b968                . = ALIGN (0x4)
 *(.rodata)
 .rodata        0x0801b968       0x11 App\Loyer_74HC165\L74hc165.o
 *fill*         0x0801b979        0x3 
 .rodata        0x0801b97c       0x13 App\Tim\tim4.o
 *fill*         0x0801b98f        0x1 
 .rodata        0x0801b990      0x24d App\module_4G\usart_4G.o
 *fill*         0x0801bbdd        0x3 
 .rodata        0x0801bbe0        0xb App\motor\motor.o
 *fill*         0x0801bbeb        0x1 
 .rodata        0x0801bbec       0x2f App\powerBank\bat_usart.o
 *fill*         0x0801bc1b        0x1 
 .rodata        0x0801bc1c       0x50 App\tcp\public\tcp_public.o
 .rodata        0x0801bc6c       0x6a App\tcp\tcp_process.o
 *fill*         0x0801bcd6        0x2 
 .rodata        0x0801bcd8       0x41 App\util\base64.o
 *fill*         0x0801bd19        0x3 
 .rodata        0x0801bd1c      0x19e App\wifi\wifi.o
 *fill*         0x0801beba        0x2 
 .rodata        0x0801bebc      0x146 Public\usart.o
 *fill*         0x0801c002        0x2 
 .rodata        0x0801c004       0x25 src\main.o
 *(.rodata*)
 *fill*         0x0801c029        0x3 
 .rodata.bat_statuBuf
                0x0801c02c       0x10 App\powerBank\bat_usart.o
                0x0801c02c                bat_statuBuf
 .rodata._puts_r.str1.1
                0x0801c03c        0x2 d:/aboutstm32/truestudio/truestudio for stm32 9.3.0/armtools/bin/../lib/gcc/arm-atollic-eabi/6.3.1/../../../../arm-atollic-eabi/lib/armv7-m\libc.a(lib_a-puts.o)
 .rodata._svfprintf_r.str1.1
                0x0801c03e       0x34 d:/aboutstm32/truestudio/truestudio for stm32 9.3.0/armtools/bin/../lib/gcc/arm-atollic-eabi/6.3.1/../../../../arm-atollic-eabi/lib/armv7-m\libc.a(lib_a-svfprintf.o)
 .rodata.blanks.7236
                0x0801c072       0x10 d:/aboutstm32/truestudio/truestudio for stm32 9.3.0/armtools/bin/../lib/gcc/arm-atollic-eabi/6.3.1/../../../../arm-atollic-eabi/lib/armv7-m\libc.a(lib_a-svfprintf.o)
 .rodata.zeroes.7237
                0x0801c082       0x10 d:/aboutstm32/truestudio/truestudio for stm32 9.3.0/armtools/bin/../lib/gcc/arm-atollic-eabi/6.3.1/../../../../arm-atollic-eabi/lib/armv7-m\libc.a(lib_a-svfprintf.o)
 .rodata.__utoa.str1.1
                0x0801c092       0x25 d:/aboutstm32/truestudio/truestudio for stm32 9.3.0/armtools/bin/../lib/gcc/arm-atollic-eabi/6.3.1/../../../../arm-atollic-eabi/lib/armv7-m\libc.a(lib_a-utoa.o)
 .rodata._vfprintf_r.str1.1
                0x0801c0b7       0x34 d:/aboutstm32/truestudio/truestudio for stm32 9.3.0/armtools/bin/../lib/gcc/arm-atollic-eabi/6.3.1/../../../../arm-atollic-eabi/lib/armv7-m\libc.a(lib_a-vfprintf.o)
 .rodata.blanks.7251
                0x0801c0b7       0x10 d:/aboutstm32/truestudio/truestudio for stm32 9.3.0/armtools/bin/../lib/gcc/arm-atollic-eabi/6.3.1/../../../../arm-atollic-eabi/lib/armv7-m\libc.a(lib_a-vfprintf.o)
 .rodata.zeroes.7252
                0x0801c0c7       0x10 d:/aboutstm32/truestudio/truestudio for stm32 9.3.0/armtools/bin/../lib/gcc/arm-atollic-eabi/6.3.1/../../../../arm-atollic-eabi/lib/armv7-m\libc.a(lib_a-vfprintf.o)
 .rodata._dtoa_r.str1.1
                0x0801c0d7        0xd d:/aboutstm32/truestudio/truestudio for stm32 9.3.0/armtools/bin/../lib/gcc/arm-atollic-eabi/6.3.1/../../../../arm-atollic-eabi/lib/armv7-m\libc.a(lib_a-dtoa.o)
                                  0xf (size before relaxing)
 .rodata.__sf_fake_stderr
                0x0801c0e4       0x20 d:/aboutstm32/truestudio/truestudio for stm32 9.3.0/armtools/bin/../lib/gcc/arm-atollic-eabi/6.3.1/../../../../arm-atollic-eabi/lib/armv7-m\libc.a(lib_a-findfp.o)
                0x0801c0e4                __sf_fake_stderr
 .rodata.__sf_fake_stdin
                0x0801c104       0x20 d:/aboutstm32/truestudio/truestudio for stm32 9.3.0/armtools/bin/../lib/gcc/arm-atollic-eabi/6.3.1/../../../../arm-atollic-eabi/lib/armv7-m\libc.a(lib_a-findfp.o)
                0x0801c104                __sf_fake_stdin
 .rodata.__sf_fake_stdout
                0x0801c124       0x20 d:/aboutstm32/truestudio/truestudio for stm32 9.3.0/armtools/bin/../lib/gcc/arm-atollic-eabi/6.3.1/../../../../arm-atollic-eabi/lib/armv7-m\libc.a(lib_a-findfp.o)
                0x0801c124                __sf_fake_stdout
 .rodata._global_impure_ptr
                0x0801c144        0x4 d:/aboutstm32/truestudio/truestudio for stm32 9.3.0/armtools/bin/../lib/gcc/arm-atollic-eabi/6.3.1/../../../../arm-atollic-eabi/lib/armv7-m\libc.a(lib_a-impure.o)
                0x0801c144                _global_impure_ptr
 .rodata._setlocale_r.str1.1
                0x0801c148        0x8 d:/aboutstm32/truestudio/truestudio for stm32 9.3.0/armtools/bin/../lib/gcc/arm-atollic-eabi/6.3.1/../../../../arm-atollic-eabi/lib/armv7-m\libc.a(lib_a-locale.o)
                                  0x9 (size before relaxing)
 .rodata.str1.1
                0x0801c150        0x2 d:/aboutstm32/truestudio/truestudio for stm32 9.3.0/armtools/bin/../lib/gcc/arm-atollic-eabi/6.3.1/../../../../arm-atollic-eabi/lib/armv7-m\libc.a(lib_a-locale.o)
 *fill*         0x0801c152        0x6 
 .rodata.__mprec_bigtens
                0x0801c158       0x28 d:/aboutstm32/truestudio/truestudio for stm32 9.3.0/armtools/bin/../lib/gcc/arm-atollic-eabi/6.3.1/../../../../arm-atollic-eabi/lib/armv7-m\libc.a(lib_a-mprec.o)
                0x0801c158                __mprec_bigtens
 .rodata.__mprec_tens
                0x0801c180       0xc8 d:/aboutstm32/truestudio/truestudio for stm32 9.3.0/armtools/bin/../lib/gcc/arm-atollic-eabi/6.3.1/../../../../arm-atollic-eabi/lib/armv7-m\libc.a(lib_a-mprec.o)
                0x0801c180                __mprec_tens
 .rodata.p05.6073
                0x0801c248        0xc d:/aboutstm32/truestudio/truestudio for stm32 9.3.0/armtools/bin/../lib/gcc/arm-atollic-eabi/6.3.1/../../../../arm-atollic-eabi/lib/armv7-m\libc.a(lib_a-mprec.o)
 .rodata._ctype_
                0x0801c254      0x101 d:/aboutstm32/truestudio/truestudio for stm32 9.3.0/armtools/bin/../lib/gcc/arm-atollic-eabi/6.3.1/../../../../arm-atollic-eabi/lib/armv7-m\libc.a(lib_a-ctype_.o)
                0x0801c254                _ctype_
                0x0801c358                . = ALIGN (0x4)
 *fill*         0x0801c355        0x3 

.ARM.extab
 *(.ARM.extab* .gnu.linkonce.armextab.*)

.ARM            0x0801c358        0x8
                0x0801c358                __exidx_start = .
 *(.ARM.exidx*)
 .ARM.exidx     0x0801c358        0x8 d:/aboutstm32/truestudio/truestudio for stm32 9.3.0/armtools/bin/../lib/gcc/arm-atollic-eabi/6.3.1/armv7-m\libgcc.a(_udivmoddi4.o)
                0x0801c360                __exidx_end = .

.rel.dyn        0x0801c360        0x0
 .rel.iplt      0x0801c360        0x0 d:/aboutstm32/truestudio/truestudio for stm32 9.3.0/armtools/bin/../lib/gcc/arm-atollic-eabi/6.3.1/armv7-m/crtbegin.o

.preinit_array  0x0801c360        0x0
                0x0801c360                PROVIDE (__preinit_array_start, .)
 *(.preinit_array*)
                0x0801c360                PROVIDE (__preinit_array_end, .)

.init_array     0x0801c360        0x4
                0x0801c360                PROVIDE (__init_array_start, .)
 *(SORT(.init_array.*))
 *(.init_array*)
 .init_array    0x0801c360        0x4 d:/aboutstm32/truestudio/truestudio for stm32 9.3.0/armtools/bin/../lib/gcc/arm-atollic-eabi/6.3.1/armv7-m/crtbegin.o
                0x0801c364                PROVIDE (__init_array_end, .)

.fini_array     0x0801c364        0x4
                [!provide]                PROVIDE (__fini_array_start, .)
 *(SORT(.fini_array.*))
 *(.fini_array*)
 .fini_array    0x0801c364        0x4 d:/aboutstm32/truestudio/truestudio for stm32 9.3.0/armtools/bin/../lib/gcc/arm-atollic-eabi/6.3.1/armv7-m/crtbegin.o
                [!provide]                PROVIDE (__fini_array_end, .)
                0x0801c368                _sidata = LOADADDR (.data)

.data           0x20000000      0x6a4 load address 0x0801c368
                0x20000000                . = ALIGN (0x4)
                0x20000000                _sdata = .
 *(.data)
 *(.data*)
 .data.key_statu
                0x20000000        0x2 App\Loyer_74HC165\L74hc165.o
                0x20000000                key_statu
 .data.old_statu.7601
                0x20000002        0x2 App\Loyer_74HC165\L74hc165.o
 .data.curPort  0x20000004        0x1 App\Tim\tim4.o
                0x20000004                curPort
 *fill*         0x20000005        0x3 
 .data.base64char
                0x20000008        0x4 App\util\base64.o
                0x20000008                base64char
 .data.APBAHBPrescTable
                0x2000000c       0x10 Libraries\STM32F10x_StdPeriph_Driver\src\stm32f10x_rcc.o
 .data.ADCPrescTable
                0x2000001c        0x4 Libraries\STM32F10x_StdPeriph_Driver\src\stm32f10x_rcc.o
 .data.malloc_cortol
                0x20000020       0x14 MALLOC\malloc.o
                0x20000020                malloc_cortol
 .data._impure_ptr
                0x20000034        0x4 d:/aboutstm32/truestudio/truestudio for stm32 9.3.0/armtools/bin/../lib/gcc/arm-atollic-eabi/6.3.1/../../../../arm-atollic-eabi/lib/armv7-m\libc.a(lib_a-impure.o)
                0x20000034                _impure_ptr
 .data.impure_data
                0x20000038       0xf0 d:/aboutstm32/truestudio/truestudio for stm32 9.3.0/armtools/bin/../lib/gcc/arm-atollic-eabi/6.3.1/../../../../arm-atollic-eabi/lib/armv7-m\libc.a(lib_a-impure.o)
 .data.__global_locale
                0x20000128      0x16c d:/aboutstm32/truestudio/truestudio for stm32 9.3.0/armtools/bin/../lib/gcc/arm-atollic-eabi/6.3.1/../../../../arm-atollic-eabi/lib/armv7-m\libc.a(lib_a-locale.o)
                0x20000128                __global_locale
 .data.__malloc_av_
                0x20000294      0x408 d:/aboutstm32/truestudio/truestudio for stm32 9.3.0/armtools/bin/../lib/gcc/arm-atollic-eabi/6.3.1/../../../../arm-atollic-eabi/lib/armv7-m\libc.a(lib_a-mallocr.o)
                0x20000294                __malloc_av_
 .data.__malloc_sbrk_base
                0x2000069c        0x4 d:/aboutstm32/truestudio/truestudio for stm32 9.3.0/armtools/bin/../lib/gcc/arm-atollic-eabi/6.3.1/../../../../arm-atollic-eabi/lib/armv7-m\libc.a(lib_a-mallocr.o)
                0x2000069c                __malloc_sbrk_base
 .data.__malloc_trim_threshold
                0x200006a0        0x4 d:/aboutstm32/truestudio/truestudio for stm32 9.3.0/armtools/bin/../lib/gcc/arm-atollic-eabi/6.3.1/../../../../arm-atollic-eabi/lib/armv7-m\libc.a(lib_a-mallocr.o)
                0x200006a0                __malloc_trim_threshold
                0x200006a4                . = ALIGN (0x4)
                0x200006a4                _edata = .

.igot.plt       0x200006a4        0x0 load address 0x0801ca0c
 .igot.plt      0x200006a4        0x0 d:/aboutstm32/truestudio/truestudio for stm32 9.3.0/armtools/bin/../lib/gcc/arm-atollic-eabi/6.3.1/armv7-m/crtbegin.o
                0x200006a4                . = ALIGN (0x4)

.bss            0x200006c0     0xaad0 load address 0x0801ca0c
                0x200006c0                _sbss = .
                0x200006c0                __bss_start__ = _sbss
 *(.bss)
 .bss           0x200006c0       0x1c d:/aboutstm32/truestudio/truestudio for stm32 9.3.0/armtools/bin/../lib/gcc/arm-atollic-eabi/6.3.1/armv7-m/crtbegin.o
 *(.bss*)
 .bss.HC595_STATUS
                0x200006dc       0x1a App\Loyer_74HC595\L74HC595.o
                0x200006dc                HC595_STATUS
 .bss.allowTCSamePort
                0x200006f6        0x1 App\Tim\tim4.o
                0x200006f6                allowTCSamePort
 .bss.allowModuleUpdate
                0x200006f7        0x1 App\Tim\tim4.o
                0x200006f7                allowModuleUpdate
 .bss.initCnt   0x200006f8        0x1 App\Tim\tim4.o
                0x200006f8                initCnt
 *fill*         0x200006f9        0x3 
 .bss.heartCnt  0x200006fc        0x4 App\Tim\tim4.o
                0x200006fc                heartCnt
 .bss.statuHeartCnt
                0x20000700        0x1 App\Tim\tim4.o
                0x20000700                statuHeartCnt
 *fill*         0x20000701        0x1 
 .bss.firstStatuHeartCnt
                0x20000702        0x2 App\Tim\tim4.o
                0x20000702                firstStatuHeartCnt
 .bss.checkCnt  0x20000704        0x1 App\Tim\tim4.o
                0x20000704                checkCnt
 *fill*         0x20000705        0x1 
 .bss.allowTCSamePortCnt
                0x20000706        0x2 App\Tim\tim4.o
                0x20000706                allowTCSamePortCnt
 .bss.WDeviceID
                0x20000708        0x4 App\flash\STMFlash.o
                0x20000708                WDeviceID
 .bss.IgnoreLock
                0x2000070c        0x6 App\flash\STMFlash.o
                0x2000070c                IgnoreLock
 *fill*         0x20000712        0x2 
 .bss.UART3_RX_BUF
                0x20000714       0x17 App\powerBank\bat_usart.o
                0x20000714                UART3_RX_BUF
 *fill*         0x2000072b        0x1 
 .bss.framMag   0x2000072c       0x12 App\powerBank\bat_usart.o
                0x2000072c                framMag
 *fill*         0x2000073e        0x2 
 .bss.powerbankStatu
                0x20000740       0x82 App\powerBank\bat_usart.o
                0x20000740                powerbankStatu
 *fill*         0x200007c2        0x2 
 .bss.TCP_Params
                0x200007c4       0x68 App\tcp\public\tcp_public.o
                0x200007c4                TCP_Params
 .bss.WIFI_Fram
                0x2000082c      0xa18 App\tcp\public\tcp_public.o
                0x2000082c                WIFI_Fram
 .bss.F4G_Fram  0x20001244      0xa18 App\tcp\public\tcp_public.o
                0x20001244                F4G_Fram
 .bss.UART4_Read_len
                0x20001c5c        0x2 App\wifi\wifi.o
                0x20001c5c                UART4_Read_len
 .bss.fac_us    0x20001c5e        0x1 Public\systick.o
 *fill*         0x20001c5f        0x1 
 .bss.fac_ms    0x20001c60        0x2 Public\systick.o
 *fill*         0x20001c62        0x2 
 .bss.USART1_Record_Struct
                0x20001c64      0x402 Public\usart.o
                0x20001c64                USART1_Record_Struct
 *fill*         0x20002066        0x2 
 .bss.RegisterParams
                0x20002068       0x39 Public\usart.o
                0x20002068                RegisterParams
 *fill*         0x200020a1        0x3 
 .bss.usart1TestBuf
                0x200020a4       0x12 Public\usart.o
                0x200020a4                usart1TestBuf
 *fill*         0x200020b6        0x2 
 .bss.heap_end.8347
                0x200020b8        0x4 src\syscalls.o
 .bss.__malloc_current_mallinfo
                0x200020bc       0x28 d:/aboutstm32/truestudio/truestudio for stm32 9.3.0/armtools/bin/../lib/gcc/arm-atollic-eabi/6.3.1/../../../../arm-atollic-eabi/lib/armv7-m\libc.a(lib_a-mallocr.o)
                0x200020bc                __malloc_current_mallinfo
 .bss.__malloc_max_sbrked_mem
                0x200020e4        0x4 d:/aboutstm32/truestudio/truestudio for stm32 9.3.0/armtools/bin/../lib/gcc/arm-atollic-eabi/6.3.1/../../../../arm-atollic-eabi/lib/armv7-m\libc.a(lib_a-mallocr.o)
                0x200020e4                __malloc_max_sbrked_mem
 .bss.__malloc_max_total_mem
                0x200020e8        0x4 d:/aboutstm32/truestudio/truestudio for stm32 9.3.0/armtools/bin/../lib/gcc/arm-atollic-eabi/6.3.1/../../../../arm-atollic-eabi/lib/armv7-m\libc.a(lib_a-mallocr.o)
                0x200020e8                __malloc_max_total_mem
 .bss.__malloc_top_pad
                0x200020ec        0x4 d:/aboutstm32/truestudio/truestudio for stm32 9.3.0/armtools/bin/../lib/gcc/arm-atollic-eabi/6.3.1/../../../../arm-atollic-eabi/lib/armv7-m\libc.a(lib_a-mallocr.o)
                0x200020ec                __malloc_top_pad
 *(COMMON)
 COMMON         0x200020f0      0x884 App\flash\STMFlash.o
                0x200020f0                WVersion
                0x200020f4                STMFLASH_BUF
                0x200028f4                RVersion
                0x20002908                RDeviceID
                0x20002910                APPServer
 *fill*         0x20002974        0xc 
 COMMON         0x20002980     0x8800 MALLOC\malloc.o
                0x20002980                mem1mapbase
                0x20003180                mem1base
 COMMON         0x2000b180        0x4 d:/aboutstm32/truestudio/truestudio for stm32 9.3.0/armtools/bin/../lib/gcc/arm-atollic-eabi/6.3.1/../../../../arm-atollic-eabi/lib/armv7-m\libc.a(lib_a-reent.o)
                0x2000b180                errno
 COMMON         0x2000b184        0x9 d:/aboutstm32/truestudio/truestudio for stm32 9.3.0/armtools/bin/../lib/gcc/arm-atollic-eabi/6.3.1/../../../../arm-atollic-eabi/lib/armv7-m\libc.a(lib_a-lock.o)
                0x2000b184                __lock___atexit_recursive_mutex
                0x2000b185                __lock___arc4random_mutex
                0x2000b186                __lock___env_recursive_mutex
                0x2000b187                __lock___sinit_recursive_mutex
                0x2000b188                __lock___malloc_recursive_mutex
                0x2000b189                __lock___at_quick_exit_mutex
                0x2000b18a                __lock___dd_hash_mutex
                0x2000b18b                __lock___tz_mutex
                0x2000b18c                __lock___sfp_recursive_mutex
                0x2000b190                . = ALIGN (0x4)
 *fill*         0x2000b18d        0x3 
                0x2000b190                _ebss = .
                0x2000b190                __bss_end__ = _ebss

._user_heap_stack
                0x2000b190      0x200 load address 0x0801ca0c
                0x2000b190                . = ALIGN (0x4)
                0x2000b190                PROVIDE (end, .)
                [!provide]                PROVIDE (_end, .)
                0x2000b190                . = (. + _Min_Heap_Size)
                0x2000b390                . = (. + _Min_Stack_Size)
 *fill*         0x2000b190      0x200 
                0x2000b390                . = ALIGN (0x4)

.memory_b1_text
 *(.mb1text)
 *(.mb1text*)
 *(.mb1rodata)
 *(.mb1rodata*)

/DISCARD/
 libc.a(*)
 libm.a(*)
 libgcc.a(*)

.ARM.attributes
                0x00000000       0x29
 *(.ARM.attributes)
 .ARM.attributes
                0x00000000       0x1d d:/aboutstm32/truestudio/truestudio for stm32 9.3.0/armtools/bin/../lib/gcc/arm-atollic-eabi/6.3.1/armv7-m/crti.o
 .ARM.attributes
                0x0000001d       0x2d d:/aboutstm32/truestudio/truestudio for stm32 9.3.0/armtools/bin/../lib/gcc/arm-atollic-eabi/6.3.1/armv7-m/crtbegin.o
 .ARM.attributes
                0x0000004a       0x33 App\Loyer_74HC165\L74hc165.o
 .ARM.attributes
                0x0000007d       0x33 App\Loyer_74HC595\L74HC595.o
 .ARM.attributes
                0x000000b0       0x33 App\Tim\tim4.o
 .ARM.attributes
                0x000000e3       0x33 App\audio\audio.o
 .ARM.attributes
                0x00000116       0x33 App\flash\STMFlash.o
 .ARM.attributes
                0x00000149       0x33 App\led\led.o
 .ARM.attributes
                0x0000017c       0x33 App\module_4G\usart_4G.o
 .ARM.attributes
                0x000001af       0x33 App\motor\motor.o
 .ARM.attributes
                0x000001e2       0x33 App\powerBank\bat_usart.o
 .ARM.attributes
                0x00000215       0x33 App\powerBank\charge.o
 .ARM.attributes
                0x00000248       0x33 App\tcp\public\tcp_public.o
 .ARM.attributes
                0x0000027b       0x33 App\tcp\tcp_process.o
 .ARM.attributes
                0x000002ae       0x33 App\util\base64.o
 .ARM.attributes
                0x000002e1       0x33 App\wifi\wifi.o
 .ARM.attributes
                0x00000314       0x33 Libraries\STM32F10x_StdPeriph_Driver\src\misc.o
 .ARM.attributes
                0x00000347       0x33 Libraries\STM32F10x_StdPeriph_Driver\src\stm32f10x_flash.o
 .ARM.attributes
                0x0000037a       0x33 Libraries\STM32F10x_StdPeriph_Driver\src\stm32f10x_gpio.o
 .ARM.attributes
                0x000003ad       0x33 Libraries\STM32F10x_StdPeriph_Driver\src\stm32f10x_rcc.o
 .ARM.attributes
                0x000003e0       0x33 Libraries\STM32F10x_StdPeriph_Driver\src\stm32f10x_tim.o
 .ARM.attributes
                0x00000413       0x33 Libraries\STM32F10x_StdPeriph_Driver\src\stm32f10x_usart.o
 .ARM.attributes
                0x00000446       0x33 MALLOC\malloc.o
 .ARM.attributes
                0x00000479       0x33 Public\systick.o
 .ARM.attributes
                0x000004ac       0x33 Public\usart.o
 .ARM.attributes
                0x000004df       0x33 src\main.o
 .ARM.attributes
                0x00000512       0x21 src\startup_stm32f10x_hd.o
 .ARM.attributes
                0x00000533       0x33 src\stm32f1xx_it.o
 .ARM.attributes
                0x00000566       0x33 src\syscalls.o
 .ARM.attributes
                0x00000599       0x33 src\system_stm32f10x.o
 .ARM.attributes
                0x000005cc       0x2d d:/aboutstm32/truestudio/truestudio for stm32 9.3.0/armtools/bin/../lib/gcc/arm-atollic-eabi/6.3.1/../../../../arm-atollic-eabi/lib/armv7-m\libc.a(lib_a-atoi.o)
 .ARM.attributes
                0x000005f9       0x2d d:/aboutstm32/truestudio/truestudio for stm32 9.3.0/armtools/bin/../lib/gcc/arm-atollic-eabi/6.3.1/../../../../arm-atollic-eabi/lib/armv7-m\libc.a(lib_a-init.o)
 .ARM.attributes
                0x00000626       0x2d d:/aboutstm32/truestudio/truestudio for stm32 9.3.0/armtools/bin/../lib/gcc/arm-atollic-eabi/6.3.1/../../../../arm-atollic-eabi/lib/armv7-m\libc.a(lib_a-itoa.o)
 .ARM.attributes
                0x00000653       0x2d d:/aboutstm32/truestudio/truestudio for stm32 9.3.0/armtools/bin/../lib/gcc/arm-atollic-eabi/6.3.1/../../../../arm-atollic-eabi/lib/armv7-m\libc.a(lib_a-memcmp.o)
 .ARM.attributes
                0x00000680       0x2d d:/aboutstm32/truestudio/truestudio for stm32 9.3.0/armtools/bin/../lib/gcc/arm-atollic-eabi/6.3.1/../../../../arm-atollic-eabi/lib/armv7-m\libc.a(lib_a-memcpy-stub.o)
 .ARM.attributes
                0x000006ad       0x2d d:/aboutstm32/truestudio/truestudio for stm32 9.3.0/armtools/bin/../lib/gcc/arm-atollic-eabi/6.3.1/../../../../arm-atollic-eabi/lib/armv7-m\libc.a(lib_a-memset.o)
 .ARM.attributes
                0x000006da       0x2d d:/aboutstm32/truestudio/truestudio for stm32 9.3.0/armtools/bin/../lib/gcc/arm-atollic-eabi/6.3.1/../../../../arm-atollic-eabi/lib/armv7-m\libc.a(lib_a-printf.o)
 .ARM.attributes
                0x00000707       0x2d d:/aboutstm32/truestudio/truestudio for stm32 9.3.0/armtools/bin/../lib/gcc/arm-atollic-eabi/6.3.1/../../../../arm-atollic-eabi/lib/armv7-m\libc.a(lib_a-puts.o)
 .ARM.attributes
                0x00000734       0x2d d:/aboutstm32/truestudio/truestudio for stm32 9.3.0/armtools/bin/../lib/gcc/arm-atollic-eabi/6.3.1/../../../../arm-atollic-eabi/lib/armv7-m\libc.a(lib_a-reent.o)
 .ARM.attributes
                0x00000761       0x2d d:/aboutstm32/truestudio/truestudio for stm32 9.3.0/armtools/bin/../lib/gcc/arm-atollic-eabi/6.3.1/../../../../arm-atollic-eabi/lib/armv7-m\libc.a(lib_a-snprintf.o)
 .ARM.attributes
                0x0000078e       0x2d d:/aboutstm32/truestudio/truestudio for stm32 9.3.0/armtools/bin/../lib/gcc/arm-atollic-eabi/6.3.1/../../../../arm-atollic-eabi/lib/armv7-m\libc.a(lib_a-sprintf.o)
 .ARM.attributes
                0x000007bb       0x2d d:/aboutstm32/truestudio/truestudio for stm32 9.3.0/armtools/bin/../lib/gcc/arm-atollic-eabi/6.3.1/../../../../arm-atollic-eabi/lib/armv7-m\libc.a(lib_a-strcat.o)
 .ARM.attributes
                0x000007e8       0x2d d:/aboutstm32/truestudio/truestudio for stm32 9.3.0/armtools/bin/../lib/gcc/arm-atollic-eabi/6.3.1/../../../../arm-atollic-eabi/lib/armv7-m\libc.a(lib_a-strchr.o)
 .ARM.attributes
                0x00000815       0x1b d:/aboutstm32/truestudio/truestudio for stm32 9.3.0/armtools/bin/../lib/gcc/arm-atollic-eabi/6.3.1/../../../../arm-atollic-eabi/lib/armv7-m\libc.a(lib_a-strcmp.o)
 .ARM.attributes
                0x00000830       0x2d d:/aboutstm32/truestudio/truestudio for stm32 9.3.0/armtools/bin/../lib/gcc/arm-atollic-eabi/6.3.1/../../../../arm-atollic-eabi/lib/armv7-m\libc.a(lib_a-strcpy.o)
 .ARM.attributes
                0x0000085d       0x17 d:/aboutstm32/truestudio/truestudio for stm32 9.3.0/armtools/bin/../lib/gcc/arm-atollic-eabi/6.3.1/../../../../arm-atollic-eabi/lib/armv7-m\libc.a(lib_a-strlen.o)
 .ARM.attributes
                0x00000874       0x2d d:/aboutstm32/truestudio/truestudio for stm32 9.3.0/armtools/bin/../lib/gcc/arm-atollic-eabi/6.3.1/../../../../arm-atollic-eabi/lib/armv7-m\libc.a(lib_a-strncat.o)
 .ARM.attributes
                0x000008a1       0x2d d:/aboutstm32/truestudio/truestudio for stm32 9.3.0/armtools/bin/../lib/gcc/arm-atollic-eabi/6.3.1/../../../../arm-atollic-eabi/lib/armv7-m\libc.a(lib_a-strncmp.o)
 .ARM.attributes
                0x000008ce       0x2d d:/aboutstm32/truestudio/truestudio for stm32 9.3.0/armtools/bin/../lib/gcc/arm-atollic-eabi/6.3.1/../../../../arm-atollic-eabi/lib/armv7-m\libc.a(lib_a-strncpy.o)
 .ARM.attributes
                0x000008fb       0x2d d:/aboutstm32/truestudio/truestudio for stm32 9.3.0/armtools/bin/../lib/gcc/arm-atollic-eabi/6.3.1/../../../../arm-atollic-eabi/lib/armv7-m\libc.a(lib_a-strstr.o)
 .ARM.attributes
                0x00000928       0x2d d:/aboutstm32/truestudio/truestudio for stm32 9.3.0/armtools/bin/../lib/gcc/arm-atollic-eabi/6.3.1/../../../../arm-atollic-eabi/lib/armv7-m\libc.a(lib_a-strtok.o)
 .ARM.attributes
                0x00000955       0x2d d:/aboutstm32/truestudio/truestudio for stm32 9.3.0/armtools/bin/../lib/gcc/arm-atollic-eabi/6.3.1/../../../../arm-atollic-eabi/lib/armv7-m\libc.a(lib_a-strtok_r.o)
 .ARM.attributes
                0x00000982       0x2d d:/aboutstm32/truestudio/truestudio for stm32 9.3.0/armtools/bin/../lib/gcc/arm-atollic-eabi/6.3.1/../../../../arm-atollic-eabi/lib/armv7-m\libc.a(lib_a-strtol.o)
 .ARM.attributes
                0x000009af       0x2d d:/aboutstm32/truestudio/truestudio for stm32 9.3.0/armtools/bin/../lib/gcc/arm-atollic-eabi/6.3.1/../../../../arm-atollic-eabi/lib/armv7-m\libc.a(lib_a-svfprintf.o)
 .ARM.attributes
                0x000009dc       0x2d d:/aboutstm32/truestudio/truestudio for stm32 9.3.0/armtools/bin/../lib/gcc/arm-atollic-eabi/6.3.1/../../../../arm-atollic-eabi/lib/armv7-m\libc.a(lib_a-utoa.o)
 .ARM.attributes
                0x00000a09       0x2d d:/aboutstm32/truestudio/truestudio for stm32 9.3.0/armtools/bin/../lib/gcc/arm-atollic-eabi/6.3.1/../../../../arm-atollic-eabi/lib/armv7-m\libc.a(lib_a-vfprintf.o)
 .ARM.attributes
                0x00000a36       0x2d d:/aboutstm32/truestudio/truestudio for stm32 9.3.0/armtools/bin/../lib/gcc/arm-atollic-eabi/6.3.1/../../../../arm-atollic-eabi/lib/armv7-m\libc.a(lib_a-wsetup.o)
 .ARM.attributes
                0x00000a63       0x2d d:/aboutstm32/truestudio/truestudio for stm32 9.3.0/armtools/bin/../lib/gcc/arm-atollic-eabi/6.3.1/../../../../arm-atollic-eabi/lib/armv7-m\libc.a(lib_a-dtoa.o)
 .ARM.attributes
                0x00000a90       0x2d d:/aboutstm32/truestudio/truestudio for stm32 9.3.0/armtools/bin/../lib/gcc/arm-atollic-eabi/6.3.1/../../../../arm-atollic-eabi/lib/armv7-m\libc.a(lib_a-fflush.o)
 .ARM.attributes
                0x00000abd       0x2d d:/aboutstm32/truestudio/truestudio for stm32 9.3.0/armtools/bin/../lib/gcc/arm-atollic-eabi/6.3.1/../../../../arm-atollic-eabi/lib/armv7-m\libc.a(lib_a-findfp.o)
 .ARM.attributes
                0x00000aea       0x2d d:/aboutstm32/truestudio/truestudio for stm32 9.3.0/armtools/bin/../lib/gcc/arm-atollic-eabi/6.3.1/../../../../arm-atollic-eabi/lib/armv7-m\libc.a(lib_a-freer.o)
 .ARM.attributes
                0x00000b17       0x2d d:/aboutstm32/truestudio/truestudio for stm32 9.3.0/armtools/bin/../lib/gcc/arm-atollic-eabi/6.3.1/../../../../arm-atollic-eabi/lib/armv7-m\libc.a(lib_a-fvwrite.o)
 .ARM.attributes
                0x00000b44       0x2d d:/aboutstm32/truestudio/truestudio for stm32 9.3.0/armtools/bin/../lib/gcc/arm-atollic-eabi/6.3.1/../../../../arm-atollic-eabi/lib/armv7-m\libc.a(lib_a-fwalk.o)
 .ARM.attributes
                0x00000b71       0x2d d:/aboutstm32/truestudio/truestudio for stm32 9.3.0/armtools/bin/../lib/gcc/arm-atollic-eabi/6.3.1/../../../../arm-atollic-eabi/lib/armv7-m\libc.a(lib_a-impure.o)
 .ARM.attributes
                0x00000b9e       0x2d d:/aboutstm32/truestudio/truestudio for stm32 9.3.0/armtools/bin/../lib/gcc/arm-atollic-eabi/6.3.1/../../../../arm-atollic-eabi/lib/armv7-m\libc.a(lib_a-locale.o)
 .ARM.attributes
                0x00000bcb       0x2d d:/aboutstm32/truestudio/truestudio for stm32 9.3.0/armtools/bin/../lib/gcc/arm-atollic-eabi/6.3.1/../../../../arm-atollic-eabi/lib/armv7-m\libc.a(lib_a-localeconv.o)
 .ARM.attributes
                0x00000bf8       0x2d d:/aboutstm32/truestudio/truestudio for stm32 9.3.0/armtools/bin/../lib/gcc/arm-atollic-eabi/6.3.1/../../../../arm-atollic-eabi/lib/armv7-m\libc.a(lib_a-lock.o)
 .ARM.attributes
                0x00000c25       0x2d d:/aboutstm32/truestudio/truestudio for stm32 9.3.0/armtools/bin/../lib/gcc/arm-atollic-eabi/6.3.1/../../../../arm-atollic-eabi/lib/armv7-m\libc.a(lib_a-makebuf.o)
 .ARM.attributes
                0x00000c52       0x2d d:/aboutstm32/truestudio/truestudio for stm32 9.3.0/armtools/bin/../lib/gcc/arm-atollic-eabi/6.3.1/../../../../arm-atollic-eabi/lib/armv7-m\libc.a(lib_a-malloc.o)
 .ARM.attributes
                0x00000c7f       0x2d d:/aboutstm32/truestudio/truestudio for stm32 9.3.0/armtools/bin/../lib/gcc/arm-atollic-eabi/6.3.1/../../../../arm-atollic-eabi/lib/armv7-m\libc.a(lib_a-mallocr.o)
 .ARM.attributes
                0x00000cac       0x2d d:/aboutstm32/truestudio/truestudio for stm32 9.3.0/armtools/bin/../lib/gcc/arm-atollic-eabi/6.3.1/../../../../arm-atollic-eabi/lib/armv7-m\libc.a(lib_a-mbtowc_r.o)
 .ARM.attributes
                0x00000cd9       0x2d d:/aboutstm32/truestudio/truestudio for stm32 9.3.0/armtools/bin/../lib/gcc/arm-atollic-eabi/6.3.1/../../../../arm-atollic-eabi/lib/armv7-m\libc.a(lib_a-memchr-stub.o)
 .ARM.attributes
                0x00000d06       0x2d d:/aboutstm32/truestudio/truestudio for stm32 9.3.0/armtools/bin/../lib/gcc/arm-atollic-eabi/6.3.1/../../../../arm-atollic-eabi/lib/armv7-m\libc.a(lib_a-memmove.o)
 .ARM.attributes
                0x00000d33       0x2d d:/aboutstm32/truestudio/truestudio for stm32 9.3.0/armtools/bin/../lib/gcc/arm-atollic-eabi/6.3.1/../../../../arm-atollic-eabi/lib/armv7-m\libc.a(lib_a-mlock.o)
 .ARM.attributes
                0x00000d60       0x2d d:/aboutstm32/truestudio/truestudio for stm32 9.3.0/armtools/bin/../lib/gcc/arm-atollic-eabi/6.3.1/../../../../arm-atollic-eabi/lib/armv7-m\libc.a(lib_a-mprec.o)
 .ARM.attributes
                0x00000d8d       0x2d d:/aboutstm32/truestudio/truestudio for stm32 9.3.0/armtools/bin/../lib/gcc/arm-atollic-eabi/6.3.1/../../../../arm-atollic-eabi/lib/armv7-m\libc.a(lib_a-reallocr.o)
 .ARM.attributes
                0x00000dba       0x2d d:/aboutstm32/truestudio/truestudio for stm32 9.3.0/armtools/bin/../lib/gcc/arm-atollic-eabi/6.3.1/../../../../arm-atollic-eabi/lib/armv7-m\libc.a(lib_a-sbrkr.o)
 .ARM.attributes
                0x00000de7       0x2d d:/aboutstm32/truestudio/truestudio for stm32 9.3.0/armtools/bin/../lib/gcc/arm-atollic-eabi/6.3.1/../../../../arm-atollic-eabi/lib/armv7-m\libc.a(lib_a-stdio.o)
 .ARM.attributes
                0x00000e14       0x2d d:/aboutstm32/truestudio/truestudio for stm32 9.3.0/armtools/bin/../lib/gcc/arm-atollic-eabi/6.3.1/../../../../arm-atollic-eabi/lib/armv7-m\libc.a(lib_a-svfiprintf.o)
 .ARM.attributes
                0x00000e41       0x2d d:/aboutstm32/truestudio/truestudio for stm32 9.3.0/armtools/bin/../lib/gcc/arm-atollic-eabi/6.3.1/../../../../arm-atollic-eabi/lib/armv7-m\libc.a(lib_a-vfiprintf.o)
 .ARM.attributes
                0x00000e6e       0x2d d:/aboutstm32/truestudio/truestudio for stm32 9.3.0/armtools/bin/../lib/gcc/arm-atollic-eabi/6.3.1/../../../../arm-atollic-eabi/lib/armv7-m\libc.a(lib_a-wctomb_r.o)
 .ARM.attributes