Archive member included to satisfy reference by file (symbol)

d:/aboutstm32/truestudio/truestudio for stm32 9.3.0/armtools/bin/../lib/gcc/arm-atollic-eabi/6.3.1/../../../../arm-atollic-eabi/lib/armv7-m\libc.a(lib_a-atoi.o)
                              App\module_4G\usart_4G.o (atoi)
d:/aboutstm32/truestudio/truestudio for stm32 9.3.0/armtools/bin/../lib/gcc/arm-atollic-eabi/6.3.1/../../../../arm-atollic-eabi/lib/armv7-m\libc.a(lib_a-init.o)
                              src\startup_stm32f10x_hd.o (__libc_init_array)
d:/aboutstm32/truestudio/truestudio for stm32 9.3.0/armtools/bin/../lib/gcc/arm-atollic-eabi/6.3.1/../../../../arm-atollic-eabi/lib/armv7-m\libc.a(lib_a-itoa.o)
                              App\powerBank\bat_usart.o (itoa)
d:/aboutstm32/truestudio/truestudio for stm32 9.3.0/armtools/bin/../lib/gcc/arm-atollic-eabi/6.3.1/../../../../arm-atollic-eabi/lib/armv7-m\libc.a(lib_a-memcpy-stub.o)
                              App\tcp\public\tcp_public.o (memcpy)
d:/aboutstm32/truestudio/truestudio for stm32 9.3.0/armtools/bin/../lib/gcc/arm-atollic-eabi/6.3.1/../../../../arm-atollic-eabi/lib/armv7-m\libc.a(lib_a-memset.o)
                              App\module_4G\usart_4G.o (memset)
d:/aboutstm32/truestudio/truestudio for stm32 9.3.0/armtools/bin/../lib/gcc/arm-atollic-eabi/6.3.1/../../../../arm-atollic-eabi/lib/armv7-m\libc.a(lib_a-printf.o)
                              App\Loyer_74HC165\L74hc165.o (printf)
d:/aboutstm32/truestudio/truestudio for stm32 9.3.0/armtools/bin/../lib/gcc/arm-atollic-eabi/6.3.1/../../../../arm-atollic-eabi/lib/armv7-m\libc.a(lib_a-puts.o)
                              App\Tim\tim4.o (puts)
d:/aboutstm32/truestudio/truestudio for stm32 9.3.0/armtools/bin/../lib/gcc/arm-atollic-eabi/6.3.1/../../../../arm-atollic-eabi/lib/armv7-m\libc.a(lib_a-reent.o)
                              src\syscalls.o (errno)
d:/aboutstm32/truestudio/truestudio for stm32 9.3.0/armtools/bin/../lib/gcc/arm-atollic-eabi/6.3.1/../../../../arm-atollic-eabi/lib/armv7-m\libc.a(lib_a-snprintf.o)
                              App\powerBank\bat_usart.o (snprintf)
d:/aboutstm32/truestudio/truestudio for stm32 9.3.0/armtools/bin/../lib/gcc/arm-atollic-eabi/6.3.1/../../../../arm-atollic-eabi/lib/armv7-m\libc.a(lib_a-sprintf.o)
                              App\module_4G\usart_4G.o (sprintf)
d:/aboutstm32/truestudio/truestudio for stm32 9.3.0/armtools/bin/../lib/gcc/arm-atollic-eabi/6.3.1/../../../../arm-atollic-eabi/lib/armv7-m\libc.a(lib_a-strcat.o)
                              App\powerBank\bat_usart.o (strcat)
d:/aboutstm32/truestudio/truestudio for stm32 9.3.0/armtools/bin/../lib/gcc/arm-atollic-eabi/6.3.1/../../../../arm-atollic-eabi/lib/armv7-m\libc.a(lib_a-strchr.o)
                              App\module_4G\usart_4G.o (strchr)
d:/aboutstm32/truestudio/truestudio for stm32 9.3.0/armtools/bin/../lib/gcc/arm-atollic-eabi/6.3.1/../../../../arm-atollic-eabi/lib/armv7-m\libc.a(lib_a-strcmp.o)
                              Public\usart.o (strcmp)
d:/aboutstm32/truestudio/truestudio for stm32 9.3.0/armtools/bin/../lib/gcc/arm-atollic-eabi/6.3.1/../../../../arm-atollic-eabi/lib/armv7-m\libc.a(lib_a-strcpy.o)
                              App\powerBank\bat_usart.o (strcpy)
d:/aboutstm32/truestudio/truestudio for stm32 9.3.0/armtools/bin/../lib/gcc/arm-atollic-eabi/6.3.1/../../../../arm-atollic-eabi/lib/armv7-m\libc.a(lib_a-strlen.o)
                              App\powerBank\bat_usart.o (strlen)
d:/aboutstm32/truestudio/truestudio for stm32 9.3.0/armtools/bin/../lib/gcc/arm-atollic-eabi/6.3.1/../../../../arm-atollic-eabi/lib/armv7-m\libc.a(lib_a-strncat.o)
                              App\powerBank\bat_usart.o (strncat)
d:/aboutstm32/truestudio/truestudio for stm32 9.3.0/armtools/bin/../lib/gcc/arm-atollic-eabi/6.3.1/../../../../arm-atollic-eabi/lib/armv7-m\libc.a(lib_a-strncmp.o)
                              Public\usart.o (strncmp)
d:/aboutstm32/truestudio/truestudio for stm32 9.3.0/armtools/bin/../lib/gcc/arm-atollic-eabi/6.3.1/../../../../arm-atollic-eabi/lib/armv7-m\libc.a(lib_a-strncpy.o)
                              Public\usart.o (strncpy)
d:/aboutstm32/truestudio/truestudio for stm32 9.3.0/armtools/bin/../lib/gcc/arm-atollic-eabi/6.3.1/../../../../arm-atollic-eabi/lib/armv7-m\libc.a(lib_a-strstr.o)
                              App\module_4G\usart_4G.o (strstr)
d:/aboutstm32/truestudio/truestudio for stm32 9.3.0/armtools/bin/../lib/gcc/arm-atollic-eabi/6.3.1/../../../../arm-atollic-eabi/lib/armv7-m\libc.a(lib_a-strtok.o)
                              App\module_4G\usart_4G.o (strtok)
d:/aboutstm32/truestudio/truestudio for stm32 9.3.0/armtools/bin/../lib/gcc/arm-atollic-eabi/6.3.1/../../../../arm-atollic-eabi/lib/armv7-m\libc.a(lib_a-strtok_r.o)
                              d:/aboutstm32/truestudio/truestudio for stm32 9.3.0/armtools/bin/../lib/gcc/arm-atollic-eabi/6.3.1/../../../../arm-atollic-eabi/lib/armv7-m\libc.a(lib_a-strtok.o) (__strtok_r)
[...]
Memory Configuration

Name             Origin             Length             Attributes
FLASH            0x08000000         0x00040000         xr
RAM              0x20000000         0x0000c000         xrw
MEMORY_B1        0x60000000         0x00000000         xr
*default*        0x00000000         0xffffffff

Linker script and memory map

LOAD d:/aboutstm32/truestudio/truestudio for stm32 9.3.0/armtools/bin/../lib/gcc/arm-atollic-eabi/6.3.1/armv7-m/crti.o
LOAD d:/aboutstm32/truestudio/truestudio for stm32 9.3.0/armtools/bin/../lib/gcc/arm-atollic-eabi/6.3.1/armv7-m/crtbegin.o
LOAD App\Loyer_74HC165\L74hc165.o
LOAD App\Loyer_74HC595\L74HC595.o
LOAD App\Tim\task.o
LOAD App\Tim\tim4.o
LOAD App\audio\audio.o
LOAD App\flash\STMFlash.o
LOAD App\led\led.o
LOAD App\module_4G\usart_4G.o
LOAD App\motor\motor.o
LOAD App\powerBank\bat_usart.o
LOAD App\powerBank\charge.o
LOAD App\tcp\public\tcp_public.o
LOAD App\tcp\tcp_process.o
LOAD App\util\base64.o
LOAD App\wifi\wifi.o
LOAD Libraries\STM32F10x_StdPeriph_Driver\src\misc.o
LOAD Libraries\STM32F10x_StdPeriph_Driver\src\stm32f10x_adc.o
LOAD Libraries\STM32F10x_StdPeriph_Driver\src\stm32f10x_bkp.o
LOAD Libraries\STM32F10x_StdPeriph_Driver\src\stm32f10x_can.o
LOAD Libraries\STM32F10x_StdPeriph_Driver\src\stm32f10x_cec.o
LOAD Libraries\STM32F10x_StdPeriph_Driver\src\stm32f10x_crc.o
LOAD Libraries\STM32F10x_StdPeriph_Driver\src\stm32f10x_dac.o
LOAD Libraries\STM32F10x_StdPeriph_Driver\src\stm32f10x_dbgmcu.o
LOAD Libraries\STM32F10x_StdPeriph_Driver\src\stm32f10x_dma.o
LOAD Libraries\STM32F10x_StdPeriph_Driver\src\stm32f10x_exti.o
LOAD Libraries\STM32F10x_StdPeriph_Driver\src\stm32f10x_flash.o
LOAD Libraries\STM32F10x_StdPeriph_Driver\src\stm32f10x_fsmc.o
LOAD Libraries\STM32F10x_StdPeriph_Driver\src\stm32f10x_gpio.o
LOAD Libraries\STM32F10x_StdPeriph_Driver\src\stm32f10x_i2c.o
LOAD Libraries\STM32F10x_StdPeriph_Driver\src\stm32f10x_iwdg.o
LOAD Libraries\STM32F10x_StdPeriph_Driver\src\stm32f10x_pwr.o
LOAD Libraries\STM32F10x_StdPeriph_Driver\src\stm32f10x_rcc.o
LOAD Libraries\STM32F10x_StdPeriph_Driver\src\stm32f10x_rtc.o
LOAD Libraries\STM32F10x_StdPeriph_Driver\src\stm32f10x_sdio.o
LOAD Libraries\STM32F10x_StdPeriph_Driver\src\stm32f10x_spi.o
LOAD Libraries\STM32F10x_StdPeriph_Driver\src\stm32f10x_tim.o
LOAD Libraries\STM32F10x_StdPeriph_Driver\src\stm32f10x_usart.o
LOAD Libraries\STM32F10x_StdPeriph_Driver\src\stm32f10x_wwdg.o
LOAD MALLOC\malloc.o
LOAD Public\bit_band.o
LOAD Public\systick.o
LOAD Public\usart.o
LOAD src\app.o
LOAD src\main.o
LOAD src\startup_stm32f10x_hd.o
LOAD src\stm32f1xx_it.o
LOAD src\syscalls.o
LOAD src\system_stm32f10x.o
                0x00000080                malloc_getpagesize_P = 0x80
START GROUP
LOAD d:/aboutstm32/truestudio/truestudio for stm32 9.3.0/armtools/bin/../lib/gcc/arm-atollic-eabi/6.3.1/../../../../arm-atollic-eabi/lib/armv7-m\libc.a
LOAD d:/aboutstm32/truestudio/truestudio for stm32 9.3.0/armtools/bin/../lib/gcc/arm-atollic-eabi/6.3.1/../../../../arm-atollic-eabi/lib/armv7-m\libm.a
END GROUP
START GROUP
LOAD d:/aboutstm32/truestudio/truestudio for stm32 9.3.0/armtools/bin/../lib/gcc/arm-atollic-eabi/6.3.1/armv7-m\libgcc.a
LOAD d:/aboutstm32/truestudio/truestudio for stm32 9.3.0/armtools/bin/../lib/gcc/arm-atollic-eabi/6.3.1/../../../../arm-atollic-eabi/lib/armv7-m\libc.a
END GROUP
START GROUP
LOAD d:/aboutstm32/truestudio/truestudio for stm32 9.3.0/armtools/bin/../lib/gcc/arm-atollic-eabi/6.3.1/armv7-m\libgcc.a
LOAD d:/aboutstm32/truestudio/truestudio for stm32 9.3.0/armtools/bin/../lib/gcc/arm-atollic-eabi/6.3.1/../../../../arm-atollic-eabi/lib/armv7-m\libc.a
LOAD d:/aboutstm32/truestudio/truestudio for stm32 9.3.0/armtools/bin/../lib/gcc/arm-atollic-eabi/6.3.1/../../../../arm-atollic-eabi/lib/armv7-m\libnosys.a
END GROUP
LOAD d:/aboutstm32/truestudio/truestudio for stm32 9.3.0/armtools/bin/../lib/gcc/arm-atollic-eabi/6.3.1/armv7-m/crtend.o
LOAD d:/aboutstm32/truestudio/truestudio for stm32 9.3.0/armtools/bin/../lib/gcc/arm-atollic-eabi/6.3.1/armv7-m/crtn.o
                0x2000c000                _estack = 0x2000c000
                0x00000000                _Min_Heap_Size = 0x0
                0x00000200                _Min_Stack_Size = 0x200

.isr_vector     0x08000000      0x1e4
                0x08000000                . = ALIGN (0x4)
 *(.isr_vector)
 .isr_vector    0x08000000      0x1e4 src\startup_stm32f10x_hd.o
                0x08000000                g_pfnVectors
                0x080001e4                . = ALIGN (0x4)

.text           0x080001e8     0xb7ac
                0x080001e8                . = ALIGN (0x4)
 *(.text)
 .text          0x080001e8       0x40 d:/aboutstm32/truestudio/truestudio for stm32 9.3.0/armtools/bin/../lib/gcc/arm-atollic-eabi/6.3.1/armv7-m/crtbegin.o
 .text          0x08000228       0x14 d:/aboutstm32/truestudio/truestudio for stm32 9.3.0/armtools/bin/../lib/gcc/arm-atollic-eabi/6.3.1/../../../../arm-atollic-eabi/lib/armv7-m\libc.a(lib_a-strcmp.o)
                0x08000228                strcmp
 .text          0x0800023c       0x10 d:/aboutstm32/truestudio/truestudio for stm32 9.3.0/armtools/bin/../lib/gcc/arm-atollic-eabi/6.3.1/../../../../arm-atollic-eabi/lib/armv7-m\libc.a(lib_a-strlen.o)
                0x0800023c                strlen
 .text          0x0800024c      0x370 d:/aboutstm32/truestudio/truestudio for stm32 9.3.0/armtools/bin/../lib/gcc/arm-atollic-eabi/6.3.1/armv7-m\libgcc.a(_arm_addsubdf3.o)
                0x0800024c                __aeabi_drsub
                0x08000254                __aeabi_dsub
                0x08000254                __subdf3
                0x08000258                __aeabi_dadd
                0x08000258                __adddf3
                0x080004d0                __floatunsidf
                0x080004d0                __aeabi_ui2d
                0x080004f0                __floatsidf
                0x080004f0                __aeabi_i2d
                0x08000514                __aeabi_f2d
                0x08000514                __extendsfdf2
                0x08000550                __floatundidf
                0x08000550                __aeabi_ul2d
                0x08000560                __floatdidf
                0x08000560                __aeabi_l2d
 .text          0x080005bc      0x424 d:/aboutstm32/truestudio/truestudio for stm32 9.3.0/armtools/bin/../lib/gcc/arm-atollic-eabi/6.3.1/armv7-m\libgcc.a(_arm_muldivdf3.o)
                0x080005bc                __aeabi_dmul
                0x080005bc                __muldf3
                0x08000810                __divdf3
                0x08000810                __aeabi_ddiv
 .text          0x080009e0      0x110 d:/aboutstm32/truestudio/truestudio for stm32 9.3.0/armtools/bin/../lib/gcc/arm-atollic-eabi/6.3.1/armv7-m\libgcc.a(_arm_cmpdf2.o)
                0x080009e0                __gtdf2
                0x080009e0                __gedf2
                0x080009e8                __ltdf2
                0x080009e8                __ledf2
                0x080009f0                __nedf2
                0x080009f0                __eqdf2
                0x080009f0                __cmpdf2
                0x08000a6c                __aeabi_cdrcmple
                0x08000a7c                __aeabi_cdcmpeq
                0x08000a7c                __aeabi_cdcmple
                0x08000a8c                __aeabi_dcmpeq
                0x08000aa0                __aeabi_dcmplt
                0x08000ab4                __aeabi_dcmple
                0x08000ac8                __aeabi_dcmpge
                0x08000adc                __aeabi_dcmpgt
 .text          0x08000af0       0x2c d:/aboutstm32/truestudio/truestudio for stm32 9.3.0/armtools/bin/../lib/gcc/arm-atollic-eabi/6.3.1/armv7-m\libgcc.a(_arm_unorddf2.o)
                0x08000af0                __unorddf2
                0x08000af0                __aeabi_dcmpun
 .text          0x08000b1c       0x50 d:/aboutstm32/truestudio/truestudio for stm32 9.3.0/armtools/bin/../lib/gcc/arm-atollic-eabi/6.3.1/armv7-m\libgcc.a(_arm_fixdfsi.o)
                0x08000b1c                __aeabi_d2iz
                0x08000b1c                __fixdfsi
 .text          0x08000b6c       0x30 d:/aboutstm32/truestudio/truestudio for stm32 9.3.0/armtools/bin/../lib/gcc/arm-atollic-eabi/6.3.1/armv7-m\libgcc.a(_aeabi_uldivmod.o)
                0x08000b6c                __aeabi_uldivmod
 .text          0x08000b9c      0x2dc d:/aboutstm32/truestudio/truestudio for stm32 9.3.0/armtools/bin/../lib/gcc/arm-atollic-eabi/6.3.1/armv7-m\libgcc.a(_udivmoddi4.o)
                0x08000b9c                __udivmoddi4
 .text          0x08000e78        0x4 d:/aboutstm32/truestudio/truestudio for stm32 9.3.0/armtools/bin/../lib/gcc/arm-atollic-eabi/6.3.1/armv7-m\libgcc.a(_dvmd_tls.o)
                0x08000e78                __aeabi_idiv0
                0x08000e78                __aeabi_ldiv0
 *(.text*)
 .text.Init_74HC165
                0x08000e7c       0x64 App\Loyer_74HC165\L74hc165.o
                0x08000e7c                Init_74HC165
 .text.read_74HC165
                0x08000ee0       0xe8 App\Loyer_74HC165\L74hc165.o
                0x08000ee0                read_74HC165
 .text.Init_74HC595
                0x08000fc8       0x74 App\Loyer_74HC595\L74HC595.o
                0x08000fc8                Init_74HC595
 .text.HC595_Send_Byte
                0x0800103c       0x7c App\Loyer_74HC595\L74HC595.o
                0x0800103c                HC595_Send_Byte
 .text.ledON    0x080010b8       0x4c App\Loyer_74HC595\L74HC595.o
                0x080010b8                ledON
 .text.ledOFF   0x08001104       0x48 App\Loyer_74HC595\L74HC595.o
                0x08001104                ledOFF
 .text.ledBLINK
                0x0800114c       0x48 App\Loyer_74HC595\L74HC595.o
                0x0800114c                ledBLINK
 .text.TIM2_IRQHandler
                0x08001194       0x30 App\Tim\task.o
                0x08001194                TIM2_IRQHandler
 .text.TIM3_IRQHandler
                0x080011c4       0x24 App\Tim\task.o
                0x080011c4                TIM3_IRQHandler
 .text.TIM5_IRQHandler
                0x080011e8       0xac App\Tim\task.o
                0x080011e8                TIM5_IRQHandler
 .text.TIM4_Init
                0x08001294       0x7c App\Tim\tim4.o
                0x08001294                TIM4_Init
 .text.Task_Init
                0x08001310      0x124 App\Tim\tim4.o
                0x08001310                Task_Init
 .text.TIM4_IRQHandler
                0x08001434      0x3bc App\Tim\tim4.o
                0x08001434                TIM4_IRQHandler
 .text.Init_Audio
                0x080017f0       0x38 App\audio\audio.o
                0x080017f0                Init_Audio
 .text.play_audio
                0x08001828       0x58 App\audio\audio.o
                0x08001828                play_audio
 .text.STMFLASH_ReadHalfWord
                0x08001880       0x18 App\flash\STMFlash.o
                0x08001880                STMFLASH_ReadHalfWord
 .text.STMFLASH_Write_NoCheck
                0x08001898       0x42 App\flash\STMFlash.o
                0x08001898                STMFLASH_Write_NoCheck
 *fill*         0x080018da        0x2 
 .text.STMFLASH_Write
                0x080018dc      0x150 App\flash\STMFlash.o
                0x080018dc                STMFLASH_Write
 .text.STMFLASH_Read
                0x08001a2c       0x42 App\flash\STMFlash.o
                0x08001a2c                STMFLASH_Read
 *fill*         0x08001a6e        0x2 
 .text.ReadDeviceID
                0x08001a70       0x20 App\flash\STMFlash.o
                0x08001a70                ReadDeviceID
 .text.ReadVersion
                0x08001a90       0x20 App\flash\STMFlash.o
                0x08001a90                ReadVersion
 .text.ReadAPPServer
                0x08001ab0       0x24 App\flash\STMFlash.o
                0x08001ab0                ReadAPPServer
 .text.WriteIgnoreLock
                0x08001ad4       0x34 App\flash\STMFlash.o
                0x08001ad4                WriteIgnoreLock
 .text.ReadIgnoreLock
                0x08001b08       0x2c App\flash\STMFlash.o
                0x08001b08                ReadIgnoreLock
 .text.Init_led
                0x08001b34       0x50 App\led\led.o
                0x08001b34                Init_led
 .text.USART2_Init
                0x08001b84       0xbc App\module_4G\usart_4G.o
                0x08001b84                USART2_Init
 .text.F4G_Init
                0x08001c40       0x68 App\module_4G\usart_4G.o
                0x08001c40                F4G_Init
 .text.USART2_IRQHandler
                0x08001ca8      0x164 App\module_4G\usart_4G.o
                0x08001ca8                USART2_IRQHandler
 .text.module4GPowerOn
                0x08001e0c       0xd0 App\module_4G\usart_4G.o
                0x08001e0c                module4GPowerOn
 .text.ConnectToServerBy4G
                0x08001edc      0x1c0 App\module_4G\usart_4G.o
                0x08001edc                ConnectToServerBy4G
 .text.getModuleMes
                0x0800209c      0x1e0 App\module_4G\usart_4G.o
                0x0800209c                getModuleMes
 .text.F4G_ExitUnvarnishSend
                0x0800227c       0x28 App\module_4G\usart_4G.o
                0x0800227c                F4G_ExitUnvarnishSend
 .text.Init_Motor
                0x080022a4       0x98 App\motor\motor.o
                0x080022a4                Init_Motor
 .text.motor_run
                0x0800233c      0x104 App\motor\motor.o
                0x0800233c                motor_run
 .text.popUP_powerBank
                0x08002440      0x29c App\motor\motor.o
                0x08002440                popUP_powerBank
 .text.popUP_All
                0x080026dc       0x98 App\motor\motor.o
                0x080026dc                popUP_All
 .text.motor_stop
                0x08002774       0xc0 App\motor\motor.o
                0x08002774                motor_stop
 .text.USART3_Init
                0x08002834       0xbc App\powerBank\bat_usart.o
                0x08002834                USART3_Init
 .text.Init_Bat_Usart
                0x080028f0       0x5c App\powerBank\bat_usart.o
                0x080028f0                Init_Bat_Usart
 .text.communicateWithPort
                0x0800294c       0xec App\powerBank\bat_usart.o
                0x0800294c                communicateWithPort
 .text.communicationTest
                0x08002a38       0x88 App\powerBank\bat_usart.o
                0x08002a38                communicationTest
 .text.checkPowerbankStatus
                0x08002ac0      0x1ec App\powerBank\bat_usart.o
                0x08002ac0                checkPowerbankStatus
 .text.scanPowerBank
                0x08002cac       0x74 App\powerBank\bat_usart.o
                0x08002cac                scanPowerBank
 .text.setBATInstruction
                0x08002d20       0xe0 App\powerBank\bat_usart.o
                0x08002d20                setBATInstruction
 .text.BSP_UART_SendOneByte
                0x08002e00       0x34 App\powerBank\bat_usart.o
                0x08002e00                BSP_UART_SendOneByte
 .text.get_crc  0x08002e34       0x78 App\powerBank\bat_usart.o
                0x08002e34                get_crc
 .text.get_crc_2
                0x08002eac       0x7a App\powerBank\bat_usart.o
                0x08002eac                get_crc_2
 *fill*         0x08002f26        0x2 
 .text.BSP_UART_SendMultipleBytes
                0x08002f28       0x40 App\powerBank\bat_usart.o
                0x08002f28                BSP_UART_SendMultipleBytes
 .text.app_frame_anasys
                0x08002f68       0x94 App\powerBank\bat_usart.o
                0x08002f68                app_frame_anasys
 .text.app_cmd_anasys
                0x08002ffc      0x164 App\powerBank\bat_usart.o
                0x08002ffc                app_cmd_anasys
 .text.controlPowerbank
                0x08003160       0x52 App\powerBank\bat_usart.o
                0x08003160                controlPowerbank
 *fill*         0x080031b2        0x2 
 .text.USART3_IRQHandler
                0x080031b4       0xe0 App\powerBank\bat_usart.o
                0x080031b4                USART3_IRQHandler
 .text.Init_BAT_Charge
                0x08003294       0x88 App\powerBank\charge.o
                0x08003294                Init_BAT_Charge
 .text.controlPowerBankCharge
                0x0800331c       0x8c App\powerBank\charge.o
                0x0800331c                controlPowerBankCharge
 .text.itoa     0x080033a8       0xc0 App\tcp\public\tcp_public.o
 .text._USART_printf
                0x08003468      0x148 App\tcp\public\tcp_public.o
                0x08003468                _USART_printf
 .text.Send_AT_Cmd
                0x080035b0      0x108 App\tcp\public\tcp_public.o
                0x080035b0                Send_AT_Cmd
 .text.AT_Test  0x080036b8       0xb8 App\tcp\public\tcp_public.o
                0x080036b8                AT_Test
 .text.mySplit  0x08003770       0x7c App\tcp\public\tcp_public.o
                0x08003770                mySplit
 .text.NVIC_SystemReset
                0x080037ec       0x28 App\tcp\tcp_process.o
 .text.TCP_sendStr
                0x08003814       0xb0 App\tcp\tcp_process.o
                0x08003814                TCP_sendStr
 .text.getRegisterStr
                0x080038c4       0x64 App\tcp\tcp_process.o
                0x080038c4                getRegisterStr
 .text.getRequestStrWithoutParam
                0x08003928       0x38 App\tcp\tcp_process.o
                0x08003928                getRequestStrWithoutParam
 .text.getPowerbankSTAStr
                0x08003960       0xe4 App\tcp\tcp_process.o
                0x08003960                getPowerbankSTAStr
 .text.getPowerbankSTAStrWithoutRSSI
                0x08003a44       0xa0 App\tcp\tcp_process.o
                0x08003a44                getPowerbankSTAStrWithoutRSSI
 .text.ProcessServerCmd
                0x08003ae4      0x1f4 App\tcp\tcp_process.o
                0x08003ae4                ProcessServerCmd
 .text.systemPopup
                0x08003cd8      0x114 App\tcp\tcp_process.o
                0x08003cd8                systemPopup
 .text.orderPopup
                0x08003dec      0x130 App\tcp\tcp_process.o
                0x08003dec                orderPopup
 .text.modifyLockSTA
                0x08003f1c       0x50 App\tcp\tcp_process.o
                0x08003f1c                modifyLockSTA
 .text.commonHeart
                0x08003f6c       0x6c App\tcp\tcp_process.o
                0x08003f6c                commonHeart
 .text.forceHeart
                0x08003fd8       0x8c App\tcp\tcp_process.o
                0x08003fd8                forceHeart
 .text.responseReset
                0x08004064       0x2a App\tcp\tcp_process.o
                0x08004064                responseReset
 *fill*         0x0800408e        0x2 
 .text.reportPortStatuChanged
                0x08004090       0x58 App\tcp\tcp_process.o
                0x08004090                reportPortStatuChanged
 .text.request4Register
                0x080040e8       0x50 App\tcp\tcp_process.o
                0x080040e8                request4Register
 .text.getRegisterParams
                0x08004138       0x7c App\tcp\tcp_process.o
                0x08004138                getRegisterParams
 .text.base64_encode
                0x080041b4      0x19c App\util\base64.o
                0x080041b4                base64_encode
 .text.num_strchr
                0x08004350       0x32 App\util\base64.o
                0x08004350                num_strchr
 *fill*         0x08004382        0x2 
 .text.base64_decode
                0x08004384      0x140 App\util\base64.o
                0x08004384                base64_decode
 .text.UART4_IRQHandler
                0x080044c4      0x164 App\wifi\wifi.o
                0x080044c4                UART4_IRQHandler
 .text.NVIC_PriorityGroupConfig
                0x08004628       0x24 Libraries\STM32F10x_StdPeriph_Driver\src\misc.o
                0x08004628                NVIC_PriorityGroupConfig
 .text.NVIC_Init
                0x0800464c       0xc4 Libraries\STM32F10x_StdPeriph_Driver\src\misc.o
                0x0800464c                NVIC_Init
 .text.SysTick_CLKSourceConfig
                0x08004710       0x38 Libraries\STM32F10x_StdPeriph_Driver\src\misc.o
                0x08004710                SysTick_CLKSourceConfig
 .text.FLASH_SetLatency
                0x08004748       0x38 Libraries\STM32F10x_StdPeriph_Driver\src\stm32f10x_flash.o
                0x08004748                FLASH_SetLatency
 .text.FLASH_PrefetchBufferCmd
                0x08004780       0x30 Libraries\STM32F10x_StdPeriph_Driver\src\stm32f10x_flash.o
                0x08004780                FLASH_PrefetchBufferCmd
 .text.FLASH_Unlock
                0x080047b0       0x24 Libraries\STM32F10x_StdPeriph_Driver\src\stm32f10x_flash.o
                0x080047b0                FLASH_Unlock
 .text.FLASH_Lock
                0x080047d4       0x1c Libraries\STM32F10x_StdPeriph_Driver\src\stm32f10x_flash.o
                0x080047d4                FLASH_Lock
 .text.FLASH_ErasePage
                0x080047f0       0x64 Libraries\STM32F10x_StdPeriph_Driver\src\stm32f10x_flash.o
                0x080047f0                FLASH_ErasePage
 .text.FLASH_ProgramHalfWord
                0x08004854       0x5c Libraries\STM32F10x_StdPeriph_Driver\src\stm32f10x_flash.o
                0x08004854                FLASH_ProgramHalfWord
 .text.FLASH_GetBank1Status
                0x080048b0       0x54 Libraries\STM32F10x_StdPeriph_Driver\src\stm32f10x_flash.o
                0x080048b0                FLASH_GetBank1Status
 .text.FLASH_WaitForLastOperation
                0x08004904       0x44 Libraries\STM32F10x_StdPeriph_Driver\src\stm32f10x_flash.o
                0x08004904                FLASH_WaitForLastOperation
 .text.GPIO_Init
                0x08004948      0x178 Libraries\STM32F10x_StdPeriph_Driver\src\stm32f10x_gpio.o
                0x08004948                GPIO_Init
 .text.GPIO_ReadInputDataBit
                0x08004ac0       0x32 Libraries\STM32F10x_StdPeriph_Driver\src\stm32f10x_gpio.o
                0x08004ac0                GPIO_ReadInputDataBit
 .text.GPIO_SetBits
                0x08004af2       0x1c Libraries\STM32F10x_StdPeriph_Driver\src\stm32f10x_gpio.o
                0x08004af2                GPIO_SetBits
 .text.GPIO_ResetBits
                0x08004b0e       0x1c Libraries\STM32F10x_StdPeriph_Driver\src\stm32f10x_gpio.o
                0x08004b0e                GPIO_ResetBits
 *fill*         0x08004b2a        0x2 
 .text.GPIO_PinRemapConfig
                0x08004b2c       0xe0 Libraries\STM32F10x_StdPeriph_Driver\src\stm32f10x_gpio.o
                0x08004b2c                GPIO_PinRemapConfig
 .text.RCC_DeInit
                0x08004c0c       0x5c Libraries\STM32F10x_StdPeriph_Driver\src\stm32f10x_rcc.o
                0x08004c0c                RCC_DeInit
 .text.RCC_HSICmd
                0x08004c68       0x20 Libraries\STM32F10x_StdPeriph_Driver\src\stm32f10x_rcc.o
                0x08004c68                RCC_HSICmd
 .text.RCC_PLLConfig
                0x08004c88       0x3c Libraries\STM32F10x_StdPeriph_Driver\src\stm32f10x_rcc.o
                0x08004c88                RCC_PLLConfig
 .text.RCC_PLLCmd
                0x08004cc4       0x20 Libraries\STM32F10x_StdPeriph_Driver\src\stm32f10x_rcc.o
                0x08004cc4                RCC_PLLCmd
 .text.RCC_SYSCLKConfig
                0x08004ce4       0x38 Libraries\STM32F10x_StdPeriph_Driver\src\stm32f10x_rcc.o
                0x08004ce4                RCC_SYSCLKConfig
 .text.RCC_GetSYSCLKSource
                0x08004d1c       0x1c Libraries\STM32F10x_StdPeriph_Driver\src\stm32f10x_rcc.o
                0x08004d1c                RCC_GetSYSCLKSource
 .text.RCC_HCLKConfig
                0x08004d38       0x38 Libraries\STM32F10x_StdPeriph_Driver\src\stm32f10x_rcc.o
                0x08004d38                RCC_HCLKConfig
 .text.RCC_PCLK1Config
                0x08004d70       0x38 Libraries\STM32F10x_StdPeriph_Driver\src\stm32f10x_rcc.o
                0x08004d70                RCC_PCLK1Config
 .text.RCC_PCLK2Config
                0x08004da8       0x38 Libraries\STM32F10x_StdPeriph_Driver\src\stm32f10x_rcc.o
                0x08004da8                RCC_PCLK2Config
 .text.RCC_GetClocksFreq
                0x08004de0      0x160 Libraries\STM32F10x_StdPeriph_Driver\src\stm32f10x_rcc.o
                0x08004de0                RCC_GetClocksFreq
 .text.RCC_APB2PeriphClockCmd
                0x08004f40       0x3c Libraries\STM32F10x_StdPeriph_Driver\src\stm32f10x_rcc.o
                0x08004f40                RCC_APB2PeriphClockCmd
 .text.RCC_APB1PeriphClockCmd
                0x08004f7c       0x3c Libraries\STM32F10x_StdPeriph_Driver\src\stm32f10x_rcc.o
                0x08004f7c                RCC_APB1PeriphClockCmd
 .text.RCC_APB2PeriphResetCmd
                0x08004fb8       0x3c Libraries\STM32F10x_StdPeriph_Driver\src\stm32f10x_rcc.o
                0x08004fb8                RCC_APB2PeriphResetCmd
 .text.RCC_APB1PeriphResetCmd
                0x08004ff4       0x3c Libraries\STM32F10x_StdPeriph_Driver\src\stm32f10x_rcc.o
                0x08004ff4                RCC_APB1PeriphResetCmd
 .text.RCC_GetFlagStatus
                0x08005030       0x74 Libraries\STM32F10x_StdPeriph_Driver\src\stm32f10x_rcc.o
                0x08005030                RCC_GetFlagStatus
 .text.TIM_DeInit
                0x080050a4      0x22c Libraries\STM32F10x_StdPeriph_Driver\src\stm32f10x_tim.o
                0x080050a4                TIM_DeInit
 .text.TIM_TimeBaseInit
                0x080052d0       0xf8 Libraries\STM32F10x_StdPeriph_Driver\src\stm32f10x_tim.o
                0x080052d0                TIM_TimeBaseInit
 .text.TIM_Cmd  0x080053c8       0x3e Libraries\STM32F10x_StdPeriph_Driver\src\stm32f10x_tim.o
                0x080053c8                TIM_Cmd
 .text.TIM_ITConfig
                0x08005406       0x46 Libraries\STM32F10x_StdPeriph_Driver\src\stm32f10x_tim.o
                0x08005406                TIM_ITConfig
 .text.TIM_GetITStatus
                0x0800544c       0x52 Libraries\STM32F10x_StdPeriph_Driver\src\stm32f10x_tim.o
                0x0800544c                TIM_GetITStatus
 .text.TIM_ClearITPendingBit
                0x0800549e       0x20 Libraries\STM32F10x_StdPeriph_Driver\src\stm32f10x_tim.o
                0x0800549e                TIM_ClearITPendingBit
 *fill*         0x080054be        0x2 
 .text.USART_DeInit
                0x080054c0       0xb8 Libraries\STM32F10x_StdPeriph_Driver\src\stm32f10x_usart.o
                0x080054c0                USART_DeInit
 .text.USART_Init
                0x08005578      0x174 Libraries\STM32F10x_StdPeriph_Driver\src\stm32f10x_usart.o
                0x08005578                USART_Init
 .text.USART_Cmd
                0x080056ec       0x3e Libraries\STM32F10x_StdPeriph_Driver\src\stm32f10x_usart.o
                0x080056ec                USART_Cmd
 .text.USART_ITConfig
                0x0800572a       0x8e Libraries\STM32F10x_StdPeriph_Driver\src\stm32f10x_usart.o
                0x0800572a                USART_ITConfig
 .text.USART_SendData
                0x080057b8       0x22 Libraries\STM32F10x_StdPeriph_Driver\src\stm32f10x_usart.o
                0x080057b8                USART_SendData
 .text.USART_ReceiveData
                0x080057da       0x1e Libraries\STM32F10x_StdPeriph_Driver\src\stm32f10x_usart.o
                0x080057da                USART_ReceiveData
 .text.USART_GetFlagStatus
                0x080057f8       0x36 Libraries\STM32F10x_StdPeriph_Driver\src\stm32f10x_usart.o
                0x080057f8                USART_GetFlagStatus
 .text.USART_ClearFlag
                0x0800582e       0x20 Libraries\STM32F10x_StdPeriph_Driver\src\stm32f10x_usart.o
                0x0800582e                USART_ClearFlag
 .text.USART_GetITStatus
                0x0800584e       0xb4 Libraries\STM32F10x_StdPeriph_Driver\src\stm32f10x_usart.o
                0x0800584e                USART_GetITStatus
 .text.USART_ClearITPendingBit
                0x08005902       0x38 Libraries\STM32F10x_StdPeriph_Driver\src\stm32f10x_usart.o
                0x08005902                USART_ClearITPendingBit
 .text.my_mem_set
                0x0800593a       0x32 MALLOC\malloc.o
                0x0800593a                my_mem_set
 .text.my_mem_init
                0x0800596c       0x34 MALLOC\malloc.o
                0x0800596c                my_mem_init
 .text.my_mem_perused
                0x080059a0       0x58 MALLOC\malloc.o
                0x080059a0                my_mem_perused
 .text.my_mem_malloc
                0x080059f8       0xc8 MALLOC\malloc.o
                0x080059f8                my_mem_malloc
 .text.my_mem_free
                0x08005ac0       0x74 MALLOC\malloc.o
                0x08005ac0                my_mem_free
 .text.myfree   0x08005b34       0x2c MALLOC\malloc.o
                0x08005b34                myfree
 .text.mymalloc
                0x08005b60       0x34 MALLOC\malloc.o
                0x08005b60                mymalloc
 .text.SysTick_Init
                0x08005b94       0x44 Public\systick.o
                0x08005b94                SysTick_Init
 .text.delay_us
                0x08005bd8       0x68 Public\systick.o
                0x08005bd8                delay_us
 .text.delay_ms
                0x08005c40       0x68 Public\systick.o
                0x08005c40                delay_ms
 .text.USART1_Init
                0x08005ca8      0x218 Public\usart.o
                0x08005ca8                USART1_Init
 .text.USART1_IRQHandler
                0x08005ec0      0x470 Public\usart.o
                0x08005ec0                USART1_IRQHandler
 .text.hexStr2Byte
                0x08006330       0x58 Public\usart.o
                0x08006330                hexStr2Byte
 .text.HSI_SetSysClock
                0x08006388       0x84 src\main.o
                0x08006388                HSI_SetSysClock
 .text.main     0x0800640c      0x15c src\main.o
                0x0800640c                main
 .text.Reset_Handler
                0x08006568       0x50 src\startup_stm32f10x_hd.o
                0x08006568                Reset_Handler
 .text.Default_Handler
                0x080065b8        0x2 src\startup_stm32f10x_hd.o
                0x080065b8                EXTI2_IRQHandler
                0x080065b8                TIM8_TRG_COM_IRQHandler
                0x080065b8                TIM8_CC_IRQHandler
                0x080065b8                TIM1_CC_IRQHandler
                0x080065b8                TIM6_IRQHandler
                0x080065b8                PVD_IRQHandler
                0x080065b8                SDIO_IRQHandler
                0x080065b8                EXTI3_IRQHandler
                0x080065b8                EXTI0_IRQHandler
                0x080065b8                I2C2_EV_IRQHandler
                0x080065b8                ADC1_2_IRQHandler
                0x080065b8                SPI1_IRQHandler
                0x080065b8                TAMPER_IRQHandler
                0x080065b8                TIM8_UP_IRQHandler
                0x080065b8                DMA2_Channel2_IRQHandler
                0x080065b8                DMA1_Channel4_IRQHandler
                0x080065b8                RTC_IRQHandler
                0x080065b8                DMA1_Channel7_IRQHandler
                0x080065b8                CAN1_RX1_IRQHandler
                0x080065b8                UART5_IRQHandler
                0x080065b8                ADC3_IRQHandler
                0x080065b8                DMA2_Channel1_IRQHandler
                0x080065b8                I2C1_EV_IRQHandler
                0x080065b8                DMA1_Channel6_IRQHandler
                0x080065b8                RCC_IRQHandler
                0x080065b8                TIM1_TRG_COM_IRQHandler
                0x080065b8                DMA1_Channel1_IRQHandler
                0x080065b8                Default_Handler
                0x080065b8                EXTI15_10_IRQHandler
                0x080065b8                TIM7_IRQHandler
                0x080065b8                EXTI9_5_IRQHandler
                0x080065b8                SPI2_IRQHandler
                0x080065b8                DMA1_Channel5_IRQHandler
                0x080065b8                EXTI4_IRQHandler
                0x080065b8                USB_LP_CAN1_RX0_IRQHandler
                0x080065b8                USB_HP_CAN1_TX_IRQHandler
                0x080065b8                DMA1_Channel3_IRQHandler
                0x080065b8                FSMC_IRQHandler
                0x080065b8                TIM1_UP_IRQHandler
                0x080065b8                WWDG_IRQHandler
                0x080065b8                TIM1_BRK_IRQHandler
                0x080065b8                EXTI1_IRQHandler
                0x080065b8                RTCAlarm_IRQHandler
                0x080065b8                DMA2_Channel4_5_IRQHandler
                0x080065b8                I2C2_ER_IRQHandler
                0x080065b8                DMA1_Channel2_IRQHandler
                0x080065b8                TIM8_BRK_IRQHandler
                0x080065b8                CAN1_SCE_IRQHandler
                0x080065b8                FLASH_IRQHandler
                0x080065b8                SPI3_IRQHandler
                0x080065b8                I2C1_ER_IRQHandler
                0x080065b8                USBWakeUp_IRQHandler
                0x080065b8                DMA2_Channel3_IRQHandler
 .text.NMI_Handler
                0x080065ba        0xc src\stm32f1xx_it.o
                0x080065ba                NMI_Handler
 .text.HardFault_Handler
                0x080065c6        0x6 src\stm32f1xx_it.o
                0x080065c6                HardFault_Handler
 .text.MemManage_Handler
                0x080065cc        0x6 src\stm32f1xx_it.o
                0x080065cc                MemManage_Handler
 .text.BusFault_Handler
                0x080065d2        0x6 src\stm32f1xx_it.o
                0x080065d2                BusFault_Handler
 .text.UsageFault_Handler
                0x080065d8        0x6 src\stm32f1xx_it.o
                0x080065d8                UsageFault_Handler
 .text.SVC_Handler
                0x080065de        0xc src\stm32f1xx_it.o
                0x080065de                SVC_Handler
 .text.DebugMon_Handler
                0x080065ea        0xc src\stm32f1xx_it.o
                0x080065ea                DebugMon_Handler
 .text.PendSV_Handler
                0x080065f6        0xc src\stm32f1xx_it.o
                0x080065f6                PendSV_Handler
 .text.SysTick_Handler
                0x08006602        0xc src\stm32f1xx_it.o
                0x08006602                SysTick_Handler
 *fill*         0x0800660e        0x2 
 .text.__io_putchar
                0x08006610       0x34 src\syscalls.o
                0x08006610                __io_putchar
 .text._write   0x08006644       0x38 src\syscalls.o
                0x08006644                _write
 .text._sbrk    0x0800667c       0x3c src\syscalls.o
                0x0800667c                _sbrk
 .text._close   0x080066b8       0x20 src\syscalls.o
                0x080066b8                _close
 .text._fstat   0x080066d8       0x24 src\syscalls.o
                0x080066d8                _fstat
 .text._isatty  0x080066fc       0x20 src\syscalls.o
                0x080066fc                _isatty
 .text._lseek   0x0800671c       0x24 src\syscalls.o
                0x0800671c                _lseek
 .text._read    0x08006740       0x24 src\syscalls.o
                0x08006740                _read
 .text.SystemInit
                0x08006764       0x68 src\system_stm32f10x.o
                0x08006764                SystemInit
 .text.SetSysClock
                0x080067cc        0xc src\system_stm32f10x.o
 .text.SetSysClockTo72
                0x080067d8      0x100 src\system_stm32f10x.o
 .text.atoi     0x080068d8        0x8 d:/aboutstm32/truestudio/truestudio for stm32 9.3.0/armtools/bin/../lib/gcc/arm-atollic-eabi/6.3.1/../../../../arm-atollic-eabi/lib/armv7-m\libc.a(lib_a-atoi.o)
                0x080068d8                atoi
 .text.__libc_init_array
                0x080068e0       0x48 d:/aboutstm32/truestudio/truestudio for stm32 9.3.0/armtools/bin/../lib/gcc/arm-atollic-eabi/6.3.1/../../../../arm-atollic-eabi/lib/armv7-m\libc.a(lib_a-init.o)
                0x080068e0                __libc_init_array
 .text.__itoa   0x08006928       0x30 d:/aboutstm32/truestudio/truestudio for stm32 9.3.0/armtools/bin/../lib/gcc/arm-atollic-eabi/6.3.1/../../../../arm-atollic-eabi/lib/armv7-m\libc.a(lib_a-itoa.o)
                0x08006928                __itoa
 .text.itoa     0x08006958        0x4 d:/aboutstm32/truestudio/truestudio for stm32 9.3.0/armtools/bin/../lib/gcc/arm-atollic-eabi/6.3.1/../../../../arm-atollic-eabi/lib/armv7-m\libc.a(lib_a-itoa.o)
                0x08006958                itoa
 .text.memcpy   0x0800695c       0x16 d:/aboutstm32/truestudio/truestudio for stm32 9.3.0/armtools/bin/../lib/gcc/arm-atollic-eabi/6.3.1/../../../../arm-atollic-eabi/lib/armv7-m\libc.a(lib_a-memcpy-stub.o)
                0x0800695c                memcpy
 .text.memset   0x08006972       0x10 d:/aboutstm32/truestudio/truestudio for stm32 9.3.0/armtools/bin/../lib/gcc/arm-atollic-eabi/6.3.1/../../../../arm-atollic-eabi/lib/armv7-m\libc.a(lib_a-memset.o)
                0x08006972                memset
 *fill*         0x08006982        0x2 
 .text.printf   0x08006984       0x30 d:/aboutstm32/truestudio/truestudio for stm32 9.3.0/armtools/bin/../lib/gcc/arm-atollic-eabi/6.3.1/../../../../arm-atollic-eabi/lib/armv7-m\libc.a(lib_a-printf.o)
                0x08006984                printf
 .text._puts_r  0x080069b4       0xc0 d:/aboutstm32/truestudio/truestudio for stm32 9.3.0/armtools/bin/../lib/gcc/arm-atollic-eabi/6.3.1/../../../../arm-atollic-eabi/lib/armv7-m\libc.a(lib_a-puts.o)
                0x080069b4                _puts_r
 .text.puts     0x08006a74       0x10 d:/aboutstm32/truestudio/truestudio for stm32 9.3.0/armtools/bin/../lib/gcc/arm-atollic-eabi/6.3.1/../../../../arm-atollic-eabi/lib/armv7-m\libc.a(lib_a-puts.o)
                0x08006a74                puts
 .text.snprintf
                0x08006a84       0x68 d:/aboutstm32/truestudio/truestudio for stm32 9.3.0/armtools/bin/../lib/gcc/arm-atollic-eabi/6.3.1/../../../../arm-atollic-eabi/lib/armv7-m\libc.a(lib_a-snprintf.o)
                0x08006a84                snprintf
 .text.sprintf  0x08006aec       0x48 d:/aboutstm32/truestudio/truestudio for stm32 9.3.0/armtools/bin/../lib/gcc/arm-atollic-eabi/6.3.1/../../../../arm-atollic-eabi/lib/armv7-m\libc.a(lib_a-sprintf.o)
                0x08006aec                sprintf
 .text.strcat   0x08006b34       0x1e d:/aboutstm32/truestudio/truestudio for stm32 9.3.0/armtools/bin/../lib/gcc/arm-atollic-eabi/6.3.1/../../../../arm-atollic-eabi/lib/armv7-m\libc.a(lib_a-strcat.o)
                0x08006b34                strcat
 .text.strchr   0x08006b52       0x1c d:/aboutstm32/truestudio/truestudio for stm32 9.3.0/armtools/bin/../lib/gcc/arm-atollic-eabi/6.3.1/../../../../arm-atollic-eabi/lib/armv7-m\libc.a(lib_a-strchr.o)
                0x08006b52                strchr
 .text.strcpy   0x08006b6e       0x10 d:/aboutstm32/truestudio/truestudio for stm32 9.3.0/armtools/bin/../lib/gcc/arm-atollic-eabi/6.3.1/../../../../arm-atollic-eabi/lib/armv7-m\libc.a(lib_a-strcpy.o)
                0x08006b6e                strcpy
 .text.strncat  0x08006b7e       0x28 d:/aboutstm32/truestudio/truestudio for stm32 9.3.0/armtools/bin/../lib/gcc/arm-atollic-eabi/6.3.1/../../../../arm-atollic-eabi/lib/armv7-m\libc.a(lib_a-strncat.o)
                0x08006b7e                strncat
 .text.strncmp  0x08006ba6       0x24 d:/aboutstm32/truestudio/truestudio for stm32 9.3.0/armtools/bin/../lib/gcc/arm-atollic-eabi/6.3.1/../../../../arm-atollic-eabi/lib/armv7-m\libc.a(lib_a-strncmp.o)
                0x08006ba6                strncmp
 .text.strncpy  0x08006bca       0x2a d:/aboutstm32/truestudio/truestudio for stm32 9.3.0/armtools/bin/../lib/gcc/arm-atollic-eabi/6.3.1/../../../../arm-atollic-eabi/lib/armv7-m\libc.a(lib_a-strncpy.o)
                0x08006bca                strncpy
 .text.strstr   0x08006bf4       0x36 d:/aboutstm32/truestudio/truestudio for stm32 9.3.0/armtools/bin/../lib/gcc/arm-atollic-eabi/6.3.1/../../../../arm-atollic-eabi/lib/armv7-m\libc.a(lib_a-strstr.o)
                0x08006bf4                strstr
 *fill*         0x08006c2a        0x2 
 .text.strtok   0x08006c2c       0x58 d:/aboutstm32/truestudio/truestudio for stm32 9.3.0/armtools/bin/../lib/gcc/arm-atollic-eabi/6.3.1/../../../../arm-atollic-eabi/lib/armv7-m\libc.a(lib_a-strtok.o)
                0x08006c2c                strtok
 .text.__strtok_r
                0x08006c84       0x52 d:/aboutstm32/truestudio/truestudio for stm32 9.3.0/armtools/bin/../lib/gcc/arm-atollic-eabi/6.3.1/../../../../arm-atollic-eabi/lib/armv7-m\libc.a(lib_a-strtok_r.o)
                0x08006c84                __strtok_r
 .text._strtol_l.isra.0
                0x08006cd6      0x100 d:/aboutstm32/truestudio/truestudio for stm32 9.3.0/armtools/bin/../lib/gcc/arm-atollic-eabi/6.3.1/../../../../arm-atollic-eabi/lib/armv7-m\libc.a(lib_a-strtol.o)
 *fill*         0x08006dd6        0x2 
 .text.strtol   0x08006dd8       0x2c d:/aboutstm32/truestudio/truestudio for stm32 9.3.0/armtools/bin/../lib/gcc/arm-atollic-eabi/6.3.1/../../../../arm-atollic-eabi/lib/armv7-m\libc.a(lib_a-strtol.o)
                0x08006dd8                strtol
 .text._svfprintf_r
                0x08006e04      0xfa0 d:/aboutstm32/truestudio/truestudio for stm32 9.3.0/armtools/bin/../lib/gcc/arm-atollic-eabi/6.3.1/../../../../arm-atollic-eabi/lib/armv7-m\libc.a(lib_a-svfprintf.o)
                0x08006e04                _svfprintf_r
 .text.__utoa   0x08007da4       0x80 d:/aboutstm32/truestudio/truestudio for stm32 9.3.0/armtools/bin/../lib/gcc/arm-atollic-eabi/6.3.1/../../../../arm-atollic-eabi/lib/armv7-m\libc.a(lib_a-utoa.o)
                0x08007da4                __utoa
 .text._vfprintf_r
                0x08007e24     0x106c d:/aboutstm32/truestudio/truestudio for stm32 9.3.0/armtools/bin/../lib/gcc/arm-atollic-eabi/6.3.1/../../../../arm-atollic-eabi/lib/armv7-m\libc.a(lib_a-vfprintf.o)
                0x08007e24                _vfprintf_r
 .text.__sbprintf
                0x08008e90       0x80 d:/aboutstm32/truestudio/truestudio for stm32 9.3.0/armtools/bin/../lib/gcc/arm-atollic-eabi/6.3.1/../../../../arm-atollic-eabi/lib/armv7-m\libc.a(lib_a-vfprintf.o)
 .text.__swsetup_r
                0x08008f10       0xdc d:/aboutstm32/truestudio/truestudio for stm32 9.3.0/armtools/bin/../lib/gcc/arm-atollic-eabi/6.3.1/../../../../arm-atollic-eabi/lib/armv7-m\libc.a(lib_a-wsetup.o)
                0x08008f10                __swsetup_r
 .text.quorem   0x08008fec      0x118 d:/aboutstm32/truestudio/truestudio for stm32 9.3.0/armtools/bin/../lib/gcc/arm-atollic-eabi/6.3.1/../../../../arm-atollic-eabi/lib/armv7-m\libc.a(lib_a-dtoa.o)
 *fill*         0x08009104        0x4 
 .text._dtoa_r  0x08009108      0xba8 d:/aboutstm32/truestudio/truestudio for stm32 9.3.0/armtools/bin/../lib/gcc/arm-atollic-eabi/6.3.1/../../../../arm-atollic-eabi/lib/armv7-m\libc.a(lib_a-dtoa.o)
                0x08009108                _dtoa_r
 .text.__sflush_r
                0x08009cb0      0x124 d:/aboutstm32/truestudio/truestudio for stm32 9.3.0/armtools/bin/../lib/gcc/arm-atollic-eabi/6.3.1/../../../../arm-atollic-eabi/lib/armv7-m\libc.a(lib_a-fflush.o)
                0x08009cb0                __sflush_r
 .text._fflush_r
                0x08009dd4       0x78 d:/aboutstm32/truestudio/truestudio for stm32 9.3.0/armtools/bin/../lib/gcc/arm-atollic-eabi/6.3.1/../../../../arm-atollic-eabi/lib/armv7-m\libc.a(lib_a-fflush.o)
                0x08009dd4                _fflush_r
 .text._cleanup_r
                0x08009e4c        0xc d:/aboutstm32/truestudio/truestudio for stm32 9.3.0/armtools/bin/../lib/gcc/arm-atollic-eabi/6.3.1/../../../../arm-atollic-eabi/lib/armv7-m\libc.a(lib_a-findfp.o)
                0x08009e4c                _cleanup_r
 .text.std.isra.0
                0x08009e58       0x48 d:/aboutstm32/truestudio/truestudio for stm32 9.3.0/armtools/bin/../lib/gcc/arm-atollic-eabi/6.3.1/../../../../arm-atollic-eabi/lib/armv7-m\libc.a(lib_a-findfp.o)
 .text.__sfmoreglue
                0x08009ea0       0x2c d:/aboutstm32/truestudio/truestudio for stm32 9.3.0/armtools/bin/../lib/gcc/arm-atollic-eabi/6.3.1/../../../../arm-atollic-eabi/lib/armv7-m\libc.a(lib_a-findfp.o)
                0x08009ea0                __sfmoreglue
 .text.__sfp_lock_acquire
                0x08009ecc        0xc d:/aboutstm32/truestudio/truestudio for stm32 9.3.0/armtools/bin/../lib/gcc/arm-atollic-eabi/6.3.1/../../../../arm-atollic-eabi/lib/armv7-m\libc.a(lib_a-findfp.o)
                0x08009ecc                __sfp_lock_acquire
 .text.__sfp_lock_release
                0x08009ed8        0xc d:/aboutstm32/truestudio/truestudio for stm32 9.3.0/armtools/bin/../lib/gcc/arm-atollic-eabi/6.3.1/../../../../arm-atollic-eabi/lib/armv7-m\libc.a(lib_a-findfp.o)
                0x08009ed8                __sfp_lock_release
 .text.__sinit_lock_acquire
                0x08009ee4        0xc d:/aboutstm32/truestudio/truestudio for stm32 9.3.0/armtools/bin/../lib/gcc/arm-atollic-eabi/6.3.1/../../../../arm-atollic-eabi/lib/armv7-m\libc.a(lib_a-findfp.o)
                0x08009ee4                __sinit_lock_acquire
 .text.__sinit_lock_release
                0x08009ef0        0xc d:/aboutstm32/truestudio/truestudio for stm32 9.3.0/armtools/bin/../lib/gcc/arm-atollic-eabi/6.3.1/../../../../arm-atollic-eabi/lib/armv7-m\libc.a(lib_a-findfp.o)
                0x08009ef0                __sinit_lock_release
 .text.__sinit  0x08009efc       0x78 d:/aboutstm32/truestudio/truestudio for stm32 9.3.0/armtools/bin/../lib/gcc/arm-atollic-eabi/6.3.1/../../../../arm-atollic-eabi/lib/armv7-m\libc.a(lib_a-findfp.o)
                0x08009efc                __sinit
 .text.__sfp    0x08009f74       0x8c d:/aboutstm32/truestudio/truestudio for stm32 9.3.0/armtools/bin/../lib/gcc/arm-atollic-eabi/6.3.1/../../../../arm-atollic-eabi/lib/armv7-m\libc.a(lib_a-findfp.o)
                0x08009f74                __sfp
 .text._malloc_trim_r
                0x0800a000       0xac d:/aboutstm32/truestudio/truestudio for stm32 9.3.0/armtools/bin/../lib/gcc/arm-atollic-eabi/6.3.1/../../../../arm-atollic-eabi/lib/armv7-m\libc.a(lib_a-freer.o)
                0x0800a000                _malloc_trim_r
 .text._free_r  0x0800a0ac      0x178 d:/aboutstm32/truestudio/truestudio for stm32 9.3.0/armtools/bin/../lib/gcc/arm-atollic-eabi/6.3.1/../../../../arm-atollic-eabi/lib/armv7-m\libc.a(lib_a-freer.o)
                0x0800a0ac                _free_r
 .text.__sfvwrite_r
                0x0800a224      0x29c d:/aboutstm32/truestudio/truestudio for stm32 9.3.0/armtools/bin/../lib/gcc/arm-atollic-eabi/6.3.1/../../../../arm-atollic-eabi/lib/armv7-m\libc.a(lib_a-fvwrite.o)
                0x0800a224                __sfvwrite_r
 .text._fwalk_reent
                0x0800a4c0       0x3c d:/aboutstm32/truestudio/truestudio for stm32 9.3.0/armtools/bin/../lib/gcc/arm-atollic-eabi/6.3.1/../../../../arm-atollic-eabi/lib/armv7-m\libc.a(lib_a-fwalk.o)
                0x0800a4c0                _fwalk_reent
 .text.__locale_mb_cur_max
                0x0800a4fc       0x1c d:/aboutstm32/truestudio/truestudio for stm32 9.3.0/armtools/bin/../lib/gcc/arm-atollic-eabi/6.3.1/../../../../arm-atollic-eabi/lib/armv7-m\libc.a(lib_a-locale.o)
                0x0800a4fc                __locale_mb_cur_max
 .text.__locale_ctype_ptr_l
                0x0800a518        0x6 d:/aboutstm32/truestudio/truestudio for stm32 9.3.0/armtools/bin/../lib/gcc/arm-atollic-eabi/6.3.1/../../../../arm-atollic-eabi/lib/armv7-m\libc.a(lib_a-locale.o)
                0x0800a518                __locale_ctype_ptr_l
 *fill*         0x0800a51e        0x2 
 .text._localeconv_r
                0x0800a520       0x1c d:/aboutstm32/truestudio/truestudio for stm32 9.3.0/armtools/bin/../lib/gcc/arm-atollic-eabi/6.3.1/../../../../arm-atollic-eabi/lib/armv7-m\libc.a(lib_a-localeconv.o)
                0x0800a520                _localeconv_r
 .text.__retarget_lock_init_recursive
                0x0800a53c        0x2 d:/aboutstm32/truestudio/truestudio for stm32 9.3.0/armtools/bin/../lib/gcc/arm-atollic-eabi/6.3.1/../../../../arm-atollic-eabi/lib/armv7-m\libc.a(lib_a-lock.o)
                0x0800a53c                __retarget_lock_init_recursive
 .text.__retarget_lock_close_recursive
                0x0800a53e        0x2 d:/aboutstm32/truestudio/truestudio for stm32 9.3.0/armtools/bin/../lib/gcc/arm-atollic-eabi/6.3.1/../../../../arm-atollic-eabi/lib/armv7-m\libc.a(lib_a-lock.o)
                0x0800a53e                __retarget_lock_close_recursive
 .text.__retarget_lock_acquire_recursive
                0x0800a540        0x2 d:/aboutstm32/truestudio/truestudio for stm32 9.3.0/armtools/bin/../lib/gcc/arm-atollic-eabi/6.3.1/../../../../arm-atollic-eabi/lib/armv7-m\libc.a(lib_a-lock.o)
                0x0800a540                __retarget_lock_acquire_recursive
 .text.__retarget_lock_release_recursive
                0x0800a542        0x2 d:/aboutstm32/truestudio/truestudio for stm32 9.3.0/armtools/bin/../lib/gcc/arm-atollic-eabi/6.3.1/../../../../arm-atollic-eabi/lib/armv7-m\libc.a(lib_a-lock.o)
                0x0800a542                __retarget_lock_release_recursive
 .text.__swhatbuf_r
                0x0800a544       0x56 d:/aboutstm32/truestudio/truestudio for stm32 9.3.0/armtools/bin/../lib/gcc/arm-atollic-eabi/6.3.1/../../../../arm-atollic-eabi/lib/armv7-m\libc.a(lib_a-makebuf.o)
                0x0800a544                __swhatbuf_r
 *fill*         0x0800a59a        0x2 
 .text.__smakebuf_r
                0x0800a59c       0x80 d:/aboutstm32/truestudio/truestudio for stm32 9.3.0/armtools/bin/../lib/gcc/arm-atollic-eabi/6.3.1/../../../../arm-atollic-eabi/lib/armv7-m\libc.a(lib_a-makebuf.o)
                0x0800a59c                __smakebuf_r
 .text.malloc   0x0800a61c       0x10 d:/aboutstm32/truestudio/truestudio for stm32 9.3.0/armtools/bin/../lib/gcc/arm-atollic-eabi/6.3.1/../../../../arm-atollic-eabi/lib/armv7-m\libc.a(lib_a-malloc.o)
                0x0800a61c                malloc
 .text._malloc_r
                0x0800a62c      0x418 d:/aboutstm32/truestudio/truestudio for stm32 9.3.0/armtools/bin/../lib/gcc/arm-atollic-eabi/6.3.1/../../../../arm-atollic-eabi/lib/armv7-m\libc.a(lib_a-mallocr.o)
                0x0800a62c                _malloc_r
 .text.__ascii_mbtowc
                0x0800aa44       0x24 d:/aboutstm32/truestudio/truestudio for stm32 9.3.0/armtools/bin/../lib/gcc/arm-atollic-eabi/6.3.1/../../../../arm-atollic-eabi/lib/armv7-m\libc.a(lib_a-mbtowc_r.o)
                0x0800aa44                __ascii_mbtowc
 .text.memchr   0x0800aa68       0x1c d:/aboutstm32/truestudio/truestudio for stm32 9.3.0/armtools/bin/../lib/gcc/arm-atollic-eabi/6.3.1/../../../../arm-atollic-eabi/lib/armv7-m\libc.a(lib_a-memchr-stub.o)
                0x0800aa68                memchr
 .text.memmove  0x0800aa84       0x34 d:/aboutstm32/truestudio/truestudio for stm32 9.3.0/armtools/bin/../lib/gcc/arm-atollic-eabi/6.3.1/../../../../arm-atollic-eabi/lib/armv7-m\libc.a(lib_a-memmove.o)
                0x0800aa84                memmove
 .text.__malloc_lock
                0x0800aab8        0xc d:/aboutstm32/truestudio/truestudio for stm32 9.3.0/armtools/bin/../lib/gcc/arm-atollic-eabi/6.3.1/../../../../arm-atollic-eabi/lib/armv7-m\libc.a(lib_a-mlock.o)
                0x0800aab8                __malloc_lock
 .text.__malloc_unlock
                0x0800aac4        0xc d:/aboutstm32/truestudio/truestudio for stm32 9.3.0/armtools/bin/../lib/gcc/arm-atollic-eabi/6.3.1/../../../../arm-atollic-eabi/lib/armv7-m\libc.a(lib_a-mlock.o)
                0x0800aac4                __malloc_unlock
 .text._Balloc  0x0800aad0       0x68 d:/aboutstm32/truestudio/truestudio for stm32 9.3.0/armtools/bin/../lib/gcc/arm-atollic-eabi/6.3.1/../../../../arm-atollic-eabi/lib/armv7-m\libc.a(lib_a-mprec.o)
                0x0800aad0                _Balloc
 .text._Bfree   0x0800ab38       0x2e d:/aboutstm32/truestudio/truestudio for stm32 9.3.0/armtools/bin/../lib/gcc/arm-atollic-eabi/6.3.1/../../../../arm-atollic-eabi/lib/armv7-m\libc.a(lib_a-mprec.o)
                0x0800ab38                _Bfree
 .text.__multadd
                0x0800ab66       0x76 d:/aboutstm32/truestudio/truestudio for stm32 9.3.0/armtools/bin/../lib/gcc/arm-atollic-eabi/6.3.1/../../../../arm-atollic-eabi/lib/armv7-m\libc.a(lib_a-mprec.o)
                0x0800ab66                __multadd
 .text.__hi0bits
                0x0800abdc       0x3e d:/aboutstm32/truestudio/truestudio for stm32 9.3.0/armtools/bin/../lib/gcc/arm-atollic-eabi/6.3.1/../../../../arm-atollic-eabi/lib/armv7-m\libc.a(lib_a-mprec.o)
                0x0800abdc                __hi0bits
 .text.__lo0bits
                0x0800ac1a       0x5e d:/aboutstm32/truestudio/truestudio for stm32 9.3.0/armtools/bin/../lib/gcc/arm-atollic-eabi/6.3.1/../../../../arm-atollic-eabi/lib/armv7-m\libc.a(lib_a-mprec.o)
                0x0800ac1a                __lo0bits
 .text.__i2b    0x0800ac78       0x12 d:/aboutstm32/truestudio/truestudio for stm32 9.3.0/armtools/bin/../lib/gcc/arm-atollic-eabi/6.3.1/../../../../arm-atollic-eabi/lib/armv7-m\libc.a(lib_a-mprec.o)
                0x0800ac78                __i2b
 .text.__multiply
                0x0800ac8a      0x118 d:/aboutstm32/truestudio/truestudio for stm32 9.3.0/armtools/bin/../lib/gcc/arm-atollic-eabi/6.3.1/../../../../arm-atollic-eabi/lib/armv7-m\libc.a(lib_a-mprec.o)
                0x0800ac8a                __multiply
 *fill*         0x0800ada2        0x2 
 .text.__pow5mult
                0x0800ada4       0x9c d:/aboutstm32/truestudio/truestudio for stm32 9.3.0/armtools/bin/../lib/gcc/arm-atollic-eabi/6.3.1/../../../../arm-atollic-eabi/lib/armv7-m\libc.a(lib_a-mprec.o)
                0x0800ada4                __pow5mult
 .text.__lshift
                0x0800ae40       0xa2 d:/aboutstm32/truestudio/truestudio for stm32 9.3.0/armtools/bin/../lib/gcc/arm-atollic-eabi/6.3.1/../../../../arm-atollic-eabi/lib/armv7-m\libc.a(lib_a-mprec.o)
                0x0800ae40                __lshift
 .text.__mcmp   0x0800aee2       0x34 d:/aboutstm32/truestudio/truestudio for stm32 9.3.0/armtools/bin/../lib/gcc/arm-atollic-eabi/6.3.1/../../../../arm-atollic-eabi/lib/armv7-m\libc.a(lib_a-mprec.o)
                0x0800aee2                __mcmp
 .text.__mdiff  0x0800af16       0xbe d:/aboutstm32/truestudio/truestudio for stm32 9.3.0/armtools/bin/../lib/gcc/arm-atollic-eabi/6.3.1/../../../../arm-atollic-eabi/lib/armv7-m\libc.a(lib_a-mprec.o)
                0x0800af16                __mdiff
 .text.__d2b    0x0800afd4       0x9e d:/aboutstm32/truestudio/truestudio for stm32 9.3.0/armtools/bin/../lib/gcc/arm-atollic-eabi/6.3.1/../../../../arm-atollic-eabi/lib/armv7-m\libc.a(lib_a-mprec.o)
                0x0800afd4                __d2b
 *fill*         0x0800b072        0x2 
 .text._realloc_r
                0x0800b074      0x304 d:/aboutstm32/truestudio/truestudio for stm32 9.3.0/armtools/bin/../lib/gcc/arm-atollic-eabi/6.3.1/../../../../arm-atollic-eabi/lib/armv7-m\libc.a(lib_a-reallocr.o)
                0x0800b074                _realloc_r
 .text._sbrk_r  0x0800b378       0x20 d:/aboutstm32/truestudio/truestudio for stm32 9.3.0/armtools/bin/../lib/gcc/arm-atollic-eabi/6.3.1/../../../../arm-atollic-eabi/lib/armv7-m\libc.a(lib_a-sbrkr.o)
                0x0800b378                _sbrk_r
 .text.__sread  0x0800b398       0x22 d:/aboutstm32/truestudio/truestudio for stm32 9.3.0/armtools/bin/../lib/gcc/arm-atollic-eabi/6.3.1/../../../../arm-atollic-eabi/lib/armv7-m\libc.a(lib_a-stdio.o)
                0x0800b398                __sread
 .text.__swrite
                0x0800b3ba       0x38 d:/aboutstm32/truestudio/truestudio for stm32 9.3.0/armtools/bin/../lib/gcc/arm-atollic-eabi/6.3.1/../../../../arm-atollic-eabi/lib/armv7-m\libc.a(lib_a-stdio.o)
                0x0800b3ba                __swrite
 .text.__sseek  0x0800b3f2       0x24 d:/aboutstm32/truestudio/truestudio for stm32 9.3.0/armtools/bin/../lib/gcc/arm-atollic-eabi/6.3.1/../../../../arm-atollic-eabi/lib/armv7-m\libc.a(lib_a-stdio.o)
                0x0800b3f2                __sseek
 .text.__sclose
                0x0800b416        0x8 d:/aboutstm32/truestudio/truestudio for stm32 9.3.0/armtools/bin/../lib/gcc/arm-atollic-eabi/6.3.1/../../../../arm-atollic-eabi/lib/armv7-m\libc.a(lib_a-stdio.o)
                0x0800b416                __sclose
 .text.__ssprint_r
                0x0800b41e       0xf4 d:/aboutstm32/truestudio/truestudio for stm32 9.3.0/armtools/bin/../lib/gcc/arm-atollic-eabi/6.3.1/../../../../arm-atollic-eabi/lib/armv7-m\libc.a(lib_a-svfiprintf.o)
                0x0800b41e                __ssprint_r
 .text.__sprint_r
                0x0800b512       0x6a d:/aboutstm32/truestudio/truestudio for stm32 9.3.0/armtools/bin/../lib/gcc/arm-atollic-eabi/6.3.1/../../../../arm-atollic-eabi/lib/armv7-m\libc.a(lib_a-vfiprintf.o)
                0x0800b512                __sprint_r
 .text.__ascii_wctomb
                0x0800b57c       0x1a d:/aboutstm32/truestudio/truestudio for stm32 9.3.0/armtools/bin/../lib/gcc/arm-atollic-eabi/6.3.1/../../../../arm-atollic-eabi/lib/armv7-m\libc.a(lib_a-wctomb_r.o)
                0x0800b57c                __ascii_wctomb
 *fill*         0x0800b596        0x2 
 .text._write_r
                0x0800b598       0x24 d:/aboutstm32/truestudio/truestudio for stm32 9.3.0/armtools/bin/../lib/gcc/arm-atollic-eabi/6.3.1/../../../../arm-atollic-eabi/lib/armv7-m\libc.a(lib_a-writer.o)
                0x0800b598                _write_r
 .text._calloc_r
                0x0800b5bc       0x5a d:/aboutstm32/truestudio/truestudio for stm32 9.3.0/armtools/bin/../lib/gcc/arm-atollic-eabi/6.3.1/../../../../arm-atollic-eabi/lib/armv7-m\libc.a(lib_a-callocr.o)
                0x0800b5bc                _calloc_r
 *fill*         0x0800b616        0x2 
 .text._close_r
                0x0800b618       0x20 d:/aboutstm32/truestudio/truestudio for stm32 9.3.0/armtools/bin/../lib/gcc/arm-atollic-eabi/6.3.1/../../../../arm-atollic-eabi/lib/armv7-m\libc.a(lib_a-closer.o)
                0x0800b618                _close_r
 .text._fclose_r
                0x0800b638       0xd8 d:/aboutstm32/truestudio/truestudio for stm32 9.3.0/armtools/bin/../lib/gcc/arm-atollic-eabi/6.3.1/../../../../arm-atollic-eabi/lib/armv7-m\libc.a(lib_a-fclose.o)
                0x0800b638                _fclose_r
 .text.__fputwc
                0x0800b710       0x82 d:/aboutstm32/truestudio/truestudio for stm32 9.3.0/armtools/bin/../lib/gcc/arm-atollic-eabi/6.3.1/../../../../arm-atollic-eabi/lib/armv7-m\libc.a(lib_a-fputwc.o)
                0x0800b710                __fputwc
 .text._fputwc_r
                0x0800b792       0x52 d:/aboutstm32/truestudio/truestudio for stm32 9.3.0/armtools/bin/../lib/gcc/arm-atollic-eabi/6.3.1/../../../../arm-atollic-eabi/lib/armv7-m\libc.a(lib_a-fputwc.o)
                0x0800b792                _fputwc_r
 .text._fstat_r
                0x0800b7e4       0x24 d:/aboutstm32/truestudio/truestudio for stm32 9.3.0/armtools/bin/../lib/gcc/arm-atollic-eabi/6.3.1/../../../../arm-atollic-eabi/lib/armv7-m\libc.a(lib_a-fstatr.o)
                0x0800b7e4                _fstat_r
 .text._isatty_r
                0x0800b808       0x20 d:/aboutstm32/truestudio/truestudio for stm32 9.3.0/armtools/bin/../lib/gcc/arm-atollic-eabi/6.3.1/../../../../arm-atollic-eabi/lib/armv7-m\libc.a(lib_a-isattyr.o)
                0x0800b808                _isatty_r
 .text._lseek_r
                0x0800b828       0x24 d:/aboutstm32/truestudio/truestudio for stm32 9.3.0/armtools/bin/../lib/gcc/arm-atollic-eabi/6.3.1/../../../../arm-atollic-eabi/lib/armv7-m\libc.a(lib_a-lseekr.o)
                0x0800b828                _lseek_r
 .text._read_r  0x0800b84c       0x24 d:/aboutstm32/truestudio/truestudio for stm32 9.3.0/armtools/bin/../lib/gcc/arm-atollic-eabi/6.3.1/../../../../arm-atollic-eabi/lib/armv7-m\libc.a(lib_a-readr.o)
                0x0800b84c                _read_r
 .text.__swbuf_r
                0x0800b870       0xbc d:/aboutstm32/truestudio/truestudio for stm32 9.3.0/armtools/bin/../lib/gcc/arm-atollic-eabi/6.3.1/../../../../arm-atollic-eabi/lib/armv7-m\libc.a(lib_a-wbuf.o)
                0x0800b870                __swbuf_r
 .text._wcrtomb_r
                0x0800b92c       0x50 d:/aboutstm32/truestudio/truestudio for stm32 9.3.0/armtools/bin/../lib/gcc/arm-atollic-eabi/6.3.1/../../../../arm-atollic-eabi/lib/armv7-m\libc.a(lib_a-wcrtomb.o)
                0x0800b92c                _wcrtomb_r
 *(.glue_7)
 .glue_7        0x0800b97c        0x0 linker stubs
 *(.glue_7t)
 .glue_7t       0x0800b97c        0x0 linker stubs
 *(.eh_frame)
 .eh_frame      0x0800b97c        0x0 d:/aboutstm32/truestudio/truestudio for stm32 9.3.0/armtools/bin/../lib/gcc/arm-atollic-eabi/6.3.1/armv7-m/crtbegin.o
 *(.init)
 .init          0x0800b97c        0x4 d:/aboutstm32/truestudio/truestudio for stm32 9.3.0/armtools/bin/../lib/gcc/arm-atollic-eabi/6.3.1/armv7-m/crti.o
                0x0800b97c                _init
 .init          0x0800b980        0x8 d:/aboutstm32/truestudio/truestudio for stm32 9.3.0/armtools/bin/../lib/gcc/arm-atollic-eabi/6.3.1/armv7-m/crtn.o
 *(.fini)
 .fini          0x0800b988        0x4 d:/aboutstm32/truestudio/truestudio for stm32 9.3.0/armtools/bin/../lib/gcc/arm-atollic-eabi/6.3.1/armv7-m/crti.o
                0x0800b988                _fini
 .fini          0x0800b98c        0x8 d:/aboutstm32/truestudio/truestudio for stm32 9.3.0/armtools/bin/../lib/gcc/arm-atollic-eabi/6.3.1/armv7-m/crtn.o
                0x0800b994                . = ALIGN (0x4)
                0x0800b994                _etext = .

.vfp11_veneer   0x0800b994        0x0
 .vfp11_veneer  0x0800b994        0x0 linker stubs

.v4_bx          0x0800b994        0x0
 .v4_bx         0x0800b994        0x0 linker stubs

.iplt           0x0800b994        0x0
 .iplt          0x0800b994        0x0 d:/aboutstm32/truestudio/truestudio for stm32 9.3.0/armtools/bin/../lib/gcc/arm-atollic-eabi/6.3.1/armv7-m/crtbegin.o

.rodata         0x0800b998      0x928
                0x0800b998                . = ALIGN (0x4)
 *(.rodata)
 .rodata        0x0800b998       0x11 App\Loyer_74HC165\L74hc165.o
 *fill*         0x0800b9a9        0x3 
 .rodata        0x0800b9ac        0xb App\Tim\tim4.o
 *fill*         0x0800b9b7        0x1 
 .rodata        0x0800b9b8      0x188 App\module_4G\usart_4G.o
 .rodata        0x0800bb40        0xb App\motor\motor.o
 *fill*         0x0800bb4b        0x1 
 .rodata        0x0800bb4c       0x2f App\powerBank\bat_usart.o
 *fill*         0x0800bb7b        0x1 
 .rodata        0x0800bb7c       0x50 App\tcp\public\tcp_public.o
 .rodata        0x0800bbcc       0x73 App\tcp\tcp_process.o
 *fill*         0x0800bc3f        0x1 
 .rodata        0x0800bc40       0x41 App\util\base64.o
 *fill*         0x0800bc81        0x3 
 .rodata        0x0800bc84      0x19e App\wifi\wifi.o
 *fill*         0x0800be22        0x2 
 .rodata        0x0800be24      0x146 Public\usart.o
 *fill*         0x0800bf6a        0x2 
 .rodata        0x0800bf6c       0x25 src\main.o
 *(.rodata*)
 *fill*         0x0800bf91        0x3 
 .rodata.bat_statuBuf
                0x0800bf94       0x10 App\powerBank\bat_usart.o
                0x0800bf94                bat_statuBuf
 .rodata._puts_r.str1.1
                0x0800bfa4        0x2 d:/aboutstm32/truestudio/truestudio for stm32 9.3.0/armtools/bin/../lib/gcc/arm-atollic-eabi/6.3.1/../../../../arm-atollic-eabi/lib/armv7-m\libc.a(lib_a-puts.o)
 .rodata._svfprintf_r.str1.1
                0x0800bfa6       0x34 d:/aboutstm32/truestudio/truestudio for stm32 9.3.0/armtools/bin/../lib/gcc/arm-atollic-eabi/6.3.1/../../../../arm-atollic-eabi/lib/armv7-m\libc.a(lib_a-svfprintf.o)
 .rodata.blanks.7236
                0x0800bfda       0x10 d:/aboutstm32/truestudio/truestudio for stm32 9.3.0/armtools/bin/../lib/gcc/arm-atollic-eabi/6.3.1/../../../../arm-atollic-eabi/lib/armv7-m\libc.a(lib_a-svfprintf.o)
 .rodata.zeroes.7237
                0x0800bfea       0x10 d:/aboutstm32/truestudio/truestudio for stm32 9.3.0/armtools/bin/../lib/gcc/arm-atollic-eabi/6.3.1/../../../../arm-atollic-eabi/lib/armv7-m\libc.a(lib_a-svfprintf.o)
 .rodata.__utoa.str1.1
                0x0800bffa       0x25 d:/aboutstm32/truestudio/truestudio for stm32 9.3.0/armtools/bin/../lib/gcc/arm-atollic-eabi/6.3.1/../../../../arm-atollic-eabi/lib/armv7-m\libc.a(lib_a-utoa.o)
 .rodata._vfprintf_r.str1.1
                0x0800c01f       0x34 d:/aboutstm32/truestudio/truestudio for stm32 9.3.0/armtools/bin/../lib/gcc/arm-atollic-eabi/6.3.1/../../../../arm-atollic-eabi/lib/armv7-m\libc.a(lib_a-vfprintf.o)
 .rodata.blanks.7251
                0x0800c01f       0x10 d:/aboutstm32/truestudio/truestudio for stm32 9.3.0/armtools/bin/../lib/gcc/arm-atollic-eabi/6.3.1/../../../../arm-atollic-eabi/lib/armv7-m\libc.a(lib_a-vfprintf.o)
 .rodata.zeroes.7252
                0x0800c02f       0x10 d:/aboutstm32/truestudio/truestudio for stm32 9.3.0/armtools/bin/../lib/gcc/arm-atollic-eabi/6.3.1/../../../../arm-atollic-eabi/lib/armv7-m\libc.a(lib_a-vfprintf.o)
 .rodata._dtoa_r.str1.1
                0x0800c03f        0xd d:/aboutstm32/truestudio/truestudio for stm32 9.3.0/armtools/bin/../lib/gcc/arm-atollic-eabi/6.3.1/../../../../arm-atollic-eabi/lib/armv7-m\libc.a(lib_a-dtoa.o)
                                  0xf (size before relaxing)
 .rodata.__sf_fake_stderr
                0x0800c04c       0x20 d:/aboutstm32/truestudio/truestudio for stm32 9.3.0/armtools/bin/../lib/gcc/arm-atollic-eabi/6.3.1/../../../../arm-atollic-eabi/lib/armv7-m\libc.a(lib_a-findfp.o)
                0x0800c04c                __sf_fake_stderr
 .rodata.__sf_fake_stdin
                0x0800c06c       0x20 d:/aboutstm32/truestudio/truestudio for stm32 9.3.0/armtools/bin/../lib/gcc/arm-atollic-eabi/6.3.1/../../../../arm-atollic-eabi/lib/armv7-m\libc.a(lib_a-findfp.o)
                0x0800c06c                __sf_fake_stdin
 .rodata.__sf_fake_stdout
                0x0800c08c       0x20 d:/aboutstm32/truestudio/truestudio for stm32 9.3.0/armtools/bin/../lib/gcc/arm-atollic-eabi/6.3.1/../../../../arm-atollic-eabi/lib/armv7-m\libc.a(lib_a-findfp.o)
                0x0800c08c                __sf_fake_stdout
 .rodata._global_impure_ptr
                0x0800c0ac        0x4 d:/aboutstm32/truestudio/truestudio for stm32 9.3.0/armtools/bin/../lib/gcc/arm-atollic-eabi/6.3.1/../../../../arm-atollic-eabi/lib/armv7-m\libc.a(lib_a-impure.o)
                0x0800c0ac                _global_impure_ptr
 .rodata._setlocale_r.str1.1
                0x0800c0b0        0x8 d:/aboutstm32/truestudio/truestudio for stm32 9.3.0/armtools/bin/../lib/gcc/arm-atollic-eabi/6.3.1/../../../../arm-atollic-eabi/lib/armv7-m\libc.a(lib_a-locale.o)
                                  0x9 (size before relaxing)
 .rodata.str1.1
                0x0800c0b8        0x2 d:/aboutstm32/truestudio/truestudio for stm32 9.3.0/armtools/bin/../lib/gcc/arm-atollic-eabi/6.3.1/../../../../arm-atollic-eabi/lib/armv7-m\libc.a(lib_a-locale.o)
 *fill*         0x0800c0ba        0x6 
 .rodata.__mprec_bigtens
                0x0800c0c0       0x28 d:/aboutstm32/truestudio/truestudio for stm32 9.3.0/armtools/bin/../lib/gcc/arm-atollic-eabi/6.3.1/../../../../arm-atollic-eabi/lib/armv7-m\libc.a(lib_a-mprec.o)
                0x0800c0c0                __mprec_bigtens
 .rodata.__mprec_tens
                0x0800c0e8       0xc8 d:/aboutstm32/truestudio/truestudio for stm32 9.3.0/armtools/bin/../lib/gcc/arm-atollic-eabi/6.3.1/../../../../arm-atollic-eabi/lib/armv7-m\libc.a(lib_a-mprec.o)
                0x0800c0e8                __mprec_tens
 .rodata.p05.6073
                0x0800c1b0        0xc d:/aboutstm32/truestudio/truestudio for stm32 9.3.0/armtools/bin/../lib/gcc/arm-atollic-eabi/6.3.1/../../../../arm-atollic-eabi/lib/armv7-m\libc.a(lib_a-mprec.o)
 .rodata._ctype_
                0x0800c1bc      0x101 d:/aboutstm32/truestudio/truestudio for stm32 9.3.0/armtools/bin/../lib/gcc/arm-atollic-eabi/6.3.1/../../../../arm-atollic-eabi/lib/armv7-m\libc.a(lib_a-ctype_.o)
                0x0800c1bc                _ctype_
                0x0800c2c0                . = ALIGN (0x4)
 *fill*         0x0800c2bd        0x3 

.ARM.extab
 *(.ARM.extab* .gnu.linkonce.armextab.*)

.ARM            0x0800c2c0        0x8
                0x0800c2c0                __exidx_start = .
 *(.ARM.exidx*)
 .ARM.exidx     0x0800c2c0        0x8 d:/aboutstm32/truestudio/truestudio for stm32 9.3.0/armtools/bin/../lib/gcc/arm-atollic-eabi/6.3.1/armv7-m\libgcc.a(_udivmoddi4.o)
                0x0800c2c8                __exidx_end = .

.rel.dyn        0x0800c2c8        0x0
 .rel.iplt      0x0800c2c8        0x0 d:/aboutstm32/truestudio/truestudio for stm32 9.3.0/armtools/bin/../lib/gcc/arm-atollic-eabi/6.3.1/armv7-m/crtbegin.o

.preinit_array  0x0800c2c8        0x0
                0x0800c2c8                PROVIDE (__preinit_array_start, .)
 *(.preinit_array*)
                0x0800c2c8                PROVIDE (__preinit_array_end, .)

.init_array     0x0800c2c8        0x4
                0x0800c2c8                PROVIDE (__init_array_start, .)
 *(SORT(.init_array.*))
 *(.init_array*)
 .init_array    0x0800c2c8        0x4 d:/aboutstm32/truestudio/truestudio for stm32 9.3.0/armtools/bin/../lib/gcc/arm-atollic-eabi/6.3.1/armv7-m/crtbegin.o
                0x0800c2cc                PROVIDE (__init_array_end, .)

.fini_array     0x0800c2cc        0x4
                [!provide]                PROVIDE (__fini_array_start, .)
 *(SORT(.fini_array.*))
 *(.fini_array*)
 .fini_array    0x0800c2cc        0x4 d:/aboutstm32/truestudio/truestudio for stm32 9.3.0/armtools/bin/../lib/gcc/arm-atollic-eabi/6.3.1/armv7-m/crtbegin.o
                [!provide]                PROVIDE (__fini_array_end, .)
                0x0800c2d0                _sidata = LOADADDR (.data)

.data           0x20000000      0x6a8 load address 0x0800c2d0
                0x20000000                . = ALIGN (0x4)
                0x20000000                _sdata = .
 *(.data)
 *(.data*)
 .data.key_statu
                0x20000000        0x2 App\Loyer_74HC165\L74hc165.o
                0x20000000                key_statu
 .data.old_statu.7601
                0x20000002        0x2 App\Loyer_74HC165\L74hc165.o
 .data.curPort  0x20000004        0x1 App\Tim\tim4.o
                0x20000004                curPort
 *fill*         0x20000005        0x3 
 .data.heart    0x20000008        0x4 App\tcp\tcp_process.o
                0x20000008                heart
 .data.base64char
                0x2000000c        0x4 App\util\base64.o
                0x2000000c                base64char
 .data.APBAHBPrescTable
                0x20000010       0x10 Libraries\STM32F10x_StdPeriph_Driver\src\stm32f10x_rcc.o
 .data.ADCPrescTable
                0x20000020        0x4 Libraries\STM32F10x_StdPeriph_Driver\src\stm32f10x_rcc.o
 .data.malloc_cortol
                0x20000024       0x14 MALLOC\malloc.o
                0x20000024                malloc_cortol
 .data._impure_ptr
                0x20000038        0x4 d:/aboutstm32/truestudio/truestudio for stm32 9.3.0/armtools/bin/../lib/gcc/arm-atollic-eabi/6.3.1/../../../../arm-atollic-eabi/lib/armv7-m\libc.a(lib_a-impure.o)
                0x20000038                _impure_ptr
 .data.impure_data
                0x2000003c       0xf0 d:/aboutstm32/truestudio/truestudio for stm32 9.3.0/armtools/bin/../lib/gcc/arm-atollic-eabi/6.3.1/../../../../arm-atollic-eabi/lib/armv7-m\libc.a(lib_a-impure.o)
 .data.__global_locale
                0x2000012c      0x16c d:/aboutstm32/truestudio/truestudio for stm32 9.3.0/armtools/bin/../lib/gcc/arm-atollic-eabi/6.3.1/../../../../arm-atollic-eabi/lib/armv7-m\libc.a(lib_a-locale.o)
                0x2000012c                __global_locale
 .data.__malloc_av_
                0x20000298      0x408 d:/aboutstm32/truestudio/truestudio for stm32 9.3.0/armtools/bin/../lib/gcc/arm-atollic-eabi/6.3.1/../../../../arm-atollic-eabi/lib/armv7-m\libc.a(lib_a-mallocr.o)
                0x20000298                __malloc_av_
 .data.__malloc_sbrk_base
                0x200006a0        0x4 d:/aboutstm32/truestudio/truestudio for stm32 9.3.0/armtools/bin/../lib/gcc/arm-atollic-eabi/6.3.1/../../../../arm-atollic-eabi/lib/armv7-m\libc.a(lib_a-mallocr.o)
                0x200006a0                __malloc_sbrk_base
 .data.__malloc_trim_threshold
                0x200006a4        0x4 d:/aboutstm32/truestudio/truestudio for stm32 9.3.0/armtools/bin/../lib/gcc/arm-atollic-eabi/6.3.1/../../../../arm-atollic-eabi/lib/armv7-m\libc.a(lib_a-mallocr.o)
                0x200006a4                __malloc_trim_threshold
                0x200006a8                . = ALIGN (0x4)
                0x200006a8                _edata = .

.igot.plt       0x200006a8        0x0 load address 0x0800c978
 .igot.plt      0x200006a8        0x0 d:/aboutstm32/truestudio/truestudio for stm32 9.3.0/armtools/bin/../lib/gcc/arm-atollic-eabi/6.3.1/armv7-m/crtbegin.o
                0x200006a8                . = ALIGN (0x4)

.bss            0x200006c0     0xb0f0 load address 0x0800c978
                0x200006c0                _sbss = .
                0x200006c0                __bss_start__ = _sbss
 *(.bss)
 .bss           0x200006c0       0x1c d:/aboutstm32/truestudio/truestudio for stm32 9.3.0/armtools/bin/../lib/gcc/arm-atollic-eabi/6.3.1/armv7-m/crtbegin.o
 *(.bss*)
 .bss.HC595_STATUS
                0x200006dc       0x1a App\Loyer_74HC595\L74HC595.o
                0x200006dc                HC595_STATUS
 .bss.allowTCSamePort
                0x200006f6        0x1 App\Tim\tim4.o
                0x200006f6                allowTCSamePort
 .bss.allowModuleUpdate
                0x200006f7        0x1 App\Tim\tim4.o
                0x200006f7                allowModuleUpdate
 .bss.initCnt   0x200006f8        0x1 App\Tim\tim4.o
                0x200006f8                initCnt
 *fill*         0x200006f9        0x3 
 .bss.heartCnt  0x200006fc        0x4 App\Tim\tim4.o
                0x200006fc                heartCnt
 .bss.statuHeartCnt
                0x20000700        0x1 App\Tim\tim4.o
                0x20000700                statuHeartCnt
 *fill*         0x20000701        0x1 
 .bss.firstStatuHeartCnt
                0x20000702        0x2 App\Tim\tim4.o
                0x20000702                firstStatuHeartCnt
 .bss.checkCnt  0x20000704        0x1 App\Tim\tim4.o
                0x20000704                checkCnt
 *fill*         0x20000705        0x1 
 .bss.allowTCSamePortCnt
                0x20000706        0x2 App\Tim\tim4.o
                0x20000706                allowTCSamePortCnt
 .bss.WDeviceID
                0x20000708        0x4 App\flash\STMFlash.o
                0x20000708                WDeviceID
 .bss.RDeviceID
                0x2000070c        0x9 App\flash\STMFlash.o
                0x2000070c                RDeviceID
 *fill*         0x20000715        0x3 
 .bss.RVersion  0x20000718       0x15 App\flash\STMFlash.o
                0x20000718                RVersion
 *fill*         0x2000072d        0x3 
 .bss.APPServer
                0x20000730       0x65 App\flash\STMFlash.o
                0x20000730                APPServer
 *fill*         0x20000795        0x3 
 .bss.IgnoreLock
                0x20000798        0x6 App\flash\STMFlash.o
                0x20000798                IgnoreLock
 *fill*         0x2000079e        0x2 
 .bss.UART3_RX_BUF
                0x200007a0       0x17 App\powerBank\bat_usart.o
                0x200007a0                UART3_RX_BUF
 *fill*         0x200007b7        0x1 
 .bss.framMag   0x200007b8       0x12 App\powerBank\bat_usart.o
                0x200007b8                framMag
 *fill*         0x200007ca        0x2 
 .bss.powerbankStatu
                0x200007cc       0x82 App\powerBank\bat_usart.o
                0x200007cc                powerbankStatu
 *fill*         0x2000084e        0x2 
 .bss.TCP_Params
                0x20000850       0x60 App\tcp\public\tcp_public.o
                0x20000850                TCP_Params
 .bss.WIFI_Fram
                0x200008b0      0xa1c App\tcp\public\tcp_public.o
                0x200008b0                WIFI_Fram
 .bss.F4G_Fram  0x200012cc      0xa1c App\tcp\public\tcp_public.o
                0x200012cc                F4G_Fram
 .bss.RegisterParams
                0x20001ce8       0x39 App\tcp\public\tcp_public.o
                0x20001ce8                RegisterParams
 *fill*         0x20001d21        0x3 
 .bss.USART1_Fram
                0x20001d24      0xa1c App\tcp\public\tcp_public.o
                0x20001d24                USART1_Fram
 .bss.UART4_Read_len
                0x20002740        0x2 App\wifi\wifi.o
                0x20002740                UART4_Read_len
 .bss.fac_us    0x20002742        0x1 Public\systick.o
 *fill*         0x20002743        0x1 
 .bss.fac_ms    0x20002744        0x2 Public\systick.o
 *fill*         0x20002746        0x2 
 .bss.usart1TestBuf
                0x20002748       0x12 Public\usart.o
                0x20002748                usart1TestBuf
 *fill*         0x2000275a        0x2 
 .bss.heap_end.8347
                0x2000275c        0x4 src\syscalls.o
 .bss.__malloc_current_mallinfo
                0x20002760       0x28 d:/aboutstm32/truestudio/truestudio for stm32 9.3.0/armtools/bin/../lib/gcc/arm-atollic-eabi/6.3.1/../../../../arm-atollic-eabi/lib/armv7-m\libc.a(lib_a-mallocr.o)
                0x20002760                __malloc_current_mallinfo
 .bss.__malloc_max_sbrked_mem
                0x20002788        0x4 d:/aboutstm32/truestudio/truestudio for stm32 9.3.0/armtools/bin/../lib/gcc/arm-atollic-eabi/6.3.1/../../../../arm-atollic-eabi/lib/armv7-m\libc.a(lib_a-mallocr.o)
                0x20002788                __malloc_max_sbrked_mem
 .bss.__malloc_max_total_mem
                0x2000278c        0x4 d:/aboutstm32/truestudio/truestudio for stm32 9.3.0/armtools/bin/../lib/gcc/arm-atollic-eabi/6.3.1/../../../../arm-atollic-eabi/lib/armv7-m\libc.a(lib_a-mallocr.o)
                0x2000278c                __malloc_max_total_mem
 .bss.__malloc_top_pad
                0x20002790        0x4 d:/aboutstm32/truestudio/truestudio for stm32 9.3.0/armtools/bin/../lib/gcc/arm-atollic-eabi/6.3.1/../../../../arm-atollic-eabi/lib/armv7-m\libc.a(lib_a-mallocr.o)
                0x20002790                __malloc_top_pad
 *(COMMON)
 COMMON         0x20002794      0x800 App\flash\STMFlash.o
                0x20002794                STMFLASH_BUF
 *fill*         0x20002f94        0xc 
 COMMON         0x20002fa0     0x8800 MALLOC\malloc.o
                0x20002fa0                mem1mapbase
                0x200037a0                mem1base
 COMMON         0x2000b7a0        0x4 d:/aboutstm32/truestudio/truestudio for stm32 9.3.0/armtools/bin/../lib/gcc/arm-atollic-eabi/6.3.1/../../../../arm-atollic-eabi/lib/armv7-m\libc.a(lib_a-reent.o)
                0x2000b7a0                errno
 COMMON         0x2000b7a4        0x9 d:/aboutstm32/truestudio/truestudio for stm32 9.3.0/armtools/bin/../lib/gcc/arm-atollic-eabi/6.3.1/../../../../arm-atollic-eabi/lib/armv7-m\libc.a(lib_a-lock.o)
                0x2000b7a4                __lock___atexit_recursive_mutex
                0x2000b7a5                __lock___arc4random_mutex
                0x2000b7a6                __lock___env_recursive_mutex
                0x2000b7a7                __lock___sinit_recursive_mutex
                0x2000b7a8                __lock___malloc_recursive_mutex
                0x2000b7a9                __lock___at_quick_exit_mutex
                0x2000b7aa                __lock___dd_hash_mutex
                0x2000b7ab                __lock___tz_mutex
                0x2000b7ac                __lock___sfp_recursive_mutex
                0x2000b7b0                . = ALIGN (0x4)
 *fill*         0x2000b7ad        0x3 
                0x2000b7b0                _ebss = .
                0x2000b7b0                __bss_end__ = _ebss

._user_heap_stack
                0x2000b7b0      0x200 load address 0x0800c978
                0x2000b7b0                . = ALIGN (0x4)
                0x2000b7b0                PROVIDE (end, .)
                [!provide]                PROVIDE (_end, .)
                0x2000b7b0                . = (. + _Min_Heap_Size)
                0x2000b9b0                . = (. + _Min_Stack_Size)
 *fill*         0x2000b7b0      0x200 
                0x2000b9b0                . = ALIGN (0x4)

.memory_b1_text
 *(.mb1text)
 *(.mb1text*)
 *(.mb1rodata)
 *(.mb1rodata*)

/DISCARD/
 libc.a(*)
 libm.a(*)
 libgcc.a(*)

.ARM.attributes
                0x00000000       0x29
 *(.ARM.attributes)
 .ARM.attributes
                0x00000000       0x1d d:/aboutstm32/truestudio/truestudio for stm32 9.3.0/armtools/bin/../lib/gcc/arm-atollic-eabi/6.3.1/armv7-m/crti.o
 .ARM.attributes
                0x0000001d       0x2d d:/aboutstm32/truestudio/truestudio for stm32 9.3.0/armtools/bin/../lib/gcc/arm-atollic-eabi/6.3.1/armv7-m/crtbegin.o
 .ARM.attributes
                0x0000004a       0x33 App\Loyer_74HC165\L74hc165.o
 .ARM.attributes
                0x0000007d       0x33 App\Loyer_74HC595\L74HC595.o
 .ARM.attributes
                0x000000b0       0x33 App\Tim\task.o
 .ARM.attributes
                0x000000e3       0x33 App\Tim\tim4.o
 .ARM.attributes
                0x00000116       0x33 App\audio\audio.o
 .ARM.attributes
                0x00000149       0x33 App\flash\STMFlash.o
 .ARM.attributes
                0x0000017c       0x33 App\led\led.o
 .ARM.attributes
                0x000001af       0x33 App\module_4G\usart_4G.o
 .ARM.attributes
                0x000001e2       0x33 App\motor\motor.o
 .ARM.attributes
                0x00000215       0x33 App\powerBank\bat_usart.o
 .ARM.attributes
                0x00000248       0x33 App\powerBank\charge.o
 .ARM.attributes
                0x0000027b       0x33 App\tcp\public\tcp_public.o
 .ARM.attributes
                0x000002ae       0x33 App\tcp\tcp_process.o
 .ARM.attributes
                0x000002e1       0x33 App\util\base64.o
 .ARM.attributes
                0x00000314       0x33 App\wifi\wifi.o
 .ARM.attributes
                0x00000347       0x33 Libraries\STM32F10x_StdPeriph_Driver\src\misc.o
 .ARM.attributes
                0x0000037a       0x33 Libraries\STM32F10x_StdPeriph_Driver\src\stm32f10x_flash.o
 .ARM.attributes
                0x000003ad       0x33 Libraries\STM32F10x_StdPeriph_Driver\src\stm32f10x_gpio.o
 .ARM.attributes
                0x000003e0       0x33 Libraries\STM32F10x_StdPeriph_Driver\src\stm32f10x_rcc.o
 .ARM.attributes
                0x00000413       0x33 Libraries\STM32F10x_StdPeriph_Driver\src\stm32f10x_tim.o
 .ARM.attributes
                0x00000446       0x33 Libraries\STM32F10x_StdPeriph_Driver\src\stm32f10x_usart.o
 .ARM.attributes
                0x00000479       0x33 MALLOC\malloc.o
 .ARM.attributes
                0x000004ac       0x33 Public\systick.o
 .ARM.attributes
                0x000004df       0x33 Public\usart.o
 .ARM.attributes
                0x00000512       0x33 src\main.o
 .ARM.attributes
                0x00000545       0x21 src\startup_stm32f10x_hd.o
 .ARM.attributes
                0x00000566       0x33 src\stm32f1xx_it.o
 .ARM.attributes
                0x00000599       0x33 src\syscalls.o
 .ARM.attributes
                0x000005cc       0x33 src\system_stm32f10x.o
 .ARM.attributes
                0x000005ff       0x2d d:/aboutstm32/truestudio/truestudio for stm32 9.3.0/armtools/bin/../lib/gcc/arm-atollic-eabi/6.3.1/../../../../arm-atollic-eabi/lib/armv7-m\libc.a(lib_a-atoi.o)
 .ARM.attributes
                0x0000062c       0x2d d:/aboutstm32/truestudio/truestudio for stm32 9.3.0/armtools/bin/../lib/gcc/arm-atollic-eabi/6.3.1/../../../../arm-atollic-eabi/lib/armv7-m\libc.a(lib_a-init.o)
 .ARM.attributes
                0x00000659       0x2d d:/aboutstm32/truestudio/truestudio for stm32 9.3.0/armtools/bin/../lib/gcc/arm-atollic-eabi/6.3.1/../../../../arm-atollic-eabi/lib/armv7-m\libc.a(lib_a-itoa.o)
 .ARM.attributes
                0x00000686       0x2d d:/aboutstm32/truestudio/truestudio for stm32 9.3.0/armtools/bin/../lib/gcc/arm-atollic-eabi/6.3.1/../../../../arm-atollic-eabi/lib/armv7-m\libc.a(lib_a-memcpy-stub.o)
 .ARM.attributes
                0x000006b3       0x2d d:/aboutstm32/truestudio/truestudio for stm32 9.3.0/armtools/bin/../lib/gcc/arm-atollic-eabi/6.3.1/../../../../arm-atollic-eabi/lib/armv7-m\libc.a(lib_a-memset.o)
 .ARM.attributes
                0x000006e0       0x2d d:/aboutstm32/truestudio/truestudio for stm32 9.3.0/armtools/bin/../lib/gcc/arm-atollic-eabi/6.3.1/../../../../arm-atollic-eabi/lib/armv7-m\libc.a(lib_a-printf.o)
 .ARM.attributes
                0x0000070d       0x2d d:/aboutstm32/truestudio/truestudio for stm32 9.3.0/armtools/bin/../lib/gcc/arm-atollic-eabi/6.3.1/../../../../arm-atollic-eabi/lib/armv7-m\libc.a(lib_a-puts.o)
 .ARM.attributes
                0x0000073a       0x2d d:/aboutstm32/truestudio/truestudio for stm32 9.3.0/armtools/bin/../lib/gcc/arm-atollic-eabi/6.3.1/../../../../arm-atollic-eabi/lib/armv7-m\libc.a(lib_a-reent.o)
 .ARM.attributes
                0x00000767       0x2d d:/aboutstm32/truestudio/truestudio for stm32 9.3.0/armtools/bin/../lib/gcc/arm-atollic-eabi/6.3.1/../../../../arm-atollic-eabi/lib/armv7-m\libc.a(lib_a-snprintf.o)
 .ARM.attributes
                0x00000794       0x2d d:/aboutstm32/truestudio/truestudio for stm32 9.3.0/armtools/bin/../lib/gcc/arm-atollic-eabi/6.3.1/../../../../arm-atollic-eabi/lib/armv7-m\libc.a(lib_a-sprintf.o)
 .ARM.attributes
                0x000007c1       0x2d d:/aboutstm32/truestudio/truestudio for stm32 9.3.0/armtools/bin/../lib/gcc/arm-atollic-eabi/6.3.1/../../../../arm-atollic-eabi/lib/armv7-m\libc.a(lib_a-strcat.o)
 .ARM.attributes
                0x000007ee       0x2d d:/aboutstm32/truestudio/truestudio for stm32 9.3.0/armtools/bin/../lib/gcc/arm-atollic-eabi/6.3.1/../../../../arm-atollic-eabi/lib/armv7-m\libc.a(lib_a-strchr.o)
 .ARM.attributes
                0x0000081b       0x1b d:/aboutstm32/truestudio/truestudio for stm32 9.3.0/armtools/bin/../lib/gcc/arm-atollic-eabi/6.3.1/../../../../arm-atollic-eabi/lib/armv7-m\libc.a(lib_a-strcmp.o)
 .ARM.attributes
                0x00000836       0x2d d:/aboutstm32/truestudio/truestudio for stm32 9.3.0/armtools/bin/../lib/gcc/arm-atollic-eabi/6.3.1/../../../../arm-atollic-eabi/lib/armv7-m\libc.a(lib_a-strcpy.o)
 .ARM.attributes
                0x00000863       0x17 d:/aboutstm32/truestudio/truestudio for stm32 9.3.0/armtools/bin/../lib/gcc/arm-atollic-eabi/6.3.1/../../../../arm-atollic-eabi/lib/armv7-m\libc.a(lib_a-strlen.o)
 .ARM.attributes
                0x0000087a       0x2d d:/aboutstm32/truestudio/truestudio for stm32 9.3.0/armtools/bin/../lib/gcc/arm-atollic-eabi/6.3.1/../../../../arm-atollic-eabi/lib/armv7-m\libc.a(lib_a-strncat.o)
 .ARM.attributes
                0x000008a7       0x2d d:/aboutstm32/truestudio/truestudio for stm32 9.3.0/armtools/bin/../lib/gcc/arm-atollic-eabi/6.3.1/../../../../arm-atollic-eabi/lib/armv7-m\libc.a(lib_a-strncmp.o)
 .ARM.attributes
                0x000008d4       0x2d d:/aboutstm32/truestudio/truestudio for stm32 9.3.0/armtools/bin/../lib/gcc/arm-atollic-eabi/6.3.1/../../../../arm-atollic-eabi/lib/armv7-m\libc.a(lib_a-strncpy.o)
 .ARM.attributes
                0x00000901       0x2d d:/aboutstm32/truestudio/truestudio for stm32 9.3.0/armtools/bin/../lib/gcc/arm-atollic-eabi/6.3.1/../../../../arm-atollic-eabi/lib/armv7-m\libc.a(lib_a-strstr.o)
 .ARM.attributes
                0x0000092e       0x2d d:/aboutstm32/truestudio/truestudio for stm32 9.3.0/armtools/bin/../lib/gcc/arm-atollic-eabi/6.3.1/../../../../arm-atollic-eabi/lib/armv7-m\libc.a(lib_a-strtok.o)
 .ARM.attributes
                0x0000095b       0x2d d:/aboutstm32/truestudio/truestudio for stm32 9.3.0/armtools/bin/../lib/gcc/arm-atollic-eabi/6.3.1/../../../../arm-atollic-eabi/lib/armv7-m\libc.a(lib_a-strtok_r.o)
 .ARM.attributes
                0x00000988       0x2d d:/aboutstm32/truestudio/truestudio for stm32 9.3.0/armtools/bin/../lib/gcc/arm-atollic-eabi/6.3.1/../../../../arm-atollic-eabi/lib/armv7-m\libc.a(lib_a-strtol.o)
 .ARM.attributes
                0x000009b5       0x2d d:/aboutstm32/truestudio/truestudio for stm32 9.3.0/armtools/bin/../lib/gcc/arm-atollic-eabi/6.3.1/../../../../arm-atollic-eabi/lib/armv7-m\libc.a(lib_a-svfprintf.o)
 .ARM.attributes
                0x000009e2       0x2d d:/aboutstm32/truestudio/truestudio for stm32 9.3.0/armtools/bin/../lib/gcc/arm-atollic-eabi/6.3.1/../../../../arm-atollic-eabi/lib/armv7-m\libc.a(lib_a-utoa.o)
 .ARM.attributes
                0x00000a0f       0x2d d:/aboutstm32/truestudio/truestudio for stm32 9.3.0/armtools/bin/../lib/gcc/arm-atollic-eabi/6.3.1/../../../../arm-atollic-eabi/lib/armv7-m\libc.a(lib_a-vfprintf.o)
 .ARM.attributes
                0x00000a3c       0x2d d:/aboutstm32/truestudio/truestudio for stm32 9.3.0/armtools/bin/../lib/gcc/arm-atollic-eabi/6.3.1/../../../../arm-atollic-eabi/lib/armv7-m\libc.a(lib_a-wsetup.o)
 .ARM.attributes
                0x00000a69       0x2d d:/aboutstm32/truestudio/truestudio for stm32 9.3.0/armtools/bin/../lib/gcc/arm-atollic-eabi/6.3.1/../../../../arm-atollic-eabi/lib/armv7-m\libc.a(lib_a-dtoa.o)
 .ARM.attributes
                0x00000a96       0x2d d:/aboutstm32/truestudio/truestudio for stm32 9.3.0/armtools/bin/../lib/gcc/arm-atollic-eabi/6.3.1/../../../../arm-atollic-eabi/lib/armv7-m\libc.a(lib_a-fflush.o)
 .ARM.attributes
                0x00000ac3       0x2d d:/aboutstm32/truestudio/truestudio for stm32 9.3.0/armtools/bin/../lib/gcc/arm-atollic-eabi/6.3.1/../../../../arm-atollic-eabi/lib/armv7-m\libc.a(lib_a-findfp.o)
 .ARM.attributes
                0x00000af0       0x2d d:/aboutstm32/truestudio/truestudio for stm32 9.3.0/armtools/bin/../lib/gcc/arm-atollic-eabi/6.3.1/../../../../arm-atollic-eabi/lib/armv7-m\libc.a(lib_a-freer.o)
 .ARM.attributes
                0x00000b1d       0x2d d:/aboutstm32/truestudio/truestudio for stm32 9.3.0/armtools/bin/../lib/gcc/arm-atollic-eabi/6.3.1/../../../../arm-atollic-eabi/lib/armv7-m\libc.a(lib_a-fvwrite.o)
 .ARM.attributes
                0x00000b4a       0x2d d:/aboutstm32/truestudio/truestudio for stm32 9.3.0/armtools/bin/../lib/gcc/arm-atollic-eabi/6.3.1/../../../../arm-atollic-eabi/lib/armv7-m\libc.a(lib_a-fwalk.o)
 .ARM.attributes
                0x00000b77       0x2d d:/aboutstm32/truestudio/truestudio for stm32 9.3.0/armtools/bin/../lib/gcc/arm-atollic-eabi/6.3.1/../../../../arm-atollic-eabi/lib/armv7-m\libc.a(lib_a-impure.o)
 .ARM.attributes
                0x00000ba4       0x2d d:/aboutstm32/truestudio/truestudio for stm32 9.3.0/armtools/bin/../lib/gcc/arm-atollic-eabi/6.3.1/../../../../arm-atollic-eabi/lib/armv7-m\libc.a(lib_a-locale.o)
 .ARM.attributes
                0x00000bd1       0x2d d:/aboutstm32/truestudio/truestudio for stm32 9.3.0/armtools/bin/../lib/gcc/arm-atollic-eabi/6.3.1/../../../../arm-atollic-eabi/lib/armv7-m\libc.a(lib_a-localeconv.o)
 .ARM.attributes
                0x00000bfe       0x2d d:/aboutstm32/truestudio/truestudio for stm32 9.3.0/armtools/bin/../lib/gcc/arm-atollic-eabi/6.3.1/../../../../arm-atollic-eabi/lib/armv7-m\libc.a(lib_a-lock.o)
 .ARM.attributes
                0x00000c2b       0x2d d:/aboutstm32/truestudio/truestudio for stm32 9.3.0/armtools/bin/../lib/gcc/arm-atollic-eabi/6.3.1/../../../../arm-atollic-eabi/lib/armv7-m\libc.a(lib_a-makebuf.o)
 .ARM.attributes
                0x00000c58       0x2d d:/aboutstm32/truestudio/truestudio for stm32 9.3.0/armtools/bin/../lib/gcc/arm-atollic-eabi/6.3.1/../../../../arm-atollic-eabi/lib/armv7-m\libc.a(lib_a-malloc.o)
 .ARM.attributes
                0x00000c85       0x2d d:/aboutstm32/truestudio/truestudio for stm32 9.3.0/armtools/bin/../lib/gcc/arm-atollic-eabi/6.3.1/../../../../arm-atollic-eabi/lib/armv7-m\libc.a(lib_a-mallocr.o)
 .ARM.attributes
                0x00000cb2       0x2d d:/aboutstm32/truestudio/truestudio for stm32 9.3.0/armtools/bin/../lib/gcc/arm-atollic-eabi/6.3.1/../../../../arm-atollic-eabi/lib/armv7-m\libc.a(lib_a-mbtowc_r.o)
 .ARM.attributes
                0x00000cdf       0x2d d:/aboutstm32/truestudio/truestudio for stm32 9.3.0/armtools/bin/../lib/gcc/arm-atollic-eabi/6.3.1/../../../../arm-atollic-eabi/lib/armv7-m\libc.a(lib_a-memchr-stub.o)
 .ARM.attributes
                0x00000d0c       0x2d d:/aboutstm32/truestudio/truestudio for stm32 9.3.0/armtools/bin/../lib/gcc/arm-atollic-eabi/6.3.1/../../../../arm-atollic-eabi/lib/armv7-m\libc.a(lib_a-memmove.o)
 .ARM.attributes
                0x00000d39       0x2d d:/aboutstm32/truestudio/truestudio for stm32 9.3.0/armtools/bin/../lib/gcc/arm-atollic-eabi/6.3.1/../../../../arm-atollic-eabi/lib/armv7-m\libc.a(lib_a-mlock.o)
 .ARM.attributes
                0x00000d66       0x2d d:/aboutstm32/truestudio/truestudio for stm32 9.3.0/armtools/bin/../lib/gcc/arm-atollic-eabi/6.3.1/../../../../arm-atollic-eabi/lib/armv7-m\libc.a(lib_a-mprec.o)
 .ARM.attributes
                0x00000d93       0x2d d:/aboutstm32/truestudio/truestudio for stm32 9.3.0/armtools/bin/../lib/gcc/arm-atollic-eabi/6.3.1/../../../../arm-atollic-eabi/lib/armv7-m\libc.a(lib_a-reallocr.o)
 .ARM.attributes
                0x00000dc0       0x2d d:/aboutstm32/truestudio/truestudio for stm32 9.3.0/armtools/bin/../lib/gcc/arm-atollic-eabi/6.3.1/../../../../arm-atollic-eabi/lib/armv7-m\libc.a(lib_a-sbrkr.o)
 .ARM.attributes
                0x00000ded       0x2d d:/aboutstm32/truestudio/truestudio for stm32 9.3.0/armtools/bin/../lib/gcc/arm-atollic-eabi/6.3.1/../../../../arm-atollic-eabi/lib/armv7-m\libc.a(lib_a-stdio.o)
 .ARM.attributes
                0x00000e1a       0x2d d:/aboutstm32/truestudio/truestudio for stm32 9.3.0/armtools/bin/../lib/gcc/arm-atollic-eabi/6.3.1/../../../../arm-atollic-eabi/lib/armv7-m\libc.a(lib_a-svfiprintf.o)
 .ARM.attributes
                0x00000e47       0x2d d:/aboutstm32/truestudio/truestudio for stm32 9.3.0/armtools/bin/../lib/gcc/arm-atollic-eabi/6.3.1/../../../../arm-atollic-eabi/lib/armv7-m\libc.a(lib_a-vfiprintf.o)
 .ARM.attributes
                0x00000e74       0x2d d:/aboutstm32/truestudio/truestudio for stm32 9.3.0/armtools/bin/../lib/gcc/arm-atollic-eabi/6.3.1/../../../../arm-atollic-eabi/lib/armv7-m\libc.a(lib_a-wctomb_r.o)
 .ARM.attributes