core_cm3.h:1107:22:NVIC_SystemReset	4	static
usart_4G.c:9:6:USART2_Init	40	static
usart_4G.c:52:6:F4G_Init	40	static
usart_4G.c:138:6:USART2_IRQHandler	16	static
usart_4G.c:201:6:split	24	static
usart_4G.c:228:6:ConnectToServerBy4G	32	static
usart_4G.c:274:6:F4G_sendStr	24	static
usart_4G.c:294:6:F4G_ExitUnvarnishSend	8	static
usart_4G.c:301:6:getModuleMes	24	static
usart_4G.c:366:6:communicateWithHost	64	static
usart_4G.c:375:6:catRequestStr	40	static
usart_4G.c:387:6:request	144	static
usart_4G.c:395:6:response2reset	144	static
usart_4G.c:406:6:common_heart	16	static
usart_4G.c:425:6:statu_heart	312	static
usart_4G.c:444:6:dd_tc	304	static
usart_4G.c:460:6:sys_tc	296	static
usart_4G.c:474:6:currentPortStatuChanged	288	static
usart_4G.c:486:7:Int2Strs	16	static
usart_4G.c:497:6:request2Server	16	static
